Archive member included because of file (symbol)

../../ecrobot/../ecrobot/libecrobot.a(ecrobot_interface.o)
                              build/lineFollower.o (ecrobot_process_bg_nxtcolorsensor)
../../ecrobot/../ecrobot/libecrobot.a(colorsensor.o)
                              ../../ecrobot/../ecrobot/libecrobot.a(ecrobot_interface.o) (colorsensor_init)
../../ecrobot/../ecrobot/libecrobot.a(osek_hook.o)
                              build/kernel/osctl.o (StartupHook)
../../ecrobot/../ecrobot/libecrobot.a(uart.oram)
                              build/config/at91sam7s-gnu/irq.oram (uart_isr_C_0)
../../ecrobot/../ecrobot/libecrobot.a(systick.oram)
                              build/syslib/at91sam7s-gnu/lego_nxt/hw_sys_timer.oram (systick_low_priority_C)
../../ecrobot/../ecrobot/libecrobot.a(byte_fifo.oram)
                              ../../ecrobot/../ecrobot/libecrobot.a(uart.oram) (byte_fifo_put)
../../ecrobot/../ecrobot/libecrobot.a(aic.oram)
                              ../../ecrobot/../ecrobot/libecrobot.a(uart.oram) (aic_set_vector)
../../ecrobot/../ecrobot/libecrobot.a(udp.oram)
                              build/config/at91sam7s-gnu/irq.oram (udp_isr_C)
../../ecrobot/../ecrobot/libecrobot.a(twi.oram)
                              build/config/at91sam7s-gnu/irq.oram (twi_isr_C)
../../ecrobot/../ecrobot/libecrobot.a(nxt_spi.oram)
                              build/config/at91sam7s-gnu/irq.oram (spi_isr_C)
../../ecrobot/../ecrobot/libecrobot.a(nxt_motors.oram)
                              ../../ecrobot/../ecrobot/libecrobot.a(ecrobot_interface.o) (nxt_motor_get_count)
../../ecrobot/../ecrobot/libecrobot.a(data_abort.oram)
                              build/ecrobot_init.o (data_abort_C)
../../ecrobot/../ecrobot/libecrobot.a(display.oram)
                              build/ecrobot_base.o (display_update)
../../ecrobot/../ecrobot/libecrobot.a(i2c.oram)
                              build/config/at91sam7s-gnu/irq.oram (i2c_timer_isr_C)
../../ecrobot/../ecrobot/libecrobot.a(sound.oram)
                              ../../ecrobot/../ecrobot/libecrobot.a(ecrobot_interface.o) (sound_get_time)
../../ecrobot/../ecrobot/libecrobot.a(bt.oram)
                              build/ecrobot_bluetooth.o (bt_send)
../../ecrobot/../ecrobot/libecrobot.a(nxt_avr.oram)
                              build/ecrobot_base.o (nxt_avr_power_down)
../../ecrobot/../ecrobot/libecrobot.a(sensors.oram)
                              ../../ecrobot/../ecrobot/libecrobot.a(ecrobot_interface.o) (unset_digi0)
../../ecrobot/../ecrobot/libecrobot.a(sensors1.oram)
                              ../../ecrobot/../ecrobot/libecrobot.a(colorsensor.o) (sensor_pins)
../../ecrobot/../ecrobot/libecrobot.a(nxt_lcd.oram)
                              ../../ecrobot/../ecrobot/libecrobot.a(display.oram) (nxt_lcd_force_update)
../../ecrobot/../ecrobot/libecrobot.a(flash_loader.oram)
                              build/ecrobot.o (set_flash_request)
../../ecrobot/../ecrobot/libecrobot.a(interrupts.oram)
                              ../../ecrobot/../ecrobot/libecrobot.a(uart.oram) (interrupts_get_and_disable)
../../ecrobot/../ecrobot/libecrobot.a(nxtosek_splash.obmp)
                              build/ecrobot_base.o (nxtosek_splash_bmp_start)
../../ecrobot/../ecrobot/libecrobot.a(ecrobot_usb.o)
                              ../../ecrobot/../ecrobot/libecrobot.a(flash_loader.oram) (ecrobot_init_usb)
../../ecrobot/../ecrobot/libecrobot.a(flashprog.oram)
                              ../../ecrobot/../ecrobot/libecrobot.a(flash_loader.oram) (flash_write_page)
/cygdrive/C/cygwin/GNUARM/bin/../lib/gcc/arm-elf/4.0.2/thumb/interwork/libgcc.a(_udivsi3.o)
                              build/ecrobot_base.o (__udivsi3)
/cygdrive/C/cygwin/GNUARM/bin/../lib/gcc/arm-elf/4.0.2/thumb/interwork/libgcc.a(_divsi3.o)
                              ../../ecrobot/../ecrobot/libecrobot.a(uart.oram) (__divsi3)
/cygdrive/C/cygwin/GNUARM/bin/../lib/gcc/arm-elf/4.0.2/thumb/interwork/libgcc.a(_umodsi3.o)
                              ../../ecrobot/../ecrobot/libecrobot.a(display.oram) (__umodsi3)
/cygdrive/C/cygwin/GNUARM/bin/../lib/gcc/arm-elf/4.0.2/thumb/interwork/libgcc.a(_modsi3.o)
                              ../../ecrobot/../ecrobot/libecrobot.a(sound.oram) (__modsi3)
/cygdrive/C/cygwin/GNUARM/bin/../lib/gcc/arm-elf/4.0.2/thumb/interwork/libgcc.a(_dvmd_tls.o)
                              /cygdrive/C/cygwin/GNUARM/bin/../lib/gcc/arm-elf/4.0.2/thumb/interwork/libgcc.a(_udivsi3.o) (__div0)
/cygdrive/C/cygwin/GNUARM/bin/../lib/gcc/arm-elf/4.0.2/thumb/interwork/libgcc.a(_addsubdf3.o)
                              ../../ecrobot/../ecrobot/libecrobot.a(colorsensor.o) (__floatsidf)
/cygdrive/C/cygwin/GNUARM/bin/../lib/gcc/arm-elf/4.0.2/thumb/interwork/libgcc.a(_muldivdf3.o)
                              ../../ecrobot/../ecrobot/libecrobot.a(colorsensor.o) (__muldf3)
/cygdrive/C/cygwin/GNUARM/bin/../lib/gcc/arm-elf/4.0.2/thumb/interwork/libgcc.a(_cmpdf2.o)
[...]
Memory Configuration

Name             Origin             Length             Attributes
vector_ram       0x00200000         0x00000040
ram              0x00200040         0x0000ffc0
*default*        0x00000000         0xffffffff

Linker script and memory map

LOAD build/kernel/alarm.o
LOAD build/kernel/event.o
LOAD build/kernel/interrupt.o
LOAD build/kernel/osctl.o
LOAD build/kernel/resource.o
LOAD build/kernel/task.o
LOAD build/kernel/task_manage.o
LOAD build/config/at91sam7s-gnu/cpu_config.o
LOAD build/config/at91sam7s-gnu/lego_nxt/sys_config.o
LOAD build/./kernel_cfg.o
LOAD build/syscalls.o
LOAD build/ecrobot_bluetooth.o
LOAD build/ecrobot_base.o
LOAD build/ecrobot.o
LOAD build/lineFollower.o
LOAD build/syslib/at91sam7s-gnu/lego_nxt/hw_sys_timer.oram
LOAD build/nxtvm/platform/nxt/vectors.o
LOAD build/config/at91sam7s-gnu/debug.o
LOAD build/config/at91sam7s-gnu/lego_nxt/sys_support.o
LOAD build/nxt_binary_header.o
LOAD build/nxt_entry_point.o
LOAD build/ecrobot_init.o
LOAD build/config/at91sam7s-gnu/cpu_support.oram
LOAD build/config/at91sam7s-gnu/irq.oram
LOAD ../../ecrobot/../c++/liblejososek.a
LOAD ../../ecrobot/../ecrobot/libecrobot.a
LOAD /cygdrive/C/cygwin/GNUARM/bin/../lib/gcc/arm-elf/4.0.2/../../../../arm-elf/lib/thumb/interwork/libstdc++.a
LOAD /cygdrive/C/cygwin/GNUARM/bin/../lib/gcc/arm-elf/4.0.2/../../../../arm-elf/lib/thumb/interwork/libm.a
LOAD /cygdrive/C/cygwin/GNUARM/bin/../lib/gcc/arm-elf/4.0.2/thumb/interwork/libgcc.a
LOAD /cygdrive/C/cygwin/GNUARM/bin/../lib/gcc/arm-elf/4.0.2/../../../../arm-elf/lib/thumb/interwork/libc.a
LOAD /cygdrive/C/cygwin/GNUARM/bin/../lib/gcc/arm-elf/4.0.2/thumb/interwork/libgcc.a
                0x00200000                RAM_BASE = 0x200000
                0x00010000                RAM_SIZE = 0x10000

.samba_reserved
                0x00200040     0x1fc0
                0x00202000                . = 0x1fc0
 *fill*         0x00200040     0x1fc0 00
                0x00200040                __samba_ram_start__ = ADDR (.samba_reserved)
                0x00202000                __samba_ram_end__ = (__samba_ram_start__ + SIZEOF (.samba_reserved))

.vectors        0x00200000       0x40 load address 0x00202000
 vectors.o(*.text *.text.*)
 .text          0x00200000       0x38 build/nxtvm/platform/nxt/vectors.o
                0x00200040                . = ALIGN (0x10)
 *fill*         0x00200038        0x8 00
                0x00200000                __vectors_ram_start__ = ADDR (.vectors)
                0x00200040                __vectors_ram_end__ = (ADDR (.vectors) + SIZEOF (.vectors))
                0x00202000                __vectors_load_start__ = LOADADDR (.vectors)
                0x00202040                __vectors_load_end__ = (LOADADDR (.vectors) + SIZEOF (.vectors))

.init           0x00202040      0x280
 *ecrobot_init.o(*.text *.text.*)
 .text          0x00202040      0x280 build/ecrobot_init.o
                0x002021ac                undef_handler
                0x002021b4                prefetch_abort_handler
                0x002021b8                data_abort_handler
                0x002021b0                swi_handler
                0x00202040                start
                0x002021d4                reserved_handler
                0x002022c0                . = ALIGN (0x10)

.ram_text       0x002022c0     0x30f0
                0x002022c0                . = ALIGN (0x10)
 *.oram(*.text *.text.* *.glue*)
 .text.systick_isr_C1
                0x002022c0       0x28 build/syslib/at91sam7s-gnu/lego_nxt/hw_sys_timer.oram
                0x002022c0                systick_isr_C1
 *fill*         0x002022e8        0x8 00
 .text          0x002022f0      0x230 build/config/at91sam7s-gnu/cpu_support.oram
                0x002024d0                enable_int
                0x00202370                start_dispatch
                0x00202330                activate_r
                0x002024c8                disable_int
                0x002022f0                dispatch
                0x0020249c                int_return
                0x0020242c                _interrupt
                0x00202360                exit_and_dispatch
                0x002024d8                nop
 .text          0x00202520      0x2c0 build/config/at91sam7s-gnu/irq.oram
                0x00202520                default_isr
                0x002026ac                uart_isr_entry_0
                0x0020262c                twi_isr_entry
                0x002026ec                uart_isr_entry_1
                0x002025ec                spi_isr_entry
                0x0020256c                systick_low_priority_entry
                0x0020272c                nxt_motor_isr_entry
                0x0020276c                i2c_timer_isr_entry
                0x00202520                default_fiq
                0x00202524                systick_isr_entry
                0x00202520                spurious_isr
                0x0020266c                sound_isr_entry
                0x002025ac                udp_isr_entry
 .text.uart_process_isr
                0x002027e0       0x88 ../../ecrobot/../ecrobot/libecrobot.a(uart.oram)
 .text.uart_isr_C_0
                0x00202868        0xc ../../ecrobot/../ecrobot/libecrobot.a(uart.oram)
                0x00202868                uart_isr_C_0
 .text.uart_isr_C_1
                0x00202874        0xc ../../ecrobot/../ecrobot/libecrobot.a(uart.oram)
                0x00202874                uart_isr_C_1
 .text.systick_low_priority_C
                0x00202880       0x1c ../../ecrobot/../ecrobot/libecrobot.a(systick.oram)
                0x00202880                systick_low_priority_C
 .text.systick_isr_C
                0x0020289c       0x24 ../../ecrobot/../ecrobot/libecrobot.a(systick.oram)
                0x0020289c                systick_isr_C
 .text.systick_get_ms
                0x002028c0        0xc ../../ecrobot/../ecrobot/libecrobot.a(systick.oram)
                0x002028c0                systick_get_ms
 .text.systick_wait_ms
                0x002028cc       0x1c ../../ecrobot/../ecrobot/libecrobot.a(systick.oram)
                0x002028cc                systick_wait_ms
 .text.systick_wait_ns
                0x002028e8       0x1c ../../ecrobot/../ecrobot/libecrobot.a(systick.oram)
                0x002028e8                systick_wait_ns
 .text.systick_init
                0x00202904       0x58 ../../ecrobot/../ecrobot/libecrobot.a(systick.oram)
                0x00202904                systick_init
 .text.systick_suspend
                0x0020295c        0xc ../../ecrobot/../ecrobot/libecrobot.a(systick.oram)
                0x0020295c                systick_suspend
 .text.systick_resume
                0x00202968        0xc ../../ecrobot/../ecrobot/libecrobot.a(systick.oram)
                0x00202968                systick_resume
 .text.byte_fifo_put
                0x00202974       0x58 ../../ecrobot/../ecrobot/libecrobot.a(byte_fifo.oram)
                0x00202974                byte_fifo_put
 .text.byte_fifo_get
                0x002029cc       0x2c ../../ecrobot/../ecrobot/libecrobot.a(byte_fifo.oram)
                0x002029cc                byte_fifo_get
 .text.aic_initialise
                0x002029f8       0x5c ../../ecrobot/../ecrobot/libecrobot.a(aic.oram)
                0x002029f8                aic_initialise
 .text.aic_set_vector
                0x00202a54       0x30 ../../ecrobot/../ecrobot/libecrobot.a(aic.oram)
                0x00202a54                aic_set_vector
 .text.aic_mask_on
                0x00202a84       0x24 ../../ecrobot/../ecrobot/libecrobot.a(aic.oram)
                0x00202a84                aic_mask_on
 .text.aic_mask_off
                0x00202aa8       0x24 ../../ecrobot/../ecrobot/libecrobot.a(aic.oram)
                0x00202aa8                aic_mask_off
 .text.aic_clear
                0x00202acc       0x24 ../../ecrobot/../ecrobot/libecrobot.a(aic.oram)
                0x00202acc                aic_clear
 .text.reset    0x00202af0       0x4c ../../ecrobot/../ecrobot/libecrobot.a(udp.oram)
 .text.udp_send_null
                0x00202b3c       0x2c ../../ecrobot/../ecrobot/libecrobot.a(udp.oram)
 .text.udp_send_stall
                0x00202b68       0x2c ../../ecrobot/../ecrobot/libecrobot.a(udp.oram)
 .text.udp_send_control
                0x00202b94       0x60 ../../ecrobot/../ecrobot/libecrobot.a(udp.oram)
 .text.udp_isr_C
                0x00202bf4      0x7d0 ../../ecrobot/../ecrobot/libecrobot.a(udp.oram)
                0x00202bf4                udp_isr_C
 .text.twi_status
                0x002033c4       0x20 ../../ecrobot/../ecrobot/libecrobot.a(twi.oram)
                0x002033c4                twi_status
 .text.twi_isr_C
                0x002033e4       0xc4 ../../ecrobot/../ecrobot/libecrobot.a(twi.oram)
                0x002033e4                twi_isr_C
 .text.twi_reset
                0x002034a8       0xb4 ../../ecrobot/../ecrobot/libecrobot.a(twi.oram)
                0x002034a8                twi_reset
 .text.twi_init
                0x0020355c       0x4c ../../ecrobot/../ecrobot/libecrobot.a(twi.oram)
                0x0020355c                twi_init
 .text.twi_start_read
                0x002035a8       0x60 ../../ecrobot/../ecrobot/libecrobot.a(twi.oram)
                0x002035a8                twi_start_read
 .text.twi_start_write
                0x00203608       0x64 ../../ecrobot/../ecrobot/libecrobot.a(twi.oram)
                0x00203608                twi_start_write
 .text.spi_set_mode
                0x0020366c       0x40 ../../ecrobot/../ecrobot/libecrobot.a(nxt_spi.oram)
 .text.spi_isr_C
                0x002036ac       0x8c ../../ecrobot/../ecrobot/libecrobot.a(nxt_spi.oram)
                0x002036ac                spi_isr_C
 .text.nxt_spi_init
                0x00203738      0x12c ../../ecrobot/../ecrobot/libecrobot.a(nxt_spi.oram)
                0x00203738                nxt_spi_init
 .text.nxt_spi_write
                0x00203864       0x44 ../../ecrobot/../ecrobot/libecrobot.a(nxt_spi.oram)
                0x00203864                nxt_spi_write
 .text.nxt_spi_set_display
                0x002038a8       0x10 ../../ecrobot/../ecrobot/libecrobot.a(nxt_spi.oram)
                0x002038a8                nxt_spi_set_display
 .text.nxt_spi_refresh
                0x002038b8       0x24 ../../ecrobot/../ecrobot/libecrobot.a(nxt_spi.oram)
                0x002038b8                nxt_spi_refresh
 .text.nxt_motor_set_count
                0x002038dc       0x10 ../../ecrobot/../ecrobot/libecrobot.a(nxt_motors.oram)
                0x002038dc                nxt_motor_set_count
 .text.nxt_motor_set_speed
                0x002038ec       0x34 ../../ecrobot/../ecrobot/libecrobot.a(nxt_motors.oram)
                0x002038ec                nxt_motor_set_speed
 .text.nxt_motor_1kHz_process
                0x00203920       0x28 ../../ecrobot/../ecrobot/libecrobot.a(nxt_motors.oram)
                0x00203920                nxt_motor_1kHz_process
 .text.nxt_motor_quad_decode
                0x00203948       0x30 ../../ecrobot/../ecrobot/libecrobot.a(nxt_motors.oram)
                0x00203948                nxt_motor_quad_decode
 .text.nxt_motor_isr_C
                0x00203978       0x88 ../../ecrobot/../ecrobot/libecrobot.a(nxt_motors.oram)
                0x00203978                nxt_motor_isr_C
 .text.nxt_motor_init
                0x00203a00       0x68 ../../ecrobot/../ecrobot/libecrobot.a(nxt_motors.oram)
                0x00203a00                nxt_motor_init
 .text.data_abort_C
                0x00203a68       0x7c ../../ecrobot/../ecrobot/libecrobot.a(data_abort.oram)
                0x00203a68                data_abort_C
 .text.display_update
                0x00203ae4       0x14 ../../ecrobot/../ecrobot/libecrobot.a(display.oram)
                0x00203ae4                display_update
 .text.display_force_update
                0x00203af8        0xc ../../ecrobot/../ecrobot/libecrobot.a(display.oram)
                0x00203af8                display_force_update
 .text.display_clear
                0x00203b04       0x24 ../../ecrobot/../ecrobot/libecrobot.a(display.oram)
                0x00203b04                display_clear
 .text.display_goto_xy
                0x00203b28       0x14 ../../ecrobot/../ecrobot/libecrobot.a(display.oram)
                0x00203b28                display_goto_xy
 .text.display_char
                0x00203b3c       0x60 ../../ecrobot/../ecrobot/libecrobot.a(display.oram)
                0x00203b3c                display_char
 .text.display_string
                0x00203b9c       0x3c ../../ecrobot/../ecrobot/libecrobot.a(display.oram)
                0x00203b9c                display_string
 .text.display_hex
                0x00203bd8       0x50 ../../ecrobot/../ecrobot/libecrobot.a(display.oram)
                0x00203bd8                display_hex
 .text.display_unsigned_worker
                0x00203c28       0x70 ../../ecrobot/../ecrobot/libecrobot.a(display.oram)
 .text.display_unsigned
                0x00203c98        0xc ../../ecrobot/../ecrobot/libecrobot.a(display.oram)
                0x00203c98                display_unsigned
 .text.display_bitmap_copy
                0x00203ca4       0x5c ../../ecrobot/../ecrobot/libecrobot.a(display.oram)
                0x00203ca4                display_bitmap_copy
 .text.display_init
                0x00203d00       0x50 ../../ecrobot/../ecrobot/libecrobot.a(display.oram)
                0x00203d00                display_init
 .text.i2c_timer_isr_C
                0x00203d50      0x314 ../../ecrobot/../ecrobot/libecrobot.a(i2c.oram)
                0x00203d50                i2c_timer_isr_C
 .text.i2c_disable
                0x00204064       0x20 ../../ecrobot/../ecrobot/libecrobot.a(i2c.oram)
                0x00204064                i2c_disable
 .text.i2c_init
                0x00204084       0xa4 ../../ecrobot/../ecrobot/libecrobot.a(i2c.oram)
                0x00204084                i2c_init
 .text.sound_fill_sample_buffer
                0x00204128       0xe4 ../../ecrobot/../ecrobot/libecrobot.a(sound.oram)
                0x00204128                sound_fill_sample_buffer
 .text.sound_init
                0x0020420c       0xa0 ../../ecrobot/../ecrobot/libecrobot.a(sound.oram)
                0x0020420c                sound_init
 .text.sound_isr_C
                0x002042ac      0x144 ../../ecrobot/../ecrobot/libecrobot.a(sound.oram)
                0x002042ac                sound_isr_C
 .text.bt_init  0x002043f0      0x1c0 ../../ecrobot/../ecrobot/libecrobot.a(bt.oram)
                0x002043f0                bt_init
 .text.nxt_avr_power_down
                0x002045b0       0x10 ../../ecrobot/../ecrobot/libecrobot.a(nxt_avr.oram)
                0x002045b0                nxt_avr_power_down
 .text.nxt_avr_link_init
                0x002045c0       0x20 ../../ecrobot/../ecrobot/libecrobot.a(nxt_avr.oram)
                0x002045c0                nxt_avr_link_init
 .text.nxt_avr_init
                0x002045e0       0x6c ../../ecrobot/../ecrobot/libecrobot.a(nxt_avr.oram)
                0x002045e0                nxt_avr_init
 .text.nxt_avr_1kHz_update
                0x0020464c      0x1cc ../../ecrobot/../ecrobot/libecrobot.a(nxt_avr.oram)
                0x0020464c                nxt_avr_1kHz_update
 .text.buttons_get
                0x00204818        0xc ../../ecrobot/../ecrobot/libecrobot.a(nxt_avr.oram)
                0x00204818                buttons_get
 .text.battery_voltage
                0x00204824       0x28 ../../ecrobot/../ecrobot/libecrobot.a(nxt_avr.oram)
                0x00204824                battery_voltage
 .text.sensor_adc
                0x0020484c       0x20 ../../ecrobot/../ecrobot/libecrobot.a(nxt_avr.oram)
                0x0020484c                sensor_adc
 .text.nxt_avr_set_motor
                0x0020486c       0x34 ../../ecrobot/../ecrobot/libecrobot.a(nxt_avr.oram)
                0x0020486c                nxt_avr_set_motor
 .text.nxt_avr_set_input_power
                0x002048a0       0x3c ../../ecrobot/../ecrobot/libecrobot.a(nxt_avr.oram)
                0x002048a0                nxt_avr_set_input_power
 .text.unset_digi0
                0x002048dc       0x44 ../../ecrobot/../ecrobot/libecrobot.a(sensors.oram)
                0x002048dc                unset_digi0
 .text.unset_digi1
                0x00204920       0x44 ../../ecrobot/../ecrobot/libecrobot.a(sensors.oram)
                0x00204920                unset_digi1
 .text.init_sensors
                0x00204964       0x4c ../../ecrobot/../ecrobot/libecrobot.a(sensors.oram)
                0x00204964                init_sensors
 .text.sp_set_mode
                0x002049b0       0x88 ../../ecrobot/../ecrobot/libecrobot.a(sensors1.oram)
                0x002049b0                sp_set_mode
 .text.sp_set   0x00204a38       0x24 ../../ecrobot/../ecrobot/libecrobot.a(sensors1.oram)
                0x00204a38                sp_set
 .text.sp_read  0x00204a5c       0x20 ../../ecrobot/../ecrobot/libecrobot.a(sensors1.oram)
                0x00204a5c                sp_read
 .text.sp_get   0x00204a7c       0x20 ../../ecrobot/../ecrobot/libecrobot.a(sensors1.oram)
                0x00204a7c                sp_get
 .text.sp_set_power
                0x00204a9c        0xc ../../ecrobot/../ecrobot/libecrobot.a(sensors1.oram)
                0x00204a9c                sp_set_power
 .text.sp_reset
                0x00204aa8       0x54 ../../ecrobot/../ecrobot/libecrobot.a(sensors1.oram)
                0x00204aa8                sp_reset
 .text.nxt_lcd_command
                0x00204afc       0x18 ../../ecrobot/../ecrobot/libecrobot.a(nxt_lcd.oram)
                0x00204afc                nxt_lcd_command
 .text.nxt_lcd_set_col
                0x00204b14       0x24 ../../ecrobot/../ecrobot/libecrobot.a(nxt_lcd.oram)
                0x00204b14                nxt_lcd_set_col
 .text.nxt_lcd_set_multiplex_rate
                0x00204b38       0x18 ../../ecrobot/../ecrobot/libecrobot.a(nxt_lcd.oram)
                0x00204b38                nxt_lcd_set_multiplex_rate
 .text.nxt_lcd_set_page_address
                0x00204b50       0x18 ../../ecrobot/../ecrobot/libecrobot.a(nxt_lcd.oram)
                0x00204b50                nxt_lcd_set_page_address
 .text.nxt_lcd_set_pot
                0x00204b68       0x1c ../../ecrobot/../ecrobot/libecrobot.a(nxt_lcd.oram)
                0x00204b68                nxt_lcd_set_pot
 .text.nxt_lcd_set_ram_address_control
                0x00204b84       0x18 ../../ecrobot/../ecrobot/libecrobot.a(nxt_lcd.oram)
                0x00204b84                nxt_lcd_set_ram_address_control
 .text.nxt_lcd_enable
                0x00204b9c       0x14 ../../ecrobot/../ecrobot/libecrobot.a(nxt_lcd.oram)
                0x00204b9c                nxt_lcd_enable
 .text.nxt_lcd_set_map_control
                0x00204bb0       0x18 ../../ecrobot/../ecrobot/libecrobot.a(nxt_lcd.oram)
                0x00204bb0                nxt_lcd_set_map_control
 .text.nxt_lcd_reset
                0x00204bc8        0xc ../../ecrobot/../ecrobot/libecrobot.a(nxt_lcd.oram)
                0x00204bc8                nxt_lcd_reset
 .text.nxt_lcd_set_bias_ratio
                0x00204bd4       0x18 ../../ecrobot/../ecrobot/libecrobot.a(nxt_lcd.oram)
                0x00204bd4                nxt_lcd_set_bias_ratio
 .text.nxt_lcd_force_update
                0x00204bec       0x30 ../../ecrobot/../ecrobot/libecrobot.a(nxt_lcd.oram)
                0x00204bec                nxt_lcd_force_update
 .text.nxt_lcd_update
                0x00204c1c        0xc ../../ecrobot/../ecrobot/libecrobot.a(nxt_lcd.oram)
                0x00204c1c                nxt_lcd_update
 .text.nxt_lcd_power_up
                0x00204c28       0x48 ../../ecrobot/../ecrobot/libecrobot.a(nxt_lcd.oram)
                0x00204c28                nxt_lcd_power_up
 .text.nxt_lcd_power_down
                0x00204c70        0xc ../../ecrobot/../ecrobot/libecrobot.a(nxt_lcd.oram)
                0x00204c70                nxt_lcd_power_down
 .text.nxt_lcd_init
                0x00204c7c       0x18 ../../ecrobot/../ecrobot/libecrobot.a(nxt_lcd.oram)
                0x00204c7c                nxt_lcd_init
 .text.verify_flash_page
                0x00204c94       0x34 ../../ecrobot/../ecrobot/libecrobot.a(flash_loader.oram)
 .text.set_flash_request
                0x00204cc8       0x38 ../../ecrobot/../ecrobot/libecrobot.a(flash_loader.oram)
                0x00204cc8                set_flash_request
 .text.nxt_device_init
                0x00204d00       0x38 ../../ecrobot/../ecrobot/libecrobot.a(flash_loader.oram)
                0x00204d00                nxt_device_init
 .text          0x00204d38       0x68 ../../ecrobot/../ecrobot/libecrobot.a(interrupts.oram)
                0x00204d90                fiq_enable
                0x00204d38                interrupts_get_and_disable
                0x00204d6c                fiq_get_and_disable
                0x00204d5c                interrupts_enable
 .text.flash_write_page
                0x00204da0       0xc0 ../../ecrobot/../ecrobot/libecrobot.a(flashprog.oram)
                0x00204da0                flash_write_page
                0x00204e60                . = ALIGN (0x10)
 *.oram(*.rodata *.rodata.*)
 .rodata.ld     0x00204e60        0x4 ../../ecrobot/../ecrobot/libecrobot.a(udp.oram)
 .rodata.cfd    0x00204e64       0x20 ../../ecrobot/../ecrobot/libecrobot.a(udp.oram)
 .rodata.dd     0x00204e84       0x12 ../../ecrobot/../ecrobot/libecrobot.a(udp.oram)
 *fill*         0x00204e96        0x2 00
 .rodata.str1.4
                0x00204e98       0x22 ../../ecrobot/../ecrobot/libecrobot.a(data_abort.oram)
                                 0x24 (size before relaxing)
 .rodata.font   0x00204eba      0x280 ../../ecrobot/../ecrobot/libecrobot.a(display.oram)
 *fill*         0x0020513a        0x2 00
 .rodata.str1.4
                0x0020513c       0x76 ../../ecrobot/../ecrobot/libecrobot.a(display.oram)
                                 0x78 (size before relaxing)
 *fill*         0x002051b2        0x2 00
 .rodata.i2c_pin
                0x002051b4       0x20 ../../ecrobot/../ecrobot/libecrobot.a(i2c.oram)
 .rodata.i2c_timer_isr_C
                0x002051d4       0x38 ../../ecrobot/../ecrobot/libecrobot.a(i2c.oram)
 .rodata.silence
                0x0020520c       0x40 ../../ecrobot/../ecrobot/libecrobot.a(sound.oram)
                0x0020520c                silence
 .rodata.sample_pattern
                0x0020524c       0x84 ../../ecrobot/../ecrobot/libecrobot.a(sound.oram)
                0x0020524c                sample_pattern
 .rodata        0x002052d0        0xc ../../ecrobot/../ecrobot/libecrobot.a(sound.oram)
 .rodata.avr_brainwash_string
                0x002052dc       0x30 ../../ecrobot/../ecrobot/libecrobot.a(nxt_avr.oram)
                0x002052dc                avr_brainwash_string
 .rodata.nxt_avr_1kHz_update
                0x0020530c       0x14 ../../ecrobot/../ecrobot/libecrobot.a(nxt_avr.oram)
 .rodata.C.33.1823
                0x00205320       0x10 ../../ecrobot/../ecrobot/libecrobot.a(sensors.oram)
 .rodata.C.37.1857
                0x00205330       0x10 ../../ecrobot/../ecrobot/libecrobot.a(sensors.oram)
 .rodata.sensor_pins
                0x00205340       0x40 ../../ecrobot/../ecrobot/libecrobot.a(sensors1.oram)
                0x00205340                sensor_pins
 .rodata.str1.4
                0x00205380       0x23 ../../ecrobot/../ecrobot/libecrobot.a(flash_loader.oram)
                                 0x24 (size before relaxing)
                0x002053b0                . = ALIGN (0x10)
 *fill*         0x002053a3        0xd 00
                0x002022c0                __ramtext_ram_start__ = ADDR (.ram_text)
                0x002053b0                __ramtext_ram_end__ = (ADDR (.ram_text) + SIZEOF (.ram_text))
                0x002022c0                __ramtext_load_start__ = LOADADDR (.ram_text)
                0x002053b0                __ramtext_load_end__ = (__ramtext_load_start__ + SIZEOF (.ram_text))

.wav_data       0x002053b0        0x0
 *.owav(*.data *.data.*)
                0x002053b0                . = ALIGN (0x10)

.bmp_data       0x002053b0      0x440
 *.obmp(*.data *.data.*)
 .data          0x002053b0      0x43e ../../ecrobot/../ecrobot/libecrobot.a(nxtosek_splash.obmp)
                0x002053b0                nxtosek_splash_bmp_start
                0x002057ee                nxtosek_splash_bmp_end
                0x002057f0                . = ALIGN (0x10)
 *fill*         0x002057ee        0x2 00

.spr_data       0x002057f0        0x0
 *.ospr(*.data *.data.*)
                0x002057f0                . = ALIGN (0x10)

.data           0x002057f0      0x460
 *(*.data *.data.*)
 .data.line_side_G
                0x002057f0        0x1 build/lineFollower.o
 .data.motor_left
                0x002057f1        0x1 build/lineFollower.o
 .data.motor_right
                0x002057f2        0x1 build/lineFollower.o
 .data.deviceStatus
                0x002057f3        0x1 ../../ecrobot/../ecrobot/libecrobot.a(ecrobot_interface.o)
 .data.named    0x002057f4       0x22 ../../ecrobot/../ecrobot/libecrobot.a(udp.oram)
 .data.snd      0x00205816       0x1a ../../ecrobot/../ecrobot/libecrobot.a(udp.oram)
 .data.configured
                0x00205830        0x4 ../../ecrobot/../ecrobot/libecrobot.a(udp.oram)
 .data.mode     0x00205834        0x1 ../../ecrobot/../ecrobot/libecrobot.a(nxt_spi.oram)
                0x00205834                mode
 *fill*         0x00205835        0x3 00
 .bss.data      0x00205838        0x4 ../../ecrobot/../ecrobot/libecrobot.a(nxt_spi.oram)
                0x00205838                data
 .data.display_auto_update
                0x0020583c        0x4 ../../ecrobot/../ecrobot/libecrobot.a(display.oram)
                0x0020583c                display_auto_update
 .data.display_buffer
                0x00205840        0x4 ../../ecrobot/../ecrobot/libecrobot.a(display.oram)
 .data          0x00205844      0x404 /cygdrive/C/cygwin/GNUARM/bin/../lib/gcc/arm-elf/4.0.2/../../../../arm-elf/lib/thumb/interwork/libc.a(impure.o)
                0x00205c44                _impure_ptr
                0x00205c50                . = ALIGN (0x10)
 *fill*         0x00205c48        0x8 00
                0x002057f0                __data_ram_start__ = ADDR (.data)
                0x00205c50                __data_ram_end__ = (ADDR (.data) + SIZEOF (.data))
                0x002057f0                __data_load_start__ = LOADADDR (.data)
                0x00205c50                __data_load_end__ = (__data_load_start__ + SIZEOF (.data))

.text           0x00205c50     0x29e0
                0x00205c50                . = ALIGN (0x10)
 *(*.text *.text.* *.glue*)
 .text.enqueue_alarm
                0x00205c50       0x90 build/kernel/alarm.o
 .text.alarm_initialize
                0x00205ce0       0x98 build/kernel/alarm.o
                0x00205ce0                alarm_initialize
 .text.SignalCounter
                0x00205d78      0x134 build/kernel/alarm.o
                0x00205d78                SignalCounter
 .text.StartOS  0x00205eac       0x58 build/kernel/osctl.o
                0x00205eac                StartOS
 .text.ShutdownOS
                0x00205f04       0x4c build/kernel/osctl.o
                0x00205f04                ShutdownOS
 .text.call_pretaskhook
                0x00205f50       0x24 build/kernel/osctl.o
                0x00205f50                call_pretaskhook
 .text.call_errorhook
                0x00205f74       0x78 build/kernel/osctl.o
                0x00205f74                call_errorhook
 .text.call_posttaskhook
                0x00205fec       0x24 build/kernel/osctl.o
                0x00205fec                call_posttaskhook
 .text.search_schedtsk
                0x00206010       0x94 build/kernel/task.o
                0x00206010                search_schedtsk
 .text.make_runnable
                0x002060a4       0xac build/kernel/task.o
                0x002060a4                make_runnable
 .text.make_active
                0x00206150       0x78 build/kernel/task.o
                0x00206150                make_active
 .text.task_initialize
                0x002061c8       0x90 build/kernel/task.o
                0x002061c8                task_initialize
 .text.ActivateTask
                0x00206258       0x8c build/kernel/task_manage.o
                0x00206258                ActivateTask
 .text.TerminateTask
                0x002062e4       0x74 build/kernel/task_manage.o
                0x002062e4                TerminateTask
 .text.cpu_initialize
                0x00206358        0x4 build/config/at91sam7s-gnu/cpu_config.o
                0x00206358                cpu_initialize
 .text.cpu_terminate
                0x0020635c        0x4 build/config/at91sam7s-gnu/cpu_config.o
                0x0020635c                cpu_terminate
 .text.sys_initialize
                0x00206360        0x4 build/config/at91sam7s-gnu/lego_nxt/sys_config.o
                0x00206360                sys_initialize
 .text.sys_exit
                0x00206364        0x4 build/config/at91sam7s-gnu/lego_nxt/sys_config.o
                0x00206364                sys_exit
 .text._activate_alarm_cyclic_alarm_ReadColour
                0x00206368        0xc build/./kernel_cfg.o
 .text._activate_alarm_cyclic_alarm_ManageState
                0x00206374        0xc build/./kernel_cfg.o
 .text._activate_alarm_cyclic_alarm_ReadButtons
                0x00206380        0xc build/./kernel_cfg.o
 .text.object_initialize
                0x0020638c       0x10 build/./kernel_cfg.o
                0x0020638c                object_initialize
 .text.init_OS_flag
                0x0020639c        0xc build/ecrobot_base.o
                0x0020639c                init_OS_flag
 .text.set_OS_flag
                0x002063a8        0xc build/ecrobot_base.o
                0x002063a8                set_OS_flag
 .text.get_OS_flag
                0x002063b4        0xc build/ecrobot_base.o
                0x002063b4                get_OS_flag
 .text.cpp_constructor
                0x002063c0       0x28 build/ecrobot_base.o
                0x002063c0                cpp_constructor
 .text.cpp_destructor
                0x002063e8       0x28 build/ecrobot_base.o
                0x002063e8                cpp_destructor
 .text.execution_mode
                0x00206410       0x24 build/ecrobot_base.o
                0x00206410                execution_mode
 .text.show_main_screen
                0x00206434       0x48 build/ecrobot_base.o
                0x00206434                show_main_screen
 .text.display_status_bar
                0x0020647c       0x5c build/ecrobot_base.o
                0x0020647c                display_status_bar
 .text.check_NXT_buttons
                0x002064d8       0x7c build/ecrobot_base.o
                0x002064d8                check_NXT_buttons
 .text.add_status_info
                0x00206554       0x68 build/ecrobot_base.o
                0x00206554                add_status_info
 .text.show_splash_screen
                0x002065bc       0x90 build/ecrobot_base.o
                0x002065bc                show_splash_screen
 .text.main     0x0020664c      0x10c build/ecrobot.o
                0x0020664c                main
 .text.set_both_motor_speed
                0x00206758       0x28 build/lineFollower.o
                0x00206758                set_both_motor_speed
 .text.ecrobot_device_initialize
                0x00206780       0x10 build/lineFollower.o
                0x00206780                ecrobot_device_initialize
 .text.ecrobot_device_terminate
                0x00206790       0x14 build/lineFollower.o
                0x00206790                ecrobot_device_terminate
 .text.user_1ms_isr_type2
                0x002067a4       0x14 build/lineFollower.o
                0x002067a4                user_1ms_isr_type2
 .text.robot_follow
                0x002067b8      0x134 build/lineFollower.o
                0x002067b8                robot_follow
 .text.robot_turn
                0x002068ec       0x6c build/lineFollower.o
                0x002068ec                robot_turn
 .text.check_color
                0x00206958       0xa0 build/lineFollower.o
                0x00206958                check_color
 .text.TaskMainManageState
                0x002069f8      0x44c build/lineFollower.o
                0x002069f8                TaskMainManageState
 .text.TaskMainReadButtons
                0x00206e44       0x3c build/lineFollower.o
                0x00206e44                TaskMainReadButtons
 .text.TaskMainReadColour
                0x00206e80        0x8 build/lineFollower.o
                0x00206e80                TaskMainReadColour
 .text.ecrobot_process_bg_nxtcolorsensor
                0x00206e88       0x98 ../../ecrobot/../ecrobot/libecrobot.a(ecrobot_interface.o)
                0x00206e88                ecrobot_process_bg_nxtcolorsensor
 .text.ecrobot_set_nxtcolorsensor
                0x00206f20       0x44 ../../ecrobot/../ecrobot/libecrobot.a(ecrobot_interface.o)
                0x00206f20                ecrobot_set_nxtcolorsensor
 .text.ecrobot_init_nxtcolorsensor
                0x00206f64       0x30 ../../ecrobot/../ecrobot/libecrobot.a(ecrobot_interface.o)
                0x00206f64                ecrobot_init_nxtcolorsensor
 .text.ecrobot_get_nxtcolorsensor_rgb
                0x00206f94       0x1c ../../ecrobot/../ecrobot/libecrobot.a(ecrobot_interface.o)
                0x00206f94                ecrobot_get_nxtcolorsensor_rgb
 .text.ecrobot_term_nxtcolorsensor
                0x00206fb0       0x10 ../../ecrobot/../ecrobot/libecrobot.a(ecrobot_interface.o)
                0x00206fb0                ecrobot_term_nxtcolorsensor
 .text.ecrobot_get_battery_voltage
                0x00206fc0        0xc ../../ecrobot/../ecrobot/libecrobot.a(ecrobot_interface.o)
                0x00206fc0                ecrobot_get_battery_voltage
 .text.ecrobot_get_button_state
                0x00206fcc        0xc ../../ecrobot/../ecrobot/libecrobot.a(ecrobot_interface.o)
                0x00206fcc                ecrobot_get_button_state
 .text.ecrobot_init_nxtstate
                0x00206fd8       0x28 ../../ecrobot/../ecrobot/libecrobot.a(ecrobot_interface.o)
                0x00206fd8                ecrobot_init_nxtstate
 .text.ecrobot_poll_nxtstate
                0x00207000       0x64 ../../ecrobot/../ecrobot/libecrobot.a(ecrobot_interface.o)
                0x00207000                ecrobot_poll_nxtstate
 .text.ecrobot_setDeviceInitialized
                0x00207064       0x18 ../../ecrobot/../ecrobot/libecrobot.a(ecrobot_interface.o)
                0x00207064                ecrobot_setDeviceInitialized
 .text.ecrobot_initDeviceStatus
                0x0020707c        0xc ../../ecrobot/../ecrobot/libecrobot.a(ecrobot_interface.o)
                0x0020707c                ecrobot_initDeviceStatus
 .text.ecrobot_bmp2lcd
                0x00207088      0x1c8 ../../ecrobot/../ecrobot/libecrobot.a(ecrobot_interface.o)
                0x00207088                ecrobot_bmp2lcd
 .text.ecrobot_is_ENTER_button_pressed
                0x00207250       0x10 ../../ecrobot/../ecrobot/libecrobot.a(ecrobot_interface.o)
                0x00207250                ecrobot_is_ENTER_button_pressed
 .text.ecrobot_is_RUN_button_pressed
                0x00207260       0x10 ../../ecrobot/../ecrobot/libecrobot.a(ecrobot_interface.o)
                0x00207260                ecrobot_is_RUN_button_pressed
 .text.colorsensor_recv
                0x00207270       0x68 ../../ecrobot/../ecrobot/libecrobot.a(colorsensor.o)
 .text.colorsensor_init
                0x002072d8      0x108 ../../ecrobot/../ecrobot/libecrobot.a(colorsensor.o)
                0x002072d8                colorsensor_init
 .text.colorsensor_term
                0x002073e0       0x6c ../../ecrobot/../ecrobot/libecrobot.a(colorsensor.o)
                0x002073e0                colorsensor_term
 .text.colorsensor_light_get
                0x0020744c       0x44 ../../ecrobot/../ecrobot/libecrobot.a(colorsensor.o)
                0x0020744c                colorsensor_light_get
 .text.colorsensor_light_full
                0x00207490       0xac ../../ecrobot/../ecrobot/libecrobot.a(colorsensor.o)
                0x00207490                colorsensor_light_full
 .text.colorsensor_rgb_get
                0x0020753c       0x14 ../../ecrobot/../ecrobot/libecrobot.a(colorsensor.o)
                0x0020753c                colorsensor_rgb_get
 .text.colorsensor_color_get
                0x00207550       0xfc ../../ecrobot/../ecrobot/libecrobot.a(colorsensor.o)
                0x00207550                colorsensor_color_get
 .text.StartupHook
                0x0020764c        0x4 ../../ecrobot/../ecrobot/libecrobot.a(osek_hook.o)
                0x0020764c                StartupHook
 .text.PreTaskHook
                0x00207650        0x4 ../../ecrobot/../ecrobot/libecrobot.a(osek_hook.o)
                0x00207650                PreTaskHook
 .text.PostTaskHook
                0x00207654        0x4 ../../ecrobot/../ecrobot/libecrobot.a(osek_hook.o)
                0x00207654                PostTaskHook
 .text.ErrorHook
                0x00207658        0x4 ../../ecrobot/../ecrobot/libecrobot.a(osek_hook.o)
                0x00207658                ErrorHook
 .text.ShutdownHook
                0x0020765c        0x4 ../../ecrobot/../ecrobot/libecrobot.a(osek_hook.o)
                0x0020765c                ShutdownHook
 .text          0x00207660       0x8c /cygdrive/C/cygwin/GNUARM/bin/../lib/gcc/arm-elf/4.0.2/thumb/interwork/libgcc.a(_udivsi3.o)
                0x00207660                __udivsi3
                0x002076dc                __aeabi_uidivmod
 .text          0x002076ec       0xc8 /cygdrive/C/cygwin/GNUARM/bin/../lib/gcc/arm-elf/4.0.2/thumb/interwork/libgcc.a(_umodsi3.o)
                0x002076ec                __umodsi3
 .text          0x002077b4        0x4 /cygdrive/C/cygwin/GNUARM/bin/../lib/gcc/arm-elf/4.0.2/thumb/interwork/libgcc.a(_dvmd_tls.o)
                0x002077b4                __aeabi_ldiv0
                0x002077b4                __div0
                0x002077b4                __aeabi_idiv0
 .text          0x002077b8      0x430 /cygdrive/C/cygwin/GNUARM/bin/../lib/gcc/arm-elf/4.0.2/thumb/interwork/libgcc.a(_addsubdf3.o)
                0x00207b7c                __floatdidf
                0x00207afc                __floatsidf
                0x00207ad4                __aeabi_ui2d
                0x002077b8                __aeabi_drsub
                0x00207b28                __extendsfdf2
                0x002077c4                __adddf3
                0x00207ad4                __floatunsidf
                0x002077c4                __aeabi_dadd
                0x00207b68                __aeabi_ul2d
                0x002077c0                __aeabi_dsub
                0x00207b68                __floatundidf
                0x00207afc                __aeabi_i2d
                0x00207b7c                __aeabi_l2d
                0x00207b28                __aeabi_f2d
                0x002077c0                __subdf3
 .text          0x00207be8      0x49c /cygdrive/C/cygwin/GNUARM/bin/../lib/gcc/arm-elf/4.0.2/thumb/interwork/libgcc.a(_muldivdf3.o)
                0x00207e78                __aeabi_ddiv
                0x00207be8                __aeabi_dmul
                0x00207e78                __divdf3
                0x00207be8                __muldf3
 .text          0x00208084      0x140 /cygdrive/C/cygwin/GNUARM/bin/../lib/gcc/arm-elf/4.0.2/thumb/interwork/libgcc.a(_cmpdf2.o)
                0x0020817c                __aeabi_dcmple
                0x00208094                __cmpdf2
                0x00208094                __eqdf2
                0x00208084                __gtdf2
                0x00208134                __aeabi_cdcmple
                0x00208118                __aeabi_cdrcmple
                0x0020808c                __ltdf2
                0x00208164                __aeabi_dcmplt
                0x0020808c                __ledf2
                0x002081ac                __aeabi_dcmpgt
                0x00208194                __aeabi_dcmpge
                0x00208094                __nedf2
                0x0020814c                __aeabi_dcmpeq
                0x00208134                __aeabi_cdcmpeq
                0x00208084                __gedf2
 .text          0x002081c4       0x7c /cygdrive/C/cygwin/GNUARM/bin/../lib/gcc/arm-elf/4.0.2/thumb/interwork/libgcc.a(_muldi3.o)
                0x002081c4                __muldi3
 .text          0x00208240       0x68 /cygdrive/C/cygwin/GNUARM/bin/../lib/gcc/arm-elf/4.0.2/../../../../arm-elf/lib/thumb/interwork/libc.a(memset.o)
                0x00208240                memset
 .text          0x002082a8       0x50 /cygdrive/C/cygwin/GNUARM/bin/../lib/gcc/arm-elf/4.0.2/../../../../arm-elf/lib/thumb/interwork/libc.a(rand.o)
                0x002082bc                rand
                0x002082a8                srand
 .text          0x002082f8       0x60 /cygdrive/C/cygwin/GNUARM/bin/../lib/gcc/arm-elf/4.0.2/../../../../arm-elf/lib/thumb/interwork/libc.a(strcpy.o)
                0x002082f8                strcpy
 .text          0x00208358       0x48 /cygdrive/C/cygwin/GNUARM/bin/../lib/gcc/arm-elf/4.0.2/../../../../arm-elf/lib/thumb/interwork/libc.a(strlen.o)
                0x00208358                strlen
 .glue_7        0x002083a0       0x30 /cygdrive/C/cygwin/GNUARM/bin/../lib/gcc/arm-elf/4.0.2/../../../../arm-elf/lib/thumb/interwork/libc.a(strncpy.o)
                0x002083b8                __call_posttaskhook_from_arm
                0x002083a1                __ecrobot_debug1_from_arm
                0x002083ad                __ecrobot_debug2_from_arm
                0x002083c4                __call_pretaskhook_from_arm
 .glue_7t       0x002083d0       0x60 /cygdrive/C/cygwin/GNUARM/bin/../lib/gcc/arm-elf/4.0.2/../../../../arm-elf/lib/thumb/interwork/libc.a(strncpy.o)
                0x002083fc                __start_change_to_arm
                0x00208418                __interrupts_get_and_disable_from_thumb
                0x00208410                ____gtdf2_from_thumb
                0x002083f0                __exit_and_dispatch_from_thumb
                0x002083f4                __exit_and_dispatch_change_to_arm
                0x002083d0                __disable_int_from_thumb
                0x002083e8                __start_dispatch_from_thumb
                0x002083f8                __start_from_thumb
                0x0020840c                ____muldf3_change_to_arm
                0x002083d8                __enable_int_from_thumb
                0x002083e0                __dispatch_from_thumb
                0x00208424                __interrupts_enable_change_to_arm
                0x0020841c                __interrupts_get_and_disable_change_to_arm
                0x002083e4                __dispatch_change_to_arm
                0x00208414                ____gtdf2_change_to_arm
                0x00208400                ____floatsidf_from_thumb
                0x00208429                __display_bios_status_from_thumb
                0x002083d4                __disable_int_change_to_arm
                0x00208408                ____muldf3_from_thumb
                0x002083dc                __enable_int_change_to_arm
                0x00208404                ____floatsidf_change_to_arm
                0x00208420                __interrupts_enable_from_thumb
                0x0020842c                __display_bios_status_change_to_arm
                0x002083ec                __start_dispatch_change_to_arm
                0x00208430                . = ALIGN (0x10)
 *(*.rodata *.rodata.*)
 .rodata.search_table.966
                0x00208430        0xf build/kernel/task.o
 *fill*         0x0020843f        0x1 00
 .rodata.alminib_cycle
                0x00208440        0xc build/./kernel_cfg.o
                0x00208440                alminib_cycle
 .rodata.alminib_almval
                0x0020844c        0xc build/./kernel_cfg.o
                0x0020844c                alminib_almval
 .rodata.alminib_autosta
                0x00208458        0x3 build/./kernel_cfg.o
                0x00208458                alminib_autosta
 *fill*         0x0020845b        0x1 00
 .rodata.alminib_cback
                0x0020845c        0xc build/./kernel_cfg.o
                0x0020845c                alminib_cback
 .rodata.alminib_cntid
                0x00208468        0x3 build/./kernel_cfg.o
                0x00208468                alminib_cntid
 *fill*         0x0020846b        0x1 00
 .rodata.cntinib_tickbase
                0x0020846c        0x4 build/./kernel_cfg.o
                0x0020846c                cntinib_tickbase
 .rodata.cntinib_maxval2
                0x00208470        0x4 build/./kernel_cfg.o
                0x00208470                cntinib_maxval2
 .rodata.cntinib_maxval
                0x00208474        0x4 build/./kernel_cfg.o
                0x00208474                cntinib_maxval
 .rodata.SysTimerCnt
                0x00208478        0x1 build/./kernel_cfg.o
                0x00208478                SysTimerCnt
 *fill*         0x00208479        0x1 00
 .rodata.tinib_stksz
                0x0020847a        0x6 build/./kernel_cfg.o
                0x0020847a                tinib_stksz
 .rodata.tinib_stk
                0x00208480        0xc build/./kernel_cfg.o
                0x00208480                tinib_stk
 .rodata.tinib_task
                0x0020848c        0xc build/./kernel_cfg.o
                0x0020848c                tinib_task
 .rodata.tinib_autoact
                0x00208498        0x3 build/./kernel_cfg.o
                0x00208498                tinib_autoact
 .rodata.tinib_maxact
                0x0020849b        0x3 build/./kernel_cfg.o
                0x0020849b                tinib_maxact
 .rodata.tinib_exepri
                0x0020849e        0x3 build/./kernel_cfg.o
                0x0020849e                tinib_exepri
 .rodata.tinib_inipri
                0x002084a1        0x3 build/./kernel_cfg.o
                0x002084a1                tinib_inipri
 .rodata.tnum_exttask
                0x002084a4        0x1 build/./kernel_cfg.o
                0x002084a4                tnum_exttask
 .rodata.tnum_task
                0x002084a5        0x1 build/./kernel_cfg.o
                0x002084a5                tnum_task
 .rodata.tnum_counter
                0x002084a6        0x1 build/./kernel_cfg.o
                0x002084a6                tnum_counter
 .rodata.tnum_alarm
                0x002084a7        0x1 build/./kernel_cfg.o
                0x002084a7                tnum_alarm
 .rodata.exec_addr
                0x002084a8        0x4 build/ecrobot_base.o
                0x002084a8                exec_addr
 .rodata.str1.4
                0x002084ac       0x80 build/ecrobot_base.o
 .rodata.str1.4
                0x0020852c       0xc1 build/lineFollower.o
                                 0xd4 (size before relaxing)
 *fill*         0x002085ed        0x3 00
 .rodata.TaskMainManageState
                0x002085f0       0x30 build/lineFollower.o
 .rodata.NXT_COLORSENSOR_PROTOCOLS
                0x00208620        0x7 ../../ecrobot/../ecrobot/libecrobot.a(ecrobot_interface.o)
                0x00208620                NXT_COLORSENSOR_PROTOCOLS
 *fill*         0x00208627        0x1 00
 .rodata.str1.4
                0x00208628        0x2 /cygdrive/C/cygwin/GNUARM/bin/../lib/gcc/arm-elf/4.0.2/../../../../arm-elf/lib/thumb/interwork/libc.a(impure.o)
                                  0x4 (size before relaxing)
                0x00208630                . = ALIGN (0x10)
 *fill*         0x0020862a        0x6 00
 *(*.gnu.linkonce.* .gcc_except_table)
                0x00208630                . = ALIGN (0x10)

.tors           0x00208630        0x0
                0x00208630                . = ALIGN (0x10)
                0x00208630                __ctor_begin = .
 *(*.ctors*)
                0x00208630                __ctor_end = .
                0x00208630                . = ALIGN (0x10)
                0x00208630                __dtor_begin = .
 *(*.dtors*)
                0x00208630                __dtor_end = .
                0x00208630                . = ALIGN (0x10)

.bss            0x00208630     0x14fc
 *(*.bss *.bss.*)
 .bss.ready_primap
                0x00208630        0x2 build/kernel/task.o
 .bss.ready_queue_last
                0x00208632       0x10 build/kernel/task.o
 .bss.ready_queue_first
                0x00208642       0x10 build/kernel/task.o
 *fill*         0x00208652        0x2 00
 .bss._stack_ManageState
                0x00208654      0x200 build/./kernel_cfg.o
 .bss._stack_ReadColour
                0x00208854      0x200 build/./kernel_cfg.o
 .bss._stack_ReadButtons
                0x00208a54      0x200 build/./kernel_cfg.o
 .bss.status_bar_position
                0x00208c54        0x4 build/ecrobot_base.o
 .bss.last_act_time.2686
                0x00208c58        0x4 build/ecrobot_base.o
 .bss.lcd.2615  0x00208c5c      0x320 build/ecrobot_base.o
 .bss.OS_flag   0x00208f7c        0x4 build/ecrobot_base.o
 .bss.status_bar
                0x00208f80       0x10 build/ecrobot_base.o
 .bss.run_button
                0x00208f90        0x4 build/lineFollower.o
 .bss.enter_button
                0x00208f94        0x4 build/lineFollower.o
 .bss.color_cal_state
                0x00208f98        0x1 build/lineFollower.o
 .bss.random    0x00208f99        0x1 build/lineFollower.o
 .bss.black_count
                0x00208f9a        0x2 build/lineFollower.o
 .bss.search_time
                0x00208f9c        0x2 build/lineFollower.o
 .bss.state     0x00208f9e        0x1 build/lineFollower.o
 *fill*         0x00208f9f        0x1 00
 .bss.colorCal  0x00208fa0       0x60 build/lineFollower.o
 .bss.color     0x00209000        0x1 build/lineFollower.o
 .bss.old_state
                0x00209001        0x1 build/lineFollower.o
 *fill*         0x00209002        0x2 00
 .bss.buttons_i
                0x00209004        0x4 ../../ecrobot/../ecrobot/libecrobot.a(ecrobot_interface.o)
 .bss.buttons_states
                0x00209008       0x14 ../../ecrobot/../ecrobot/libecrobot.a(ecrobot_interface.o)
 .bss.ecrobot_inputs
                0x0020901c        0x8 ../../ecrobot/../ecrobot/libecrobot.a(ecrobot_interface.o)
 .bss.sensor_data
                0x00209024       0x40 ../../ecrobot/../ecrobot/libecrobot.a(ecrobot_interface.o)
 .bss.rgb_buf   0x00209064        0xc ../../ecrobot/../ecrobot/libecrobot.a(colorsensor.o)
 .bss.systick_ms
                0x00209070        0x4 ../../ecrobot/../ecrobot/libecrobot.a(systick.oram)
 .bss.delayedEnable
                0x00209074        0x1 ../../ecrobot/../ecrobot/libecrobot.a(udp.oram)
 *fill*         0x00209075        0x3 00
 .bss.outCnt    0x00209078        0x4 ../../ecrobot/../ecrobot/libecrobot.a(udp.oram)
 .bss.outPtr    0x0020907c        0x4 ../../ecrobot/../ecrobot/libecrobot.a(udp.oram)
 .bss.newAddress
                0x00209080        0x4 ../../ecrobot/../ecrobot/libecrobot.a(udp.oram)
 .bss.currentRxBank
                0x00209084        0x4 ../../ecrobot/../ecrobot/libecrobot.a(udp.oram)
 .bss.currentFeatures
                0x00209088        0x4 ../../ecrobot/../ecrobot/libecrobot.a(udp.oram)
 .bss.currentConfig
                0x0020908c        0x1 ../../ecrobot/../ecrobot/libecrobot.a(udp.oram)
 *fill*         0x0020908d        0x3 00
 .bss.twi_mask  0x00209090        0x4 ../../ecrobot/../ecrobot/libecrobot.a(twi.oram)
 .bss.twi_ptr   0x00209094        0x4 ../../ecrobot/../ecrobot/libecrobot.a(twi.oram)
 .bss.twi_pending
                0x00209098        0x4 ../../ecrobot/../ecrobot/libecrobot.a(twi.oram)
 .bss.twi_state
                0x0020909c        0x4 ../../ecrobot/../ecrobot/libecrobot.a(twi.oram)
 .bss.page      0x002090a0        0x1 ../../ecrobot/../ecrobot/libecrobot.a(nxt_spi.oram)
                0x002090a0                page
 .bss.dirty     0x002090a1        0x1 ../../ecrobot/../ecrobot/libecrobot.a(nxt_spi.oram)
                0x002090a1                dirty
 *fill*         0x002090a2        0x2 00
 .bss.display   0x002090a4        0x4 ../../ecrobot/../ecrobot/libecrobot.a(nxt_spi.oram)
                0x002090a4                display
 .bss.interrupts_this_period
                0x002090a8        0x4 ../../ecrobot/../ecrobot/libecrobot.a(nxt_motors.oram)
 .bss.nxt_motor_initialised
                0x002090ac        0x4 ../../ecrobot/../ecrobot/libecrobot.a(nxt_motors.oram)
 .bss.motor     0x002090b0       0x30 ../../ecrobot/../ecrobot/libecrobot.a(nxt_motors.oram)
 .bss.display_tick
                0x002090e0        0x4 ../../ecrobot/../ecrobot/libecrobot.a(display.oram)
                0x002090e0                display_tick
 .bss.display_array
                0x002090e4      0x388 ../../ecrobot/../ecrobot/libecrobot.a(display.oram)
 .bss.i2c_int_count
                0x0020946c        0x4 ../../ecrobot/../ecrobot/libecrobot.a(i2c.oram)
 .bss.i2c_port  0x00209470      0x170 ../../ecrobot/../ecrobot/libecrobot.a(i2c.oram)
 .bss.sound_mode
                0x002095e0        0x1 ../../ecrobot/../ecrobot/libecrobot.a(sound.oram)
                0x002095e0                sound_mode
 *fill*         0x002095e1        0x3 00
 .bss.in_buf_idx
                0x002095e4        0x4 ../../ecrobot/../ecrobot/libecrobot.a(bt.oram)
 .bss.buf_ptr   0x002095e8        0x4 ../../ecrobot/../ecrobot/libecrobot.a(bt.oram)
 .bss.out_buf_ptr
                0x002095ec        0x1 ../../ecrobot/../ecrobot/libecrobot.a(bt.oram)
 .bss.in_buf_in_ptr
                0x002095ed        0x1 ../../ecrobot/../ecrobot/libecrobot.a(bt.oram)
 .bss.in_buf    0x002095ee      0x100 ../../ecrobot/../ecrobot/libecrobot.a(bt.oram)
 *fill*         0x002096ee        0x2 00
 .bss.link_state
                0x002096f0        0x4 ../../ecrobot/../ecrobot/libecrobot.a(nxt_avr.oram)
 .bss.update_count
                0x002096f4        0x4 ../../ecrobot/../ecrobot/libecrobot.a(nxt_avr.oram)
 .bss.nxt_avr_stats
                0x002096f8       0x14 ../../ecrobot/../ecrobot/libecrobot.a(nxt_avr.oram)
 .bss.debounce_cnt
                0x0020970c        0x2 ../../ecrobot/../ecrobot/libecrobot.a(nxt_avr.oram)
 .bss.debounce_state
                0x0020970e        0x2 ../../ecrobot/../ecrobot/libecrobot.a(nxt_avr.oram)
 .bss.button_state
                0x00209710        0x2 ../../ecrobot/../ecrobot/libecrobot.a(nxt_avr.oram)
 .bss.prev_buttons
                0x00209712        0x2 ../../ecrobot/../ecrobot/libecrobot.a(nxt_avr.oram)
 .bss.from_buf  0x00209714        0x4 ../../ecrobot/../ecrobot/libecrobot.a(nxt_avr.oram)
 .bss.io_from_avr
                0x00209718        0x4 ../../ecrobot/../ecrobot/libecrobot.a(nxt_avr.oram)
 .bss.data_from_avr
                0x0020971c       0x1a ../../ecrobot/../ecrobot/libecrobot.a(nxt_avr.oram)
 .bss.data_to_avr
                0x00209736        0x9 ../../ecrobot/../ecrobot/libecrobot.a(nxt_avr.oram)
 .bss.io_to_avr
                0x0020973f        0x8 ../../ecrobot/../ecrobot/libecrobot.a(nxt_avr.oram)
 *fill*         0x00209747        0x1 00
 .bss.display   0x00209748        0x4 ../../ecrobot/../ecrobot/libecrobot.a(nxt_lcd.oram)
                0x00209750                . = ALIGN (0x10)
 *fill*         0x0020974c        0x4 00
                0x00209750                __bss_end__ = .
 COMMON         0x00209750        0x2 build/kernel/interrupt.o
                0x00209750                runisr
                0x00209751                sus_all_cnt
 *fill*         0x00209752        0x2 00
 COMMON         0x00209754       0x10 build/kernel/osctl.o
                0x00209754                callevel
                0x00209755                _errorhook_svcid
                0x00209756                appmode
                0x00209758                _errorhook_par1
                0x0020975c                _errorhook_par3
                0x00209760                _errorhook_par2
 COMMON         0x00209764        0x3 build/kernel/task.o
                0x00209764                runtsk
                0x00209765                schedtsk
                0x00209766                nextpri
 *fill*         0x00209767        0x1 00
 COMMON         0x00209768       0x58 build/./kernel_cfg.o
                0x00209768                tcb_waievt
                0x0020976c                rescb_prevpri
                0x0020976d                almcb_prev
                0x00209770                tcb_lastres
                0x00209774                almcb_almval
                0x00209780                tcxb_pc
                0x0020978c                tcb_next
                0x0020978f                tcb_curpri
                0x00209792                tcb_tstat
                0x00209795                isrcb_lastres
                0x00209796                cntcb_almque
                0x00209797                rescb_prevres
                0x00209798                tcb_actcnt
                0x0020979c                tcb_curevt
                0x002097a0                almcb_cycle
                0x002097ac                tcxb_sp
                0x002097b8                almcb_next
                0x002097bc                cntcb_curval
 COMMON         0x002097c0       0x44 ../../ecrobot/../ecrobot/libecrobot.a(uart.oram)
                0x002097c0                uart
 COMMON         0x00209804        0x4 ../../ecrobot/../ecrobot/libecrobot.a(data_abort.oram)
                0x00209804                data_abort_pc
 COMMON         0x00209808        0x8 ../../ecrobot/../ecrobot/libecrobot.a(display.oram)
                0x00209808                display_x
                0x0020980c                display_y
 COMMON         0x00209810      0x31c ../../ecrobot/../ecrobot/libecrobot.a(sound.oram)
                0x00209810                sample
                0x00208630                __bss_start__ = ADDR (.bss)
                0x00209b2c                __bss_end__ = (ADDR (.bss) + SIZEOF (.bss))
                0x00209b2c                PROVIDE (end, .)

.heap_area      0x00209b2c     0x604c
                0x0020fb78                . = (. + (0x20fb78 - end))
 *fill*         0x00209b2c     0x604c 00

.stack          0x0020fb78      0x488
                0x0020fbf8                . = (. + 0x80)
 *fill*         0x0020fb78       0x80 00
                0x0020fc00                . = ALIGN (0x10)
 *fill*         0x0020fbf8        0x8 00
                0x0020fc00                __irq_stack__ = .
                0x0020fc00                __system_stack_bottom__ = .
                0x00210000                . = (. + 0x400)
 *fill*         0x0020fc00      0x400 00
                0x00210000                . = ALIGN (0x10)
                0x00210000                __system_stack__ = .
                0x00210000                __system_stack_top__ = .
                0x0020fb78                __stack_start__ = ADDR (.stack)
                0x00210000                __stack_end__ = (ADDR (.stack) + SIZEOF (.stack))
OUTPUT(CleverCLF_ram.elf elf32-littlearm)

.comment        0x00000000      0x384
 .comment       0x00000000       0x12 build/kernel/alarm.o
 .comment       0x00000012       0x12 build/kernel/event.o
 .comment       0x00000024       0x12 build/kernel/interrupt.o
 .comment       0x00000036       0x12 build/kernel/osctl.o
 .comment       0x00000048       0x12 build/kernel/resource.o
 .comment       0x0000005a       0x12 build/kernel/task.o
 .comment       0x0000006c       0x12 build/kernel/task_manage.o
 .comment       0x0000007e       0x12 build/config/at91sam7s-gnu/cpu_config.o
 .comment       0x00000090       0x12 build/config/at91sam7s-gnu/lego_nxt/sys_config.o
 .comment       0x000000a2       0x12 build/./kernel_cfg.o
 .comment       0x000000b4       0x12 build/syscalls.o
 .comment       0x000000c6       0x12 build/ecrobot_bluetooth.o
 .comment       0x000000d8       0x12 build/ecrobot_base.o
 .comment       0x000000ea       0x12 build/ecrobot.o
 .comment       0x000000fc       0x12 build/lineFollower.o
 .comment       0x0000010e       0x12 build/syslib/at91sam7s-gnu/lego_nxt/hw_sys_timer.oram
 .comment       0x00000120       0x12 ../../ecrobot/../ecrobot/libecrobot.a(ecrobot_interface.o)
 .comment       0x00000132       0x12 ../../ecrobot/../ecrobot/libecrobot.a(colorsensor.o)
 .comment       0x00000144       0x12 ../../ecrobot/../ecrobot/libecrobot.a(osek_hook.o)
 .comment       0x00000156       0x12 ../../ecrobot/../ecrobot/libecrobot.a(uart.oram)
 .comment       0x00000168       0x12 ../../ecrobot/../ecrobot/libecrobot.a(systick.oram)
 .comment       0x0000017a       0x12 ../../ecrobot/../ecrobot/libecrobot.a(byte_fifo.oram)
 .comment       0x0000018c       0x12 ../../ecrobot/../ecrobot/libecrobot.a(aic.oram)
 .comment       0x0000019e       0x12 ../../ecrobot/../ecrobot/libecrobot.a(udp.oram)
 .comment       0x000001b0       0x12 ../../ecrobot/../ecrobot/libecrobot.a(twi.oram)
 .comment       0x000001c2       0x12 ../../ecrobot/../ecrobot/libecrobot.a(nxt_spi.oram)
 .comment       0x000001d4       0x12 ../../ecrobot/../ecrobot/libecrobot.a(nxt_motors.oram)
 .comment       0x000001e6       0x12 ../../ecrobot/../ecrobot/libecrobot.a(data_abort.oram)
 .comment       0x000001f8       0x12 ../../ecrobot/../ecrobot/libecrobot.a(display.oram)
 .comment       0x0000020a       0x12 ../../ecrobot/../ecrobot/libecrobot.a(i2c.oram)
 .comment       0x0000021c       0x12 ../../ecrobot/../ecrobot/libecrobot.a(sound.oram)
 .comment       0x0000022e       0x12 ../../ecrobot/../ecrobot/libecrobot.a(bt.oram)
 .comment       0x00000240       0x12 ../../ecrobot/../ecrobot/libecrobot.a(nxt_avr.oram)
 .comment       0x00000252       0x12 ../../ecrobot/../ecrobot/libecrobot.a(sensors.oram)
 .comment       0x00000264       0x12 ../../ecrobot/../ecrobot/libecrobot.a(sensors1.oram)
 .comment       0x00000276       0x12 ../../ecrobot/../ecrobot/libecrobot.a(nxt_lcd.oram)
 .comment       0x00000288       0x12 ../../ecrobot/../ecrobot/libecrobot.a(flash_loader.oram)
 .comment       0x0000029a       0x12 ../../ecrobot/../ecrobot/libecrobot.a(ecrobot_usb.o)
 .comment       0x000002ac       0x12 ../../ecrobot/../ecrobot/libecrobot.a(flashprog.oram)
 .comment       0x000002be       0x12 /cygdrive/C/cygwin/GNUARM/bin/../lib/gcc/arm-elf/4.0.2/thumb/interwork/libgcc.a(_muldi3.o)
 .comment       0x000002d0       0x12 /cygdrive/C/cygwin/GNUARM/bin/../lib/gcc/arm-elf/4.0.2/thumb/interwork/libgcc.a(_divdi3.o)
 .comment       0x000002e2       0x12 /cygdrive/C/cygwin/GNUARM/bin/../lib/gcc/arm-elf/4.0.2/thumb/interwork/libgcc.a(_clz.o)
 .comment       0x000002f4       0x12 /cygdrive/C/cygwin/GNUARM/bin/../lib/gcc/arm-elf/4.0.2/../../../../arm-elf/lib/thumb/interwork/libc.a(memcpy.o)
 .comment       0x00000306       0x12 /cygdrive/C/cygwin/GNUARM/bin/../lib/gcc/arm-elf/4.0.2/../../../../arm-elf/lib/thumb/interwork/libc.a(memset.o)
 .comment       0x00000318       0x12 /cygdrive/C/cygwin/GNUARM/bin/../lib/gcc/arm-elf/4.0.2/../../../../arm-elf/lib/thumb/interwork/libc.a(rand.o)
 .comment       0x0000032a       0x12 /cygdrive/C/cygwin/GNUARM/bin/../lib/gcc/arm-elf/4.0.2/../../../../arm-elf/lib/thumb/interwork/libc.a(strcmp.o)
 .comment       0x0000033c       0x12 /cygdrive/C/cygwin/GNUARM/bin/../lib/gcc/arm-elf/4.0.2/../../../../arm-elf/lib/thumb/interwork/libc.a(strcpy.o)
 .comment       0x0000034e       0x12 /cygdrive/C/cygwin/GNUARM/bin/../lib/gcc/arm-elf/4.0.2/../../../../arm-elf/lib/thumb/interwork/libc.a(strlen.o)
 .comment       0x00000360       0x12 /cygdrive/C/cygwin/GNUARM/bin/../lib/gcc/arm-elf/4.0.2/../../../../arm-elf/lib/thumb/interwork/libc.a(strncpy.o)
 .comment       0x00000372       0x12 /cygdrive/C/cygwin/GNUARM/bin/../lib/gcc/arm-elf/4.0.2/../../../../arm-elf/lib/thumb/interwork/libc.a(impure.o)

.debug_line     0x00000000      0xd52
 .debug_line    0x00000000       0x70 /cygdrive/C/cygwin/GNUARM/bin/../lib/gcc/arm-elf/4.0.2/thumb/interwork/libgcc.a(_udivsi3.o)
 .debug_line    0x00000070       0x7c /cygdrive/C/cygwin/GNUARM/bin/../lib/gcc/arm-elf/4.0.2/thumb/interwork/libgcc.a(_divsi3.o)
 .debug_line    0x000000ec       0x68 /cygdrive/C/cygwin/GNUARM/bin/../lib/gcc/arm-elf/4.0.2/thumb/interwork/libgcc.a(_umodsi3.o)
 .debug_line    0x00000154       0x71 /cygdrive/C/cygwin/GNUARM/bin/../lib/gcc/arm-elf/4.0.2/thumb/interwork/libgcc.a(_modsi3.o)
 .debug_line    0x000001c5       0x5a /cygdrive/C/cygwin/GNUARM/bin/../lib/gcc/arm-elf/4.0.2/thumb/interwork/libgcc.a(_dvmd_tls.o)
 .debug_line    0x0000021f      0x162 /cygdrive/C/cygwin/GNUARM/bin/../lib/gcc/arm-elf/4.0.2/thumb/interwork/libgcc.a(_addsubdf3.o)
 .debug_line    0x00000381      0x177 /cygdrive/C/cygwin/GNUARM/bin/../lib/gcc/arm-elf/4.0.2/thumb/interwork/libgcc.a(_muldivdf3.o)
 .debug_line    0x000004f8       0xa4 /cygdrive/C/cygwin/GNUARM/bin/../lib/gcc/arm-elf/4.0.2/thumb/interwork/libgcc.a(_cmpdf2.o)
 .debug_line    0x0000059c       0x61 /cygdrive/C/cygwin/GNUARM/bin/../lib/gcc/arm-elf/4.0.2/thumb/interwork/libgcc.a(_muldi3.o)
 .debug_line    0x000005fd      0x122 /cygdrive/C/cygwin/GNUARM/bin/../lib/gcc/arm-elf/4.0.2/thumb/interwork/libgcc.a(_divdi3.o)
 .debug_line    0x0000071f       0x48 /cygdrive/C/cygwin/GNUARM/bin/../lib/gcc/arm-elf/4.0.2/thumb/interwork/libgcc.a(_clz.o)
 .debug_line    0x00000767       0xc3 /cygdrive/C/cygwin/GNUARM/bin/../lib/gcc/arm-elf/4.0.2/../../../../arm-elf/lib/thumb/interwork/libc.a(memcpy.o)
 .debug_line    0x0000082a       0xd4 /cygdrive/C/cygwin/GNUARM/bin/../lib/gcc/arm-elf/4.0.2/../../../../arm-elf/lib/thumb/interwork/libc.a(memset.o)
 .debug_line    0x000008fe       0xf8 /cygdrive/C/cygwin/GNUARM/bin/../lib/gcc/arm-elf/4.0.2/../../../../arm-elf/lib/thumb/interwork/libc.a(rand.o)
 .debug_line    0x000009f6       0x88 /cygdrive/C/cygwin/GNUARM/bin/../lib/gcc/arm-elf/4.0.2/../../../../arm-elf/lib/thumb/interwork/libc.a(strcmp.o)
 .debug_line    0x00000a7e       0x80 /cygdrive/C/cygwin/GNUARM/bin/../lib/gcc/arm-elf/4.0.2/../../../../arm-elf/lib/thumb/interwork/libc.a(strcpy.o)
 .debug_line    0x00000afe       0xaf /cygdrive/C/cygwin/GNUARM/bin/../lib/gcc/arm-elf/4.0.2/../../../../arm-elf/lib/thumb/interwork/libc.a(strlen.o)
 .debug_line    0x00000bad       0xc2 /cygdrive/C/cygwin/GNUARM/bin/../lib/gcc/arm-elf/4.0.2/../../../../arm-elf/lib/thumb/interwork/libc.a(strncpy.o)
 .debug_line    0x00000c6f       0xe3 /cygdrive/C/cygwin/GNUARM/bin/../lib/gcc/arm-elf/4.0.2/../../../../arm-elf/lib/thumb/interwork/libc.a(impure.o)

.debug_info     0x00000000     0x25d2
 .debug_info    0x00000000       0x6a /cygdrive/C/cygwin/GNUARM/bin/../lib/gcc/arm-elf/4.0.2/thumb/interwork/libgcc.a(_udivsi3.o)
 .debug_info    0x0000006a       0x6a /cygdrive/C/cygwin/GNUARM/bin/../lib/gcc/arm-elf/4.0.2/thumb/interwork/libgcc.a(_divsi3.o)
 .debug_info    0x000000d4       0x6a /cygdrive/C/cygwin/GNUARM/bin/../lib/gcc/arm-elf/4.0.2/thumb/interwork/libgcc.a(_umodsi3.o)
 .debug_info    0x0000013e       0x6a /cygdrive/C/cygwin/GNUARM/bin/../lib/gcc/arm-elf/4.0.2/thumb/interwork/libgcc.a(_modsi3.o)
 .debug_info    0x000001a8       0x6a /cygdrive/C/cygwin/GNUARM/bin/../lib/gcc/arm-elf/4.0.2/thumb/interwork/libgcc.a(_dvmd_tls.o)
 .debug_info    0x00000212       0x69 /cygdrive/C/cygwin/GNUARM/bin/../lib/gcc/arm-elf/4.0.2/thumb/interwork/libgcc.a(_addsubdf3.o)
 .debug_info    0x0000027b       0x69 /cygdrive/C/cygwin/GNUARM/bin/../lib/gcc/arm-elf/4.0.2/thumb/interwork/libgcc.a(_muldivdf3.o)
 .debug_info    0x000002e4       0x69 /cygdrive/C/cygwin/GNUARM/bin/../lib/gcc/arm-elf/4.0.2/thumb/interwork/libgcc.a(_cmpdf2.o)
 .debug_info    0x0000034d      0x20e /cygdrive/C/cygwin/GNUARM/bin/../lib/gcc/arm-elf/4.0.2/thumb/interwork/libgcc.a(_muldi3.o)
 .debug_info    0x0000055b      0x758 /cygdrive/C/cygwin/GNUARM/bin/../lib/gcc/arm-elf/4.0.2/thumb/interwork/libgcc.a(_divdi3.o)
 .debug_info    0x00000cb3       0xc9 /cygdrive/C/cygwin/GNUARM/bin/../lib/gcc/arm-elf/4.0.2/thumb/interwork/libgcc.a(_clz.o)
 .debug_info    0x00000d7c      0x10d /cygdrive/C/cygwin/GNUARM/bin/../lib/gcc/arm-elf/4.0.2/../../../../arm-elf/lib/thumb/interwork/libc.a(memcpy.o)
 .debug_info    0x00000e89      0x111 /cygdrive/C/cygwin/GNUARM/bin/../lib/gcc/arm-elf/4.0.2/../../../../arm-elf/lib/thumb/interwork/libc.a(memset.o)
 .debug_info    0x00000f9a      0x936 /cygdrive/C/cygwin/GNUARM/bin/../lib/gcc/arm-elf/4.0.2/../../../../arm-elf/lib/thumb/interwork/libc.a(rand.o)
 .debug_info    0x000018d0       0xd9 /cygdrive/C/cygwin/GNUARM/bin/../lib/gcc/arm-elf/4.0.2/../../../../arm-elf/lib/thumb/interwork/libc.a(strcmp.o)
 .debug_info    0x000019a9      0x10c /cygdrive/C/cygwin/GNUARM/bin/../lib/gcc/arm-elf/4.0.2/../../../../arm-elf/lib/thumb/interwork/libc.a(strcpy.o)
 .debug_info    0x00001ab5       0xd5 /cygdrive/C/cygwin/GNUARM/bin/../lib/gcc/arm-elf/4.0.2/../../../../arm-elf/lib/thumb/interwork/libc.a(strlen.o)
 .debug_info    0x00001b8a      0x126 /cygdrive/C/cygwin/GNUARM/bin/../lib/gcc/arm-elf/4.0.2/../../../../arm-elf/lib/thumb/interwork/libc.a(strncpy.o)
 .debug_info    0x00001cb0      0x922 /cygdrive/C/cygwin/GNUARM/bin/../lib/gcc/arm-elf/4.0.2/../../../../arm-elf/lib/thumb/interwork/libc.a(impure.o)

.debug_abbrev   0x00000000      0x979
 .debug_abbrev  0x00000000       0x14 /cygdrive/C/cygwin/GNUARM/bin/../lib/gcc/arm-elf/4.0.2/thumb/interwork/libgcc.a(_udivsi3.o)
 .debug_abbrev  0x00000014       0x14 /cygdrive/C/cygwin/GNUARM/bin/../lib/gcc/arm-elf/4.0.2/thumb/interwork/libgcc.a(_divsi3.o)
 .debug_abbrev  0x00000028       0x14 /cygdrive/C/cygwin/GNUARM/bin/../lib/gcc/arm-elf/4.0.2/thumb/interwork/libgcc.a(_umodsi3.o)
 .debug_abbrev  0x0000003c       0x14 /cygdrive/C/cygwin/GNUARM/bin/../lib/gcc/arm-elf/4.0.2/thumb/interwork/libgcc.a(_modsi3.o)
 .debug_abbrev  0x00000050       0x14 /cygdrive/C/cygwin/GNUARM/bin/../lib/gcc/arm-elf/4.0.2/thumb/interwork/libgcc.a(_dvmd_tls.o)
 .debug_abbrev  0x00000064       0x14 /cygdrive/C/cygwin/GNUARM/bin/../lib/gcc/arm-elf/4.0.2/thumb/interwork/libgcc.a(_addsubdf3.o)
 .debug_abbrev  0x00000078       0x14 /cygdrive/C/cygwin/GNUARM/bin/../lib/gcc/arm-elf/4.0.2/thumb/interwork/libgcc.a(_muldivdf3.o)
 .debug_abbrev  0x0000008c       0x14 /cygdrive/C/cygwin/GNUARM/bin/../lib/gcc/arm-elf/4.0.2/thumb/interwork/libgcc.a(_cmpdf2.o)
 .debug_abbrev  0x000000a0       0xec /cygdrive/C/cygwin/GNUARM/bin/../lib/gcc/arm-elf/4.0.2/thumb/interwork/libgcc.a(_muldi3.o)
 .debug_abbrev  0x0000018c      0x174 /cygdrive/C/cygwin/GNUARM/bin/../lib/gcc/arm-elf/4.0.2/thumb/interwork/libgcc.a(_divdi3.o)
 .debug_abbrev  0x00000300       0x61 /cygdrive/C/cygwin/GNUARM/bin/../lib/gcc/arm-elf/4.0.2/thumb/interwork/libgcc.a(_clz.o)
 .debug_abbrev  0x00000361       0x99 /cygdrive/C/cygwin/GNUARM/bin/../lib/gcc/arm-elf/4.0.2/../../../../arm-elf/lib/thumb/interwork/libc.a(memcpy.o)
 .debug_abbrev  0x000003fa       0x9a /cygdrive/C/cygwin/GNUARM/bin/../lib/gcc/arm-elf/4.0.2/../../../../arm-elf/lib/thumb/interwork/libc.a(memset.o)
 .debug_abbrev  0x00000494      0x185 /cygdrive/C/cygwin/GNUARM/bin/../lib/gcc/arm-elf/4.0.2/../../../../arm-elf/lib/thumb/interwork/libc.a(rand.o)
 .debug_abbrev  0x00000619       0x71 /cygdrive/C/cygwin/GNUARM/bin/../lib/gcc/arm-elf/4.0.2/../../../../arm-elf/lib/thumb/interwork/libc.a(strcmp.o)
 .debug_abbrev  0x0000068a       0x80 /cygdrive/C/cygwin/GNUARM/bin/../lib/gcc/arm-elf/4.0.2/../../../../arm-elf/lib/thumb/interwork/libc.a(strcpy.o)
 .debug_abbrev  0x0000070a       0x8b /cygdrive/C/cygwin/GNUARM/bin/../lib/gcc/arm-elf/4.0.2/../../../../arm-elf/lib/thumb/interwork/libc.a(strlen.o)
 .debug_abbrev  0x00000795       0x8d /cygdrive/C/cygwin/GNUARM/bin/../lib/gcc/arm-elf/4.0.2/../../../../arm-elf/lib/thumb/interwork/libc.a(strncpy.o)
 .debug_abbrev  0x00000822      0x157 /cygdrive/C/cygwin/GNUARM/bin/../lib/gcc/arm-elf/4.0.2/../../../../arm-elf/lib/thumb/interwork/libc.a(impure.o)

.debug_aranges  0x00000000      0x220
 .debug_aranges
                0x00000000       0x20 /cygdrive/C/cygwin/GNUARM/bin/../lib/gcc/arm-elf/4.0.2/thumb/interwork/libgcc.a(_udivsi3.o)
 .debug_aranges
                0x00000020       0x20 /cygdrive/C/cygwin/GNUARM/bin/../lib/gcc/arm-elf/4.0.2/thumb/interwork/libgcc.a(_divsi3.o)
 .debug_aranges
                0x00000040       0x20 /cygdrive/C/cygwin/GNUARM/bin/../lib/gcc/arm-elf/4.0.2/thumb/interwork/libgcc.a(_umodsi3.o)
 .debug_aranges
                0x00000060       0x20 /cygdrive/C/cygwin/GNUARM/bin/../lib/gcc/arm-elf/4.0.2/thumb/interwork/libgcc.a(_modsi3.o)
 .debug_aranges
                0x00000080       0x20 /cygdrive/C/cygwin/GNUARM/bin/../lib/gcc/arm-elf/4.0.2/thumb/interwork/libgcc.a(_dvmd_tls.o)
 .debug_aranges
                0x000000a0       0x20 /cygdrive/C/cygwin/GNUARM/bin/../lib/gcc/arm-elf/4.0.2/thumb/interwork/libgcc.a(_addsubdf3.o)
 .debug_aranges
                0x000000c0       0x20 /cygdrive/C/cygwin/GNUARM/bin/../lib/gcc/arm-elf/4.0.2/thumb/interwork/libgcc.a(_muldivdf3.o)
 .debug_aranges
                0x000000e0       0x20 /cygdrive/C/cygwin/GNUARM/bin/../lib/gcc/arm-elf/4.0.2/thumb/interwork/libgcc.a(_cmpdf2.o)
 .debug_aranges
                0x00000100       0x20 /cygdrive/C/cygwin/GNUARM/bin/../lib/gcc/arm-elf/4.0.2/thumb/interwork/libgcc.a(_muldi3.o)
 .debug_aranges
                0x00000120       0x20 /cygdrive/C/cygwin/GNUARM/bin/../lib/gcc/arm-elf/4.0.2/thumb/interwork/libgcc.a(_divdi3.o)
 .debug_aranges
                0x00000140       0x20 /cygdrive/C/cygwin/GNUARM/bin/../lib/gcc/arm-elf/4.0.2/../../../../arm-elf/lib/thumb/interwork/libc.a(memcpy.o)
 .debug_aranges
                0x00000160       0x20 /cygdrive/C/cygwin/GNUARM/bin/../lib/gcc/arm-elf/4.0.2/../../../../arm-elf/lib/thumb/interwork/libc.a(memset.o)
 .debug_aranges
                0x00000180       0x20 /cygdrive/C/cygwin/GNUARM/bin/../lib/gcc/arm-elf/4.0.2/../../../../arm-elf/lib/thumb/interwork/libc.a(rand.o)
 .debug_aranges
                0x000001a0       0x20 /cygdrive/C/cygwin/GNUARM/bin/../lib/gcc/arm-elf/4.0.2/../../../../arm-elf/lib/thumb/interwork/libc.a(strcmp.o)
 .debug_aranges
                0x000001c0       0x20 /cygdrive/C/cygwin/GNUARM/bin/../lib/gcc/arm-elf/4.0.2/../../../../arm-elf/lib/thumb/interwork/libc.a(strcpy.o)
 .debug_aranges
                0x000001e0       0x20 /cygdrive/C/cygwin/GNUARM/bin/../lib/gcc/arm-elf/4.0.2/../../../../arm-elf/lib/thumb/interwork/libc.a(strlen.o)
 .debug_aranges
                0x00000200       0x20 /cygdrive/C/cygwin/GNUARM/bin/../lib/gcc/arm-elf/4.0.2/../../../../arm-elf/lib/thumb/interwork/libc.a(strncpy.o)

.debug_frame    0x00000000      0x1bc
 .debug_frame   0x00000000       0x38 /cygdrive/C/cygwin/GNUARM/bin/../lib/gcc/arm-elf/4.0.2/thumb/interwork/libgcc.a(_muldi3.o)
 .debug_frame   0x00000038       0x3c /cygdrive/C/cygwin/GNUARM/bin/../lib/gcc/arm-elf/4.0.2/thumb/interwork/libgcc.a(_divdi3.o)
 .debug_frame   0x00000074       0x2c /cygdrive/C/cygwin/GNUARM/bin/../lib/gcc/arm-elf/4.0.2/../../../../arm-elf/lib/thumb/interwork/libc.a(memcpy.o)
 .debug_frame   0x000000a0       0x2c /cygdrive/C/cygwin/GNUARM/bin/../lib/gcc/arm-elf/4.0.2/../../../../arm-elf/lib/thumb/interwork/libc.a(memset.o)
 .debug_frame   0x000000cc       0x3c /cygdrive/C/cygwin/GNUARM/bin/../lib/gcc/arm-elf/4.0.2/../../../../arm-elf/lib/thumb/interwork/libc.a(rand.o)
 .debug_frame   0x00000108       0x2c /cygdrive/C/cygwin/GNUARM/bin/../lib/gcc/arm-elf/4.0.2/../../../../arm-elf/lib/thumb/interwork/libc.a(strcmp.o)
 .debug_frame   0x00000134       0x2c /cygdrive/C/cygwin/GNUARM/bin/../lib/gcc/arm-elf/4.0.2/../../../../arm-elf/lib/thumb/interwork/libc.a(strcpy.o)
 .debug_frame   0x00000160       0x2c /cygdrive/C/cygwin/GNUARM/bin/../lib/gcc/arm-elf/4.0.2/../../../../arm-elf/lib/thumb/interwork/libc.a(strlen.o)
 .debug_frame   0x0000018c       0x30 /cygdrive/C/cygwin/GNUARM/bin/../lib/gcc/arm-elf/4.0.2/../../../../arm-elf/lib/thumb/interwork/libc.a(strncpy.o)

.debug_loc      0x00000000     0x13e3
 .debug_loc     0x00000000      0x156 /cygdrive/C/cygwin/GNUARM/bin/../lib/gcc/arm-elf/4.0.2/thumb/interwork/libgcc.a(_muldi3.o)
 .debug_loc     0x00000156      0xd45 /cygdrive/C/cygwin/GNUARM/bin/../lib/gcc/arm-elf/4.0.2/thumb/interwork/libgcc.a(_divdi3.o)
 .debug_loc     0x00000e9b      0x127 /cygdrive/C/cygwin/GNUARM/bin/../lib/gcc/arm-elf/4.0.2/../../../../arm-elf/lib/thumb/interwork/libc.a(memcpy.o)
 .debug_loc     0x00000fc2      0x12a /cygdrive/C/cygwin/GNUARM/bin/../lib/gcc/arm-elf/4.0.2/../../../../arm-elf/lib/thumb/interwork/libc.a(memset.o)
 .debug_loc     0x000010ec       0x23 /cygdrive/C/cygwin/GNUARM/bin/../lib/gcc/arm-elf/4.0.2/../../../../arm-elf/lib/thumb/interwork/libc.a(rand.o)
 .debug_loc     0x0000110f       0x8e /cygdrive/C/cygwin/GNUARM/bin/../lib/gcc/arm-elf/4.0.2/../../../../arm-elf/lib/thumb/interwork/libc.a(strcmp.o)
 .debug_loc     0x0000119d       0xb4 /cygdrive/C/cygwin/GNUARM/bin/../lib/gcc/arm-elf/4.0.2/../../../../arm-elf/lib/thumb/interwork/libc.a(strcpy.o)
 .debug_loc     0x00001251       0x3c /cygdrive/C/cygwin/GNUARM/bin/../lib/gcc/arm-elf/4.0.2/../../../../arm-elf/lib/thumb/interwork/libc.a(strlen.o)
 .debug_loc     0x0000128d      0x156 /cygdrive/C/cygwin/GNUARM/bin/../lib/gcc/arm-elf/4.0.2/../../../../arm-elf/lib/thumb/interwork/libc.a(strncpy.o)

.debug_pubnames
                0x00000000      0x16b
 .debug_pubnames
                0x00000000       0x1f /cygdrive/C/cygwin/GNUARM/bin/../lib/gcc/arm-elf/4.0.2/thumb/interwork/libgcc.a(_muldi3.o)
 .debug_pubnames
                0x0000001f       0x1f /cygdrive/C/cygwin/GNUARM/bin/../lib/gcc/arm-elf/4.0.2/thumb/interwork/libgcc.a(_divdi3.o)
 .debug_pubnames
                0x0000003e       0x20 /cygdrive/C/cygwin/GNUARM/bin/../lib/gcc/arm-elf/4.0.2/thumb/interwork/libgcc.a(_clz.o)
 .debug_pubnames
                0x0000005e       0x1d /cygdrive/C/cygwin/GNUARM/bin/../lib/gcc/arm-elf/4.0.2/../../../../arm-elf/lib/thumb/interwork/libc.a(memcpy.o)
 .debug_pubnames
                0x0000007b       0x1d /cygdrive/C/cygwin/GNUARM/bin/../lib/gcc/arm-elf/4.0.2/../../../../arm-elf/lib/thumb/interwork/libc.a(memset.o)
 .debug_pubnames
                0x00000098       0x25 /cygdrive/C/cygwin/GNUARM/bin/../lib/gcc/arm-elf/4.0.2/../../../../arm-elf/lib/thumb/interwork/libc.a(rand.o)
 .debug_pubnames
                0x000000bd       0x1d /cygdrive/C/cygwin/GNUARM/bin/../lib/gcc/arm-elf/4.0.2/../../../../arm-elf/lib/thumb/interwork/libc.a(strcmp.o)
 .debug_pubnames
                0x000000da       0x1d /cygdrive/C/cygwin/GNUARM/bin/../lib/gcc/arm-elf/4.0.2/../../../../arm-elf/lib/thumb/interwork/libc.a(strcpy.o)
 .debug_pubnames
                0x000000f7       0x1d /cygdrive/C/cygwin/GNUARM/bin/../lib/gcc/arm-elf/4.0.2/../../../../arm-elf/lib/thumb/interwork/libc.a(strlen.o)
 .debug_pubnames
                0x00000114       0x1e /cygdrive/C/cygwin/GNUARM/bin/../lib/gcc/arm-elf/4.0.2/../../../../arm-elf/lib/thumb/interwork/libc.a(strncpy.o)
 .debug_pubnames
                0x00000132       0x39 /cygdrive/C/cygwin/GNUARM/bin/../lib/gcc/arm-elf/4.0.2/../../../../arm-elf/lib/thumb/interwork/libc.a(impure.o)

.debug_ranges   0x00000000      0x1d8
 .debug_ranges  0x00000000       0x30 /cygdrive/C/cygwin/GNUARM/bin/../lib/gcc/arm-elf/4.0.2/thumb/interwork/libgcc.a(_muldi3.o)
 .debug_ranges  0x00000030      0x1a8 /cygdrive/C/cygwin/GNUARM/bin/../lib/gcc/arm-elf/4.0.2/thumb/interwork/libgcc.a(_divdi3.o)

.debug_str      0x00000000      0x82b
 .debug_str     0x00000000       0xfb /cygdrive/C/cygwin/GNUARM/bin/../lib/gcc/arm-elf/4.0.2/thumb/interwork/libgcc.a(_muldi3.o)
                                0x14f (size before relaxing)
 .debug_str     0x000000fb       0x5d /cygdrive/C/cygwin/GNUARM/bin/../lib/gcc/arm-elf/4.0.2/thumb/interwork/libgcc.a(_divdi3.o)
                                0x1a3 (size before relaxing)
 .debug_str     0x00000158        0x0 /cygdrive/C/cygwin/GNUARM/bin/../lib/gcc/arm-elf/4.0.2/thumb/interwork/libgcc.a(_clz.o)
                                0x104 (size before relaxing)
 .debug_str     0x00000158       0xb3 /cygdrive/C/cygwin/GNUARM/bin/../lib/gcc/arm-elf/4.0.2/../../../../arm-elf/lib/thumb/interwork/libc.a(memcpy.o)
                                 0xdf (size before relaxing)
 .debug_str     0x0000020b       0x5a /cygdrive/C/cygwin/GNUARM/bin/../lib/gcc/arm-elf/4.0.2/../../../../arm-elf/lib/thumb/interwork/libc.a(memset.o)
                                0x129 (size before relaxing)
 .debug_str     0x00000265      0x40b /cygdrive/C/cygwin/GNUARM/bin/../lib/gcc/arm-elf/4.0.2/../../../../arm-elf/lib/thumb/interwork/libc.a(rand.o)
                                0x4b6 (size before relaxing)
 .debug_str     0x00000670       0x46 /cygdrive/C/cygwin/GNUARM/bin/../lib/gcc/arm-elf/4.0.2/../../../../arm-elf/lib/thumb/interwork/libc.a(strcmp.o)
                                0x10e (size before relaxing)
 .debug_str     0x000006b6       0x46 /cygdrive/C/cygwin/GNUARM/bin/../lib/gcc/arm-elf/4.0.2/../../../../arm-elf/lib/thumb/interwork/libc.a(strcpy.o)
                                0x130 (size before relaxing)
 .debug_str     0x000006fc       0x4c /cygdrive/C/cygwin/GNUARM/bin/../lib/gcc/arm-elf/4.0.2/../../../../arm-elf/lib/thumb/interwork/libc.a(strlen.o)
                                0x128 (size before relaxing)
 .debug_str     0x00000748       0x48 /cygdrive/C/cygwin/GNUARM/bin/../lib/gcc/arm-elf/4.0.2/../../../../arm-elf/lib/thumb/interwork/libc.a(strncpy.o)
                                0x13f (size before relaxing)
 .debug_str     0x00000790       0x9b /cygdrive/C/cygwin/GNUARM/bin/../lib/gcc/arm-elf/4.0.2/../../../../arm-elf/lib/thumb/interwork/libc.a(impure.o)
                                0x4c5 (size before relaxing)

Cross Reference Table

Symbol                                            File
ActivateTask                                      build/kernel/task_manage.o
                                                  build/./kernel_cfg.o
CancelAlarm                                       build/kernel/alarm.o
ChainTask                                         build/kernel/task_manage.o
ClearEvent                                        build/kernel/event.o
DisableAllInterrupts                              build/kernel/interrupt.o
EnableAllInterrupts                               build/kernel/interrupt.o
ErrorHook                                         ../../ecrobot/../ecrobot/libecrobot.a(osek_hook.o)
                                                  build/kernel/osctl.o
GetActiveApplicationMode                          build/kernel/osctl.o
GetAlarm                                          build/kernel/alarm.o
GetAlarmBase                                      build/kernel/alarm.o
GetEvent                                          build/kernel/event.o
GetResource                                       build/kernel/resource.o
GetTaskID                                         build/kernel/task_manage.o
GetTaskState                                      build/kernel/task_manage.o
ManageState                                       build/./kernel_cfg.o
NXT_COLORSENSOR_PROTOCOLS                         ../../ecrobot/../ecrobot/libecrobot.a(ecrobot_interface.o)
NXT_Entry_Point                                   build/nxt_entry_point.o
                                                  build/nxt_binary_header.o
PostTaskHook                                      ../../ecrobot/../ecrobot/libecrobot.a(osek_hook.o)
                                                  build/config/at91sam7s-gnu/cpu_support.oram
                                                  build/kernel/osctl.o
PreTaskHook                                       ../../ecrobot/../ecrobot/libecrobot.a(osek_hook.o)
                                                  build/config/at91sam7s-gnu/cpu_support.oram
                                                  build/kernel/osctl.o
ReadButtons                                       build/./kernel_cfg.o
ReadColour                                        build/./kernel_cfg.o
ReleaseResource                                   build/kernel/resource.o
ResumeAllInterrupts                               build/kernel/interrupt.o
ResumeOSInterrupts                                build/kernel/interrupt.o
Schedule                                          build/kernel/task_manage.o
SetAbsAlarm                                       build/kernel/alarm.o
SetEvent                                          build/kernel/event.o
SetRelAlarm                                       build/kernel/alarm.o
ShutdownHook                                      ../../ecrobot/../ecrobot/libecrobot.a(osek_hook.o)
                                                  build/kernel/osctl.o
ShutdownOS                                        build/kernel/osctl.o
SignalCounter                                     build/kernel/alarm.o
                                                  build/lineFollower.o
StartOS                                           build/kernel/osctl.o
                                                  build/ecrobot.o
StartupHook                                       ../../ecrobot/../ecrobot/libecrobot.a(osek_hook.o)
                                                  build/kernel/osctl.o
SuspendAllInterrupts                              build/kernel/interrupt.o
SuspendOSInterrupts                               build/kernel/interrupt.o
SysTimerCnt                                       build/./kernel_cfg.o
                                                  build/lineFollower.o
TaskMainManageState                               build/lineFollower.o
                                                  build/./kernel_cfg.o
TaskMainReadButtons                               build/lineFollower.o
                                                  build/./kernel_cfg.o
TaskMainReadColour                                build/lineFollower.o
                                                  build/./kernel_cfg.o
TerminateTask                                     build/kernel/task_manage.o
                                                  build/lineFollower.o
WaitEvent                                         build/kernel/event.o
____floatsidf_change_to_arm                       /cygdrive/C/cygwin/GNUARM/bin/../lib/gcc/arm-elf/4.0.2/../../../../arm-elf/lib/thumb/interwork/libc.a(strncpy.o)
____floatsidf_from_thumb                          /cygdrive/C/cygwin/GNUARM/bin/../lib/gcc/arm-elf/4.0.2/../../../../arm-elf/lib/thumb/interwork/libc.a(strncpy.o)
____gtdf2_change_to_arm                           /cygdrive/C/cygwin/GNUARM/bin/../lib/gcc/arm-elf/4.0.2/../../../../arm-elf/lib/thumb/interwork/libc.a(strncpy.o)
____gtdf2_from_thumb                              /cygdrive/C/cygwin/GNUARM/bin/../lib/gcc/arm-elf/4.0.2/../../../../arm-elf/lib/thumb/interwork/libc.a(strncpy.o)
____muldf3_change_to_arm                          /cygdrive/C/cygwin/GNUARM/bin/../lib/gcc/arm-elf/4.0.2/../../../../arm-elf/lib/thumb/interwork/libc.a(strncpy.o)
____muldf3_from_thumb                             /cygdrive/C/cygwin/GNUARM/bin/../lib/gcc/arm-elf/4.0.2/../../../../arm-elf/lib/thumb/interwork/libc.a(strncpy.o)
__adddf3                                          /cygdrive/C/cygwin/GNUARM/bin/../lib/gcc/arm-elf/4.0.2/thumb/interwork/libgcc.a(_addsubdf3.o)
__aeabi_cdcmpeq                                   /cygdrive/C/cygwin/GNUARM/bin/../lib/gcc/arm-elf/4.0.2/thumb/interwork/libgcc.a(_cmpdf2.o)
__aeabi_cdcmple                                   /cygdrive/C/cygwin/GNUARM/bin/../lib/gcc/arm-elf/4.0.2/thumb/interwork/libgcc.a(_cmpdf2.o)
__aeabi_cdrcmple                                  /cygdrive/C/cygwin/GNUARM/bin/../lib/gcc/arm-elf/4.0.2/thumb/interwork/libgcc.a(_cmpdf2.o)
__aeabi_dadd                                      /cygdrive/C/cygwin/GNUARM/bin/../lib/gcc/arm-elf/4.0.2/thumb/interwork/libgcc.a(_addsubdf3.o)
__aeabi_dcmpeq                                    /cygdrive/C/cygwin/GNUARM/bin/../lib/gcc/arm-elf/4.0.2/thumb/interwork/libgcc.a(_cmpdf2.o)
__aeabi_dcmpge                                    /cygdrive/C/cygwin/GNUARM/bin/../lib/gcc/arm-elf/4.0.2/thumb/interwork/libgcc.a(_cmpdf2.o)
__aeabi_dcmpgt                                    /cygdrive/C/cygwin/GNUARM/bin/../lib/gcc/arm-elf/4.0.2/thumb/interwork/libgcc.a(_cmpdf2.o)
__aeabi_dcmple                                    /cygdrive/C/cygwin/GNUARM/bin/../lib/gcc/arm-elf/4.0.2/thumb/interwork/libgcc.a(_cmpdf2.o)
__aeabi_dcmplt                                    /cygdrive/C/cygwin/GNUARM/bin/../lib/gcc/arm-elf/4.0.2/thumb/interwork/libgcc.a(_cmpdf2.o)
__aeabi_ddiv                                      /cygdrive/C/cygwin/GNUARM/bin/../lib/gcc/arm-elf/4.0.2/thumb/interwork/libgcc.a(_muldivdf3.o)
__aeabi_dmul                                      /cygdrive/C/cygwin/GNUARM/bin/../lib/gcc/arm-elf/4.0.2/thumb/interwork/libgcc.a(_muldivdf3.o)
__aeabi_drsub                                     /cygdrive/C/cygwin/GNUARM/bin/../lib/gcc/arm-elf/4.0.2/thumb/interwork/libgcc.a(_addsubdf3.o)
__aeabi_dsub                                      /cygdrive/C/cygwin/GNUARM/bin/../lib/gcc/arm-elf/4.0.2/thumb/interwork/libgcc.a(_addsubdf3.o)
__aeabi_f2d                                       /cygdrive/C/cygwin/GNUARM/bin/../lib/gcc/arm-elf/4.0.2/thumb/interwork/libgcc.a(_addsubdf3.o)
__aeabi_i2d                                       /cygdrive/C/cygwin/GNUARM/bin/../lib/gcc/arm-elf/4.0.2/thumb/interwork/libgcc.a(_addsubdf3.o)
__aeabi_idiv0                                     /cygdrive/C/cygwin/GNUARM/bin/../lib/gcc/arm-elf/4.0.2/thumb/interwork/libgcc.a(_dvmd_tls.o)
__aeabi_idivmod                                   /cygdrive/C/cygwin/GNUARM/bin/../lib/gcc/arm-elf/4.0.2/thumb/interwork/libgcc.a(_divsi3.o)
__aeabi_l2d                                       /cygdrive/C/cygwin/GNUARM/bin/../lib/gcc/arm-elf/4.0.2/thumb/interwork/libgcc.a(_addsubdf3.o)
__aeabi_ldiv0                                     /cygdrive/C/cygwin/GNUARM/bin/../lib/gcc/arm-elf/4.0.2/thumb/interwork/libgcc.a(_dvmd_tls.o)
__aeabi_ui2d                                      /cygdrive/C/cygwin/GNUARM/bin/../lib/gcc/arm-elf/4.0.2/thumb/interwork/libgcc.a(_addsubdf3.o)
__aeabi_uidivmod                                  /cygdrive/C/cygwin/GNUARM/bin/../lib/gcc/arm-elf/4.0.2/thumb/interwork/libgcc.a(_udivsi3.o)
__aeabi_ul2d                                      /cygdrive/C/cygwin/GNUARM/bin/../lib/gcc/arm-elf/4.0.2/thumb/interwork/libgcc.a(_addsubdf3.o)
__bss_end__                                       build/ecrobot_init.o
__bss_start__                                     build/ecrobot_init.o
__call_posttaskhook_from_arm                      /cygdrive/C/cygwin/GNUARM/bin/../lib/gcc/arm-elf/4.0.2/../../../../arm-elf/lib/thumb/interwork/libc.a(strncpy.o)
__call_pretaskhook_from_arm                       /cygdrive/C/cygwin/GNUARM/bin/../lib/gcc/arm-elf/4.0.2/../../../../arm-elf/lib/thumb/interwork/libc.a(strncpy.o)
__clz_tab                                         /cygdrive/C/cygwin/GNUARM/bin/../lib/gcc/arm-elf/4.0.2/thumb/interwork/libgcc.a(_clz.o)
                                                  /cygdrive/C/cygwin/GNUARM/bin/../lib/gcc/arm-elf/4.0.2/thumb/interwork/libgcc.a(_divdi3.o)
__cmpdf2                                          /cygdrive/C/cygwin/GNUARM/bin/../lib/gcc/arm-elf/4.0.2/thumb/interwork/libgcc.a(_cmpdf2.o)
__ctor_begin                                      build/ecrobot_base.o
__ctor_end                                        build/ecrobot_base.o
__data_load_end__                                 build/ecrobot_init.o
__data_load_start__                               build/ecrobot_init.o
__data_ram_start__                                build/ecrobot_init.o
__disable_int_change_to_arm                       /cygdrive/C/cygwin/GNUARM/bin/../lib/gcc/arm-elf/4.0.2/../../../../arm-elf/lib/thumb/interwork/libc.a(strncpy.o)
__disable_int_from_thumb                          /cygdrive/C/cygwin/GNUARM/bin/../lib/gcc/arm-elf/4.0.2/../../../../arm-elf/lib/thumb/interwork/libc.a(strncpy.o)
__dispatch_change_to_arm                          /cygdrive/C/cygwin/GNUARM/bin/../lib/gcc/arm-elf/4.0.2/../../../../arm-elf/lib/thumb/interwork/libc.a(strncpy.o)
__dispatch_from_thumb                             /cygdrive/C/cygwin/GNUARM/bin/../lib/gcc/arm-elf/4.0.2/../../../../arm-elf/lib/thumb/interwork/libc.a(strncpy.o)
__display_bios_status_change_to_arm               /cygdrive/C/cygwin/GNUARM/bin/../lib/gcc/arm-elf/4.0.2/../../../../arm-elf/lib/thumb/interwork/libc.a(strncpy.o)
__display_bios_status_from_thumb                  /cygdrive/C/cygwin/GNUARM/bin/../lib/gcc/arm-elf/4.0.2/../../../../arm-elf/lib/thumb/interwork/libc.a(strncpy.o)
__div0                                            /cygdrive/C/cygwin/GNUARM/bin/../lib/gcc/arm-elf/4.0.2/thumb/interwork/libgcc.a(_dvmd_tls.o)
                                                  /cygdrive/C/cygwin/GNUARM/bin/../lib/gcc/arm-elf/4.0.2/thumb/interwork/libgcc.a(_modsi3.o)
                                                  /cygdrive/C/cygwin/GNUARM/bin/../lib/gcc/arm-elf/4.0.2/thumb/interwork/libgcc.a(_umodsi3.o)
                                                  /cygdrive/C/cygwin/GNUARM/bin/../lib/gcc/arm-elf/4.0.2/thumb/interwork/libgcc.a(_divsi3.o)
                                                  /cygdrive/C/cygwin/GNUARM/bin/../lib/gcc/arm-elf/4.0.2/thumb/interwork/libgcc.a(_udivsi3.o)
__divdf3                                          /cygdrive/C/cygwin/GNUARM/bin/../lib/gcc/arm-elf/4.0.2/thumb/interwork/libgcc.a(_muldivdf3.o)
__divdi3                                          /cygdrive/C/cygwin/GNUARM/bin/../lib/gcc/arm-elf/4.0.2/thumb/interwork/libgcc.a(_divdi3.o)
                                                  ../../ecrobot/../ecrobot/libecrobot.a(sound.oram)
__divsi3                                          /cygdrive/C/cygwin/GNUARM/bin/../lib/gcc/arm-elf/4.0.2/thumb/interwork/libgcc.a(_divsi3.o)
                                                  ../../ecrobot/../ecrobot/libecrobot.a(sound.oram)
                                                  ../../ecrobot/../ecrobot/libecrobot.a(uart.oram)
__dtor_begin                                      build/ecrobot_base.o
__dtor_end                                        build/ecrobot_base.o
__ecrobot_debug1_from_arm                         /cygdrive/C/cygwin/GNUARM/bin/../lib/gcc/arm-elf/4.0.2/../../../../arm-elf/lib/thumb/interwork/libc.a(strncpy.o)
__ecrobot_debug2_from_arm                         /cygdrive/C/cygwin/GNUARM/bin/../lib/gcc/arm-elf/4.0.2/../../../../arm-elf/lib/thumb/interwork/libc.a(strncpy.o)
__enable_int_change_to_arm                        /cygdrive/C/cygwin/GNUARM/bin/../lib/gcc/arm-elf/4.0.2/../../../../arm-elf/lib/thumb/interwork/libc.a(strncpy.o)