Archive member included because of file (symbol)

../../ecrobot/../ecrobot/libecrobot.a(ecrobot_interface.o)
                              build/lineFollower.o (ecrobot_set_light_sensor_active)
../../ecrobot/../ecrobot/libecrobot.a(colorsensor.o)
                              ../../ecrobot/../ecrobot/libecrobot.a(ecrobot_interface.o) (colorsensor_init)
../../ecrobot/../ecrobot/libecrobot.a(osek_hook.o)
                              build/kernel/osctl.o (StartupHook)
../../ecrobot/../ecrobot/libecrobot.a(uart.oram)
                              build/config/at91sam7s-gnu/irq.oram (uart_isr_C_0)
../../ecrobot/../ecrobot/libecrobot.a(systick.oram)
                              build/syslib/at91sam7s-gnu/lego_nxt/hw_sys_timer.oram (systick_low_priority_C)
../../ecrobot/../ecrobot/libecrobot.a(byte_fifo.oram)
                              ../../ecrobot/../ecrobot/libecrobot.a(uart.oram) (byte_fifo_put)
../../ecrobot/../ecrobot/libecrobot.a(aic.oram)
                              ../../ecrobot/../ecrobot/libecrobot.a(uart.oram) (aic_set_vector)
../../ecrobot/../ecrobot/libecrobot.a(udp.oram)
                              build/config/at91sam7s-gnu/irq.oram (udp_isr_C)
../../ecrobot/../ecrobot/libecrobot.a(twi.oram)
                              build/config/at91sam7s-gnu/irq.oram (twi_isr_C)
../../ecrobot/../ecrobot/libecrobot.a(nxt_spi.oram)
                              build/config/at91sam7s-gnu/irq.oram (spi_isr_C)
../../ecrobot/../ecrobot/libecrobot.a(nxt_motors.oram)
                              ../../ecrobot/../ecrobot/libecrobot.a(ecrobot_interface.o) (nxt_motor_get_count)
../../ecrobot/../ecrobot/libecrobot.a(data_abort.oram)
                              build/ecrobot_init.o (data_abort_C)
../../ecrobot/../ecrobot/libecrobot.a(display.oram)
                              build/ecrobot_base.o (display_update)
../../ecrobot/../ecrobot/libecrobot.a(i2c.oram)
                              build/config/at91sam7s-gnu/irq.oram (i2c_timer_isr_C)
../../ecrobot/../ecrobot/libecrobot.a(sound.oram)
                              ../../ecrobot/../ecrobot/libecrobot.a(ecrobot_interface.o) (sound_get_time)
../../ecrobot/../ecrobot/libecrobot.a(bt.oram)
                              build/ecrobot_bluetooth.o (bt_send)
../../ecrobot/../ecrobot/libecrobot.a(nxt_avr.oram)
                              build/ecrobot_base.o (nxt_avr_power_down)
../../ecrobot/../ecrobot/libecrobot.a(sensors.oram)
                              ../../ecrobot/../ecrobot/libecrobot.a(ecrobot_interface.o) (unset_digi0)
../../ecrobot/../ecrobot/libecrobot.a(sensors1.oram)
                              ../../ecrobot/../ecrobot/libecrobot.a(colorsensor.o) (sensor_pins)
../../ecrobot/../ecrobot/libecrobot.a(nxt_lcd.oram)
                              ../../ecrobot/../ecrobot/libecrobot.a(display.oram) (nxt_lcd_force_update)
../../ecrobot/../ecrobot/libecrobot.a(flash_loader.oram)
                              build/ecrobot.o (set_flash_request)
../../ecrobot/../ecrobot/libecrobot.a(interrupts.oram)
                              ../../ecrobot/../ecrobot/libecrobot.a(uart.oram) (interrupts_get_and_disable)
../../ecrobot/../ecrobot/libecrobot.a(nxtosek_splash.obmp)
                              build/ecrobot_base.o (nxtosek_splash_bmp_start)
../../ecrobot/../ecrobot/libecrobot.a(ecrobot_usb.o)
                              ../../ecrobot/../ecrobot/libecrobot.a(flash_loader.oram) (ecrobot_init_usb)
../../ecrobot/../ecrobot/libecrobot.a(flashprog.oram)
                              ../../ecrobot/../ecrobot/libecrobot.a(flash_loader.oram) (flash_write_page)
/cygdrive/C/cygwin/GNUARM/bin/../lib/gcc/arm-elf/4.0.2/thumb/interwork/libgcc.a(_udivsi3.o)
                              build/ecrobot_base.o (__udivsi3)
/cygdrive/C/cygwin/GNUARM/bin/../lib/gcc/arm-elf/4.0.2/thumb/interwork/libgcc.a(_divsi3.o)
                              ../../ecrobot/../ecrobot/libecrobot.a(uart.oram) (__divsi3)
/cygdrive/C/cygwin/GNUARM/bin/../lib/gcc/arm-elf/4.0.2/thumb/interwork/libgcc.a(_umodsi3.o)
                              ../../ecrobot/../ecrobot/libecrobot.a(display.oram) (__umodsi3)
/cygdrive/C/cygwin/GNUARM/bin/../lib/gcc/arm-elf/4.0.2/thumb/interwork/libgcc.a(_modsi3.o)
                              build/lineFollower.o (__modsi3)
/cygdrive/C/cygwin/GNUARM/bin/../lib/gcc/arm-elf/4.0.2/thumb/interwork/libgcc.a(_dvmd_tls.o)
                              /cygdrive/C/cygwin/GNUARM/bin/../lib/gcc/arm-elf/4.0.2/thumb/interwork/libgcc.a(_udivsi3.o) (__div0)
/cygdrive/C/cygwin/GNUARM/bin/../lib/gcc/arm-elf/4.0.2/thumb/interwork/libgcc.a(_addsubdf3.o)
                              ../../ecrobot/../ecrobot/libecrobot.a(colorsensor.o) (__floatsidf)
/cygdrive/C/cygwin/GNUARM/bin/../lib/gcc/arm-elf/4.0.2/thumb/interwork/libgcc.a(_muldivdf3.o)
                              ../../ecrobot/../ecrobot/libecrobot.a(colorsensor.o) (__muldf3)
/cygdrive/C/cygwin/GNUARM/bin/../lib/gcc/arm-elf/4.0.2/thumb/interwork/libgcc.a(_cmpdf2.o)
[...]
Memory Configuration

Name             Origin             Length             Attributes
vector_ram       0x00200000         0x00000040
ram              0x00200040         0x0000ffc0
*default*        0x00000000         0xffffffff

Linker script and memory map

LOAD build/kernel/alarm.o
LOAD build/kernel/event.o
LOAD build/kernel/interrupt.o
LOAD build/kernel/osctl.o
LOAD build/kernel/resource.o
LOAD build/kernel/task.o
LOAD build/kernel/task_manage.o
LOAD build/config/at91sam7s-gnu/cpu_config.o
LOAD build/config/at91sam7s-gnu/lego_nxt/sys_config.o
LOAD build/./kernel_cfg.o
LOAD build/syscalls.o
LOAD build/ecrobot_bluetooth.o
LOAD build/ecrobot_base.o
LOAD build/ecrobot.o
LOAD build/lineFollower.o
LOAD build/functions.o
LOAD build/syslib/at91sam7s-gnu/lego_nxt/hw_sys_timer.oram
LOAD build/nxtvm/platform/nxt/vectors.o
LOAD build/config/at91sam7s-gnu/debug.o
LOAD build/config/at91sam7s-gnu/lego_nxt/sys_support.o
LOAD build/nxt_binary_header.o
LOAD build/nxt_entry_point.o
LOAD build/ecrobot_init.o
LOAD build/config/at91sam7s-gnu/cpu_support.oram
LOAD build/config/at91sam7s-gnu/irq.oram
LOAD ../../ecrobot/../c++/liblejososek.a
LOAD ../../ecrobot/../ecrobot/libecrobot.a
LOAD /cygdrive/C/cygwin/GNUARM/bin/../lib/gcc/arm-elf/4.0.2/../../../../arm-elf/lib/thumb/interwork/libstdc++.a
LOAD /cygdrive/C/cygwin/GNUARM/bin/../lib/gcc/arm-elf/4.0.2/../../../../arm-elf/lib/thumb/interwork/libm.a
LOAD /cygdrive/C/cygwin/GNUARM/bin/../lib/gcc/arm-elf/4.0.2/thumb/interwork/libgcc.a
LOAD /cygdrive/C/cygwin/GNUARM/bin/../lib/gcc/arm-elf/4.0.2/../../../../arm-elf/lib/thumb/interwork/libc.a
LOAD /cygdrive/C/cygwin/GNUARM/bin/../lib/gcc/arm-elf/4.0.2/thumb/interwork/libgcc.a
                0x00200000                RAM_BASE = 0x200000
                0x00010000                RAM_SIZE = 0x10000

.samba_reserved
                0x00200040     0x1fc0
                0x00202000                . = 0x1fc0
 *fill*         0x00200040     0x1fc0 00
                0x00200040                __samba_ram_start__ = ADDR (.samba_reserved)
                0x00202000                __samba_ram_end__ = (__samba_ram_start__ + SIZEOF (.samba_reserved))

.vectors        0x00200000       0x40 load address 0x00202000
 vectors.o(*.text *.text.*)
 .text          0x00200000       0x38 build/nxtvm/platform/nxt/vectors.o
                0x00200040                . = ALIGN (0x10)
 *fill*         0x00200038        0x8 00
                0x00200000                __vectors_ram_start__ = ADDR (.vectors)
                0x00200040                __vectors_ram_end__ = (ADDR (.vectors) + SIZEOF (.vectors))
                0x00202000                __vectors_load_start__ = LOADADDR (.vectors)
                0x00202040                __vectors_load_end__ = (LOADADDR (.vectors) + SIZEOF (.vectors))

.init           0x00202040      0x280
 *ecrobot_init.o(*.text *.text.*)
 .text          0x00202040      0x280 build/ecrobot_init.o
                0x002021ac                undef_handler
                0x002021b4                prefetch_abort_handler
                0x002021b8                data_abort_handler
                0x002021b0                swi_handler
                0x00202040                start
                0x002021d4                reserved_handler
                0x002022c0                . = ALIGN (0x10)

.ram_text       0x002022c0     0x3160
                0x002022c0                . = ALIGN (0x10)
 *.oram(*.text *.text.* *.glue*)
 .text.systick_isr_C1
                0x002022c0       0x28 build/syslib/at91sam7s-gnu/lego_nxt/hw_sys_timer.oram
                0x002022c0                systick_isr_C1
 *fill*         0x002022e8        0x8 00
 .text          0x002022f0      0x230 build/config/at91sam7s-gnu/cpu_support.oram
                0x002024d0                enable_int
                0x00202370                start_dispatch
                0x00202330                activate_r
                0x002024c8                disable_int
                0x002022f0                dispatch
                0x0020249c                int_return
                0x0020242c                _interrupt
                0x00202360                exit_and_dispatch
                0x002024d8                nop
 .text          0x00202520      0x2c0 build/config/at91sam7s-gnu/irq.oram
                0x00202520                default_isr
                0x002026ac                uart_isr_entry_0
                0x0020262c                twi_isr_entry
                0x002026ec                uart_isr_entry_1
                0x002025ec                spi_isr_entry
                0x0020256c                systick_low_priority_entry
                0x0020272c                nxt_motor_isr_entry
                0x0020276c                i2c_timer_isr_entry
                0x00202520                default_fiq
                0x00202524                systick_isr_entry
                0x00202520                spurious_isr
                0x0020266c                sound_isr_entry
                0x002025ac                udp_isr_entry
 .text.uart_process_isr
                0x002027e0       0x88 ../../ecrobot/../ecrobot/libecrobot.a(uart.oram)
 .text.uart_isr_C_0
                0x00202868        0xc ../../ecrobot/../ecrobot/libecrobot.a(uart.oram)
                0x00202868                uart_isr_C_0
 .text.uart_isr_C_1
                0x00202874        0xc ../../ecrobot/../ecrobot/libecrobot.a(uart.oram)
                0x00202874                uart_isr_C_1
 .text.systick_low_priority_C
                0x00202880       0x1c ../../ecrobot/../ecrobot/libecrobot.a(systick.oram)
                0x00202880                systick_low_priority_C
 .text.systick_isr_C
                0x0020289c       0x24 ../../ecrobot/../ecrobot/libecrobot.a(systick.oram)
                0x0020289c                systick_isr_C
 .text.systick_get_ms
                0x002028c0        0xc ../../ecrobot/../ecrobot/libecrobot.a(systick.oram)
                0x002028c0                systick_get_ms
 .text.systick_wait_ms
                0x002028cc       0x1c ../../ecrobot/../ecrobot/libecrobot.a(systick.oram)
                0x002028cc                systick_wait_ms
 .text.systick_wait_ns
                0x002028e8       0x1c ../../ecrobot/../ecrobot/libecrobot.a(systick.oram)
                0x002028e8                systick_wait_ns
 .text.systick_init
                0x00202904       0x58 ../../ecrobot/../ecrobot/libecrobot.a(systick.oram)
                0x00202904                systick_init
 .text.systick_suspend
                0x0020295c        0xc ../../ecrobot/../ecrobot/libecrobot.a(systick.oram)
                0x0020295c                systick_suspend
 .text.systick_resume
                0x00202968        0xc ../../ecrobot/../ecrobot/libecrobot.a(systick.oram)
                0x00202968                systick_resume
 .text.byte_fifo_put
                0x00202974       0x58 ../../ecrobot/../ecrobot/libecrobot.a(byte_fifo.oram)
                0x00202974                byte_fifo_put
 .text.byte_fifo_get
                0x002029cc       0x2c ../../ecrobot/../ecrobot/libecrobot.a(byte_fifo.oram)
                0x002029cc                byte_fifo_get
 .text.aic_initialise
                0x002029f8       0x5c ../../ecrobot/../ecrobot/libecrobot.a(aic.oram)
                0x002029f8                aic_initialise
 .text.aic_set_vector
                0x00202a54       0x30 ../../ecrobot/../ecrobot/libecrobot.a(aic.oram)
                0x00202a54                aic_set_vector
 .text.aic_mask_on
                0x00202a84       0x24 ../../ecrobot/../ecrobot/libecrobot.a(aic.oram)
                0x00202a84                aic_mask_on
 .text.aic_mask_off
                0x00202aa8       0x24 ../../ecrobot/../ecrobot/libecrobot.a(aic.oram)
                0x00202aa8                aic_mask_off
 .text.aic_clear
                0x00202acc       0x24 ../../ecrobot/../ecrobot/libecrobot.a(aic.oram)
                0x00202acc                aic_clear
 .text.reset    0x00202af0       0x4c ../../ecrobot/../ecrobot/libecrobot.a(udp.oram)
 .text.udp_send_null
                0x00202b3c       0x2c ../../ecrobot/../ecrobot/libecrobot.a(udp.oram)
 .text.udp_send_stall
                0x00202b68       0x2c ../../ecrobot/../ecrobot/libecrobot.a(udp.oram)
 .text.udp_send_control
                0x00202b94       0x60 ../../ecrobot/../ecrobot/libecrobot.a(udp.oram)
 .text.udp_isr_C
                0x00202bf4      0x7d0 ../../ecrobot/../ecrobot/libecrobot.a(udp.oram)
                0x00202bf4                udp_isr_C
 .text.twi_status
                0x002033c4       0x20 ../../ecrobot/../ecrobot/libecrobot.a(twi.oram)
                0x002033c4                twi_status
 .text.twi_isr_C
                0x002033e4       0xc4 ../../ecrobot/../ecrobot/libecrobot.a(twi.oram)
                0x002033e4                twi_isr_C
 .text.twi_reset
                0x002034a8       0xb4 ../../ecrobot/../ecrobot/libecrobot.a(twi.oram)
                0x002034a8                twi_reset
 .text.twi_init
                0x0020355c       0x4c ../../ecrobot/../ecrobot/libecrobot.a(twi.oram)
                0x0020355c                twi_init
 .text.twi_start_read
                0x002035a8       0x60 ../../ecrobot/../ecrobot/libecrobot.a(twi.oram)
                0x002035a8                twi_start_read
 .text.twi_start_write
                0x00203608       0x64 ../../ecrobot/../ecrobot/libecrobot.a(twi.oram)
                0x00203608                twi_start_write
 .text.spi_set_mode
                0x0020366c       0x40 ../../ecrobot/../ecrobot/libecrobot.a(nxt_spi.oram)
 .text.spi_isr_C
                0x002036ac       0x8c ../../ecrobot/../ecrobot/libecrobot.a(nxt_spi.oram)
                0x002036ac                spi_isr_C
 .text.nxt_spi_init
                0x00203738      0x12c ../../ecrobot/../ecrobot/libecrobot.a(nxt_spi.oram)
                0x00203738                nxt_spi_init
 .text.nxt_spi_write
                0x00203864       0x44 ../../ecrobot/../ecrobot/libecrobot.a(nxt_spi.oram)
                0x00203864                nxt_spi_write
 .text.nxt_spi_set_display
                0x002038a8       0x10 ../../ecrobot/../ecrobot/libecrobot.a(nxt_spi.oram)
                0x002038a8                nxt_spi_set_display
 .text.nxt_spi_refresh
                0x002038b8       0x24 ../../ecrobot/../ecrobot/libecrobot.a(nxt_spi.oram)
                0x002038b8                nxt_spi_refresh
 .text.nxt_motor_set_count
                0x002038dc       0x10 ../../ecrobot/../ecrobot/libecrobot.a(nxt_motors.oram)
                0x002038dc                nxt_motor_set_count
 .text.nxt_motor_set_speed
                0x002038ec       0x34 ../../ecrobot/../ecrobot/libecrobot.a(nxt_motors.oram)
                0x002038ec                nxt_motor_set_speed
 .text.nxt_motor_1kHz_process
                0x00203920       0x28 ../../ecrobot/../ecrobot/libecrobot.a(nxt_motors.oram)
                0x00203920                nxt_motor_1kHz_process
 .text.nxt_motor_quad_decode
                0x00203948       0x30 ../../ecrobot/../ecrobot/libecrobot.a(nxt_motors.oram)
                0x00203948                nxt_motor_quad_decode
 .text.nxt_motor_isr_C
                0x00203978       0x88 ../../ecrobot/../ecrobot/libecrobot.a(nxt_motors.oram)
                0x00203978                nxt_motor_isr_C
 .text.nxt_motor_init
                0x00203a00       0x68 ../../ecrobot/../ecrobot/libecrobot.a(nxt_motors.oram)
                0x00203a00                nxt_motor_init
 .text.data_abort_C
                0x00203a68       0x7c ../../ecrobot/../ecrobot/libecrobot.a(data_abort.oram)
                0x00203a68                data_abort_C
 .text.display_update
                0x00203ae4       0x14 ../../ecrobot/../ecrobot/libecrobot.a(display.oram)
                0x00203ae4                display_update
 .text.display_force_update
                0x00203af8        0xc ../../ecrobot/../ecrobot/libecrobot.a(display.oram)
                0x00203af8                display_force_update
 .text.display_clear
                0x00203b04       0x24 ../../ecrobot/../ecrobot/libecrobot.a(display.oram)
                0x00203b04                display_clear
 .text.display_goto_xy
                0x00203b28       0x14 ../../ecrobot/../ecrobot/libecrobot.a(display.oram)
                0x00203b28                display_goto_xy
 .text.display_char
                0x00203b3c       0x60 ../../ecrobot/../ecrobot/libecrobot.a(display.oram)
                0x00203b3c                display_char
 .text.display_string
                0x00203b9c       0x3c ../../ecrobot/../ecrobot/libecrobot.a(display.oram)
                0x00203b9c                display_string
 .text.display_hex
                0x00203bd8       0x50 ../../ecrobot/../ecrobot/libecrobot.a(display.oram)
                0x00203bd8                display_hex
 .text.display_unsigned_worker
                0x00203c28       0x70 ../../ecrobot/../ecrobot/libecrobot.a(display.oram)
 .text.display_unsigned
                0x00203c98        0xc ../../ecrobot/../ecrobot/libecrobot.a(display.oram)
                0x00203c98                display_unsigned
 .text.display_int
                0x00203ca4       0x14 ../../ecrobot/../ecrobot/libecrobot.a(display.oram)
                0x00203ca4                display_int
 .text.display_bitmap_copy
                0x00203cb8       0x5c ../../ecrobot/../ecrobot/libecrobot.a(display.oram)
                0x00203cb8                display_bitmap_copy
 .text.display_init
                0x00203d14       0x50 ../../ecrobot/../ecrobot/libecrobot.a(display.oram)
                0x00203d14                display_init
 .text.i2c_timer_isr_C
                0x00203d64      0x314 ../../ecrobot/../ecrobot/libecrobot.a(i2c.oram)
                0x00203d64                i2c_timer_isr_C
 .text.i2c_disable
                0x00204078       0x20 ../../ecrobot/../ecrobot/libecrobot.a(i2c.oram)
                0x00204078                i2c_disable
 .text.i2c_init
                0x00204098       0xa4 ../../ecrobot/../ecrobot/libecrobot.a(i2c.oram)
                0x00204098                i2c_init
 .text.sound_fill_sample_buffer
                0x0020413c       0xe4 ../../ecrobot/../ecrobot/libecrobot.a(sound.oram)
                0x0020413c                sound_fill_sample_buffer
 .text.sound_init
                0x00204220       0xa0 ../../ecrobot/../ecrobot/libecrobot.a(sound.oram)
                0x00204220                sound_init
 .text.sound_isr_C
                0x002042c0      0x144 ../../ecrobot/../ecrobot/libecrobot.a(sound.oram)
                0x002042c0                sound_isr_C
 .text.bt_init  0x00204404      0x1c0 ../../ecrobot/../ecrobot/libecrobot.a(bt.oram)
                0x00204404                bt_init
 .text.nxt_avr_power_down
                0x002045c4       0x10 ../../ecrobot/../ecrobot/libecrobot.a(nxt_avr.oram)
                0x002045c4                nxt_avr_power_down
 .text.nxt_avr_link_init
                0x002045d4       0x20 ../../ecrobot/../ecrobot/libecrobot.a(nxt_avr.oram)
                0x002045d4                nxt_avr_link_init
 .text.nxt_avr_init
                0x002045f4       0x6c ../../ecrobot/../ecrobot/libecrobot.a(nxt_avr.oram)
                0x002045f4                nxt_avr_init
 .text.nxt_avr_1kHz_update
                0x00204660      0x1cc ../../ecrobot/../ecrobot/libecrobot.a(nxt_avr.oram)
                0x00204660                nxt_avr_1kHz_update
 .text.buttons_get
                0x0020482c        0xc ../../ecrobot/../ecrobot/libecrobot.a(nxt_avr.oram)
                0x0020482c                buttons_get
 .text.battery_voltage
                0x00204838       0x28 ../../ecrobot/../ecrobot/libecrobot.a(nxt_avr.oram)
                0x00204838                battery_voltage
 .text.sensor_adc
                0x00204860       0x20 ../../ecrobot/../ecrobot/libecrobot.a(nxt_avr.oram)
                0x00204860                sensor_adc
 .text.nxt_avr_set_motor
                0x00204880       0x34 ../../ecrobot/../ecrobot/libecrobot.a(nxt_avr.oram)
                0x00204880                nxt_avr_set_motor
 .text.nxt_avr_set_input_power
                0x002048b4       0x3c ../../ecrobot/../ecrobot/libecrobot.a(nxt_avr.oram)
                0x002048b4                nxt_avr_set_input_power
 .text.unset_digi0
                0x002048f0       0x44 ../../ecrobot/../ecrobot/libecrobot.a(sensors.oram)
                0x002048f0                unset_digi0
 .text.unset_digi1
                0x00204934       0x44 ../../ecrobot/../ecrobot/libecrobot.a(sensors.oram)
                0x00204934                unset_digi1
 .text.init_sensors
                0x00204978       0x4c ../../ecrobot/../ecrobot/libecrobot.a(sensors.oram)
                0x00204978                init_sensors
 .text.set_digi0
                0x002049c4       0x44 ../../ecrobot/../ecrobot/libecrobot.a(sensors.oram)
                0x002049c4                set_digi0
 .text.sp_set_mode
                0x00204a08       0x88 ../../ecrobot/../ecrobot/libecrobot.a(sensors1.oram)
                0x00204a08                sp_set_mode
 .text.sp_set   0x00204a90       0x24 ../../ecrobot/../ecrobot/libecrobot.a(sensors1.oram)
                0x00204a90                sp_set
 .text.sp_read  0x00204ab4       0x20 ../../ecrobot/../ecrobot/libecrobot.a(sensors1.oram)
                0x00204ab4                sp_read
 .text.sp_get   0x00204ad4       0x20 ../../ecrobot/../ecrobot/libecrobot.a(sensors1.oram)
                0x00204ad4                sp_get
 .text.sp_set_power
                0x00204af4        0xc ../../ecrobot/../ecrobot/libecrobot.a(sensors1.oram)
                0x00204af4                sp_set_power
 .text.sp_reset
                0x00204b00       0x54 ../../ecrobot/../ecrobot/libecrobot.a(sensors1.oram)
                0x00204b00                sp_reset
 .text.nxt_lcd_command
                0x00204b54       0x18 ../../ecrobot/../ecrobot/libecrobot.a(nxt_lcd.oram)
                0x00204b54                nxt_lcd_command
 .text.nxt_lcd_set_col
                0x00204b6c       0x24 ../../ecrobot/../ecrobot/libecrobot.a(nxt_lcd.oram)
                0x00204b6c                nxt_lcd_set_col
 .text.nxt_lcd_set_multiplex_rate
                0x00204b90       0x18 ../../ecrobot/../ecrobot/libecrobot.a(nxt_lcd.oram)
                0x00204b90                nxt_lcd_set_multiplex_rate
 .text.nxt_lcd_set_page_address
                0x00204ba8       0x18 ../../ecrobot/../ecrobot/libecrobot.a(nxt_lcd.oram)
                0x00204ba8                nxt_lcd_set_page_address
 .text.nxt_lcd_set_pot
                0x00204bc0       0x1c ../../ecrobot/../ecrobot/libecrobot.a(nxt_lcd.oram)
                0x00204bc0                nxt_lcd_set_pot
 .text.nxt_lcd_set_ram_address_control
                0x00204bdc       0x18 ../../ecrobot/../ecrobot/libecrobot.a(nxt_lcd.oram)
                0x00204bdc                nxt_lcd_set_ram_address_control
 .text.nxt_lcd_enable
                0x00204bf4       0x14 ../../ecrobot/../ecrobot/libecrobot.a(nxt_lcd.oram)
                0x00204bf4                nxt_lcd_enable
 .text.nxt_lcd_set_map_control
                0x00204c08       0x18 ../../ecrobot/../ecrobot/libecrobot.a(nxt_lcd.oram)
                0x00204c08                nxt_lcd_set_map_control
 .text.nxt_lcd_reset
                0x00204c20        0xc ../../ecrobot/../ecrobot/libecrobot.a(nxt_lcd.oram)
                0x00204c20                nxt_lcd_reset
 .text.nxt_lcd_set_bias_ratio
                0x00204c2c       0x18 ../../ecrobot/../ecrobot/libecrobot.a(nxt_lcd.oram)
                0x00204c2c                nxt_lcd_set_bias_ratio
 .text.nxt_lcd_force_update
                0x00204c44       0x30 ../../ecrobot/../ecrobot/libecrobot.a(nxt_lcd.oram)
                0x00204c44                nxt_lcd_force_update
 .text.nxt_lcd_update
                0x00204c74        0xc ../../ecrobot/../ecrobot/libecrobot.a(nxt_lcd.oram)
                0x00204c74                nxt_lcd_update
 .text.nxt_lcd_power_up
                0x00204c80       0x48 ../../ecrobot/../ecrobot/libecrobot.a(nxt_lcd.oram)
                0x00204c80                nxt_lcd_power_up
 .text.nxt_lcd_power_down
                0x00204cc8        0xc ../../ecrobot/../ecrobot/libecrobot.a(nxt_lcd.oram)
                0x00204cc8                nxt_lcd_power_down
 .text.nxt_lcd_init
                0x00204cd4       0x18 ../../ecrobot/../ecrobot/libecrobot.a(nxt_lcd.oram)
                0x00204cd4                nxt_lcd_init
 .text.verify_flash_page
                0x00204cec       0x34 ../../ecrobot/../ecrobot/libecrobot.a(flash_loader.oram)
 .text.set_flash_request
                0x00204d20       0x38 ../../ecrobot/../ecrobot/libecrobot.a(flash_loader.oram)
                0x00204d20                set_flash_request
 .text.nxt_device_init
                0x00204d58       0x38 ../../ecrobot/../ecrobot/libecrobot.a(flash_loader.oram)
                0x00204d58                nxt_device_init
 .text          0x00204d90       0x68 ../../ecrobot/../ecrobot/libecrobot.a(interrupts.oram)
                0x00204de8                fiq_enable
                0x00204d90                interrupts_get_and_disable
                0x00204dc4                fiq_get_and_disable
                0x00204db4                interrupts_enable
 .text.flash_write_page
                0x00204df8       0xc0 ../../ecrobot/../ecrobot/libecrobot.a(flashprog.oram)
                0x00204df8                flash_write_page
                0x00204ec0                . = ALIGN (0x10)
 *fill*         0x00204eb8        0x8 00
 *.oram(*.rodata *.rodata.*)
 .rodata.ld     0x00204ec0        0x4 ../../ecrobot/../ecrobot/libecrobot.a(udp.oram)
 .rodata.cfd    0x00204ec4       0x20 ../../ecrobot/../ecrobot/libecrobot.a(udp.oram)
 .rodata.dd     0x00204ee4       0x12 ../../ecrobot/../ecrobot/libecrobot.a(udp.oram)
 *fill*         0x00204ef6        0x2 00
 .rodata.str1.4
                0x00204ef8       0x22 ../../ecrobot/../ecrobot/libecrobot.a(data_abort.oram)
                                 0x24 (size before relaxing)
 .rodata.font   0x00204f1a      0x280 ../../ecrobot/../ecrobot/libecrobot.a(display.oram)
 *fill*         0x0020519a        0x2 00
 .rodata.str1.4
                0x0020519c       0x76 ../../ecrobot/../ecrobot/libecrobot.a(display.oram)
                                 0x78 (size before relaxing)
 *fill*         0x00205212        0x2 00
 .rodata.i2c_pin
                0x00205214       0x20 ../../ecrobot/../ecrobot/libecrobot.a(i2c.oram)
 .rodata.i2c_timer_isr_C
                0x00205234       0x38 ../../ecrobot/../ecrobot/libecrobot.a(i2c.oram)
 .rodata.silence
                0x0020526c       0x40 ../../ecrobot/../ecrobot/libecrobot.a(sound.oram)
                0x0020526c                silence
 .rodata.sample_pattern
                0x002052ac       0x84 ../../ecrobot/../ecrobot/libecrobot.a(sound.oram)
                0x002052ac                sample_pattern
 .rodata        0x00205330        0xc ../../ecrobot/../ecrobot/libecrobot.a(sound.oram)
 .rodata.avr_brainwash_string
                0x0020533c       0x30 ../../ecrobot/../ecrobot/libecrobot.a(nxt_avr.oram)
                0x0020533c                avr_brainwash_string
 .rodata.nxt_avr_1kHz_update
                0x0020536c       0x14 ../../ecrobot/../ecrobot/libecrobot.a(nxt_avr.oram)
 .rodata.C.33.1823
                0x00205380       0x10 ../../ecrobot/../ecrobot/libecrobot.a(sensors.oram)
 .rodata.C.37.1857
                0x00205390       0x10 ../../ecrobot/../ecrobot/libecrobot.a(sensors.oram)
 .rodata.C.31.1806
                0x002053a0       0x10 ../../ecrobot/../ecrobot/libecrobot.a(sensors.oram)
 .rodata.sensor_pins
                0x002053b0       0x40 ../../ecrobot/../ecrobot/libecrobot.a(sensors1.oram)
                0x002053b0                sensor_pins
 .rodata.str1.4
                0x002053f0       0x23 ../../ecrobot/../ecrobot/libecrobot.a(flash_loader.oram)
                                 0x24 (size before relaxing)
                0x00205420                . = ALIGN (0x10)
 *fill*         0x00205413        0xd 00
                0x002022c0                __ramtext_ram_start__ = ADDR (.ram_text)
                0x00205420                __ramtext_ram_end__ = (ADDR (.ram_text) + SIZEOF (.ram_text))
                0x002022c0                __ramtext_load_start__ = LOADADDR (.ram_text)
                0x00205420                __ramtext_load_end__ = (__ramtext_load_start__ + SIZEOF (.ram_text))

.wav_data       0x00205420        0x0
 *.owav(*.data *.data.*)
                0x00205420                . = ALIGN (0x10)

.bmp_data       0x00205420      0x440
 *.obmp(*.data *.data.*)
 .data          0x00205420      0x43e ../../ecrobot/../ecrobot/libecrobot.a(nxtosek_splash.obmp)
                0x00205420                nxtosek_splash_bmp_start
                0x0020585e                nxtosek_splash_bmp_end
                0x00205860                . = ALIGN (0x10)
 *fill*         0x0020585e        0x2 00

.spr_data       0x00205860        0x0
 *.ospr(*.data *.data.*)
                0x00205860                . = ALIGN (0x10)

.data           0x00205860      0x460
 *(*.data *.data.*)
 .data.line_side
                0x00205860        0x1 build/lineFollower.o
                0x00205860                line_side
 .data.y_position
                0x00205861        0x1 build/lineFollower.o
                0x00205861                y_position
 .data.x_position
                0x00205862        0x1 build/lineFollower.o
                0x00205862                x_position
 .data.deviceStatus
                0x00205863        0x1 ../../ecrobot/../ecrobot/libecrobot.a(ecrobot_interface.o)
 .data.named    0x00205864       0x22 ../../ecrobot/../ecrobot/libecrobot.a(udp.oram)
 .data.snd      0x00205886       0x1a ../../ecrobot/../ecrobot/libecrobot.a(udp.oram)
 .data.configured
                0x002058a0        0x4 ../../ecrobot/../ecrobot/libecrobot.a(udp.oram)
 .data.mode     0x002058a4        0x1 ../../ecrobot/../ecrobot/libecrobot.a(nxt_spi.oram)
                0x002058a4                mode
 *fill*         0x002058a5        0x3 00
 .bss.data      0x002058a8        0x4 ../../ecrobot/../ecrobot/libecrobot.a(nxt_spi.oram)
                0x002058a8                data
 .data.display_auto_update
                0x002058ac        0x4 ../../ecrobot/../ecrobot/libecrobot.a(display.oram)
                0x002058ac                display_auto_update
 .data.display_buffer
                0x002058b0        0x4 ../../ecrobot/../ecrobot/libecrobot.a(display.oram)
 .data          0x002058b4      0x404 /cygdrive/C/cygwin/GNUARM/bin/../lib/gcc/arm-elf/4.0.2/../../../../arm-elf/lib/thumb/interwork/libc.a(impure.o)
                0x00205cb4                _impure_ptr
                0x00205cc0                . = ALIGN (0x10)
 *fill*         0x00205cb8        0x8 00
                0x00205860                __data_ram_start__ = ADDR (.data)
                0x00205cc0                __data_ram_end__ = (ADDR (.data) + SIZEOF (.data))
                0x00205860                __data_load_start__ = LOADADDR (.data)
                0x00205cc0                __data_load_end__ = (__data_load_start__ + SIZEOF (.data))

.text           0x00205cc0     0x30f0
                0x00205cc0                . = ALIGN (0x10)
 *(*.text *.text.* *.glue*)
 .text.enqueue_alarm
                0x00205cc0       0x90 build/kernel/alarm.o
 .text.alarm_initialize
                0x00205d50       0x98 build/kernel/alarm.o
                0x00205d50                alarm_initialize
 .text.SignalCounter
                0x00205de8      0x134 build/kernel/alarm.o
                0x00205de8                SignalCounter
 .text.StartOS  0x00205f1c       0x58 build/kernel/osctl.o
                0x00205f1c                StartOS
 .text.ShutdownOS
                0x00205f74       0x4c build/kernel/osctl.o
                0x00205f74                ShutdownOS
 .text.call_pretaskhook
                0x00205fc0       0x24 build/kernel/osctl.o
                0x00205fc0                call_pretaskhook
 .text.call_errorhook
                0x00205fe4       0x78 build/kernel/osctl.o
                0x00205fe4                call_errorhook
 .text.call_posttaskhook
                0x0020605c       0x24 build/kernel/osctl.o
                0x0020605c                call_posttaskhook
 .text.search_schedtsk
                0x00206080       0x94 build/kernel/task.o
                0x00206080                search_schedtsk
 .text.make_runnable
                0x00206114       0xac build/kernel/task.o
                0x00206114                make_runnable
 .text.make_active
                0x002061c0       0x78 build/kernel/task.o
                0x002061c0                make_active
 .text.task_initialize
                0x00206238       0x90 build/kernel/task.o
                0x00206238                task_initialize
 .text.ActivateTask
                0x002062c8       0x8c build/kernel/task_manage.o
                0x002062c8                ActivateTask
 .text.TerminateTask
                0x00206354       0x74 build/kernel/task_manage.o
                0x00206354                TerminateTask
 .text.cpu_initialize
                0x002063c8        0x4 build/config/at91sam7s-gnu/cpu_config.o
                0x002063c8                cpu_initialize
 .text.cpu_terminate
                0x002063cc        0x4 build/config/at91sam7s-gnu/cpu_config.o
                0x002063cc                cpu_terminate
 .text.sys_initialize
                0x002063d0        0x4 build/config/at91sam7s-gnu/lego_nxt/sys_config.o
                0x002063d0                sys_initialize
 .text.sys_exit
                0x002063d4        0x4 build/config/at91sam7s-gnu/lego_nxt/sys_config.o
                0x002063d4                sys_exit
 .text._activate_alarm_cyclic_alarm_ReadColour
                0x002063d8        0xc build/./kernel_cfg.o
 .text._activate_alarm_cyclic_alarm_ManageState
                0x002063e4        0xc build/./kernel_cfg.o
 .text._activate_alarm_cyclic_alarm_ReadButtons
                0x002063f0        0xc build/./kernel_cfg.o
 .text.object_initialize
                0x002063fc       0x10 build/./kernel_cfg.o
                0x002063fc                object_initialize
 .text.init_OS_flag
                0x0020640c        0xc build/ecrobot_base.o
                0x0020640c                init_OS_flag
 .text.set_OS_flag
                0x00206418        0xc build/ecrobot_base.o
                0x00206418                set_OS_flag
 .text.get_OS_flag
                0x00206424        0xc build/ecrobot_base.o
                0x00206424                get_OS_flag
 .text.cpp_constructor
                0x00206430       0x28 build/ecrobot_base.o
                0x00206430                cpp_constructor
 .text.cpp_destructor
                0x00206458       0x28 build/ecrobot_base.o
                0x00206458                cpp_destructor
 .text.execution_mode
                0x00206480       0x24 build/ecrobot_base.o
                0x00206480                execution_mode
 .text.show_main_screen
                0x002064a4       0x48 build/ecrobot_base.o
                0x002064a4                show_main_screen
 .text.display_status_bar
                0x002064ec       0x5c build/ecrobot_base.o
                0x002064ec                display_status_bar
 .text.check_NXT_buttons
                0x00206548       0x7c build/ecrobot_base.o
                0x00206548                check_NXT_buttons
 .text.add_status_info
                0x002065c4       0x68 build/ecrobot_base.o
                0x002065c4                add_status_info
 .text.show_splash_screen
                0x0020662c       0x90 build/ecrobot_base.o
                0x0020662c                show_splash_screen
 .text.main     0x002066bc      0x10c build/ecrobot.o
                0x002066bc                main
 .text.ecrobot_device_initialize
                0x002067c8       0x14 build/lineFollower.o
                0x002067c8                ecrobot_device_initialize
 .text.ecrobot_device_terminate
                0x002067dc       0x1c build/lineFollower.o
                0x002067dc                ecrobot_device_terminate
 .text.user_1ms_isr_type2
                0x002067f8       0x14 build/lineFollower.o
                0x002067f8                user_1ms_isr_type2
 .text.TaskMainManageState
                0x0020680c      0x83c build/lineFollower.o
                0x0020680c                TaskMainManageState
 .text.TaskMainReadButtons
                0x00207048       0x3c build/lineFollower.o
                0x00207048                TaskMainReadButtons
 .text.TaskMainReadColour
                0x00207084        0x8 build/lineFollower.o
                0x00207084                TaskMainReadColour
 .text.set_both_motor_speed
                0x0020708c       0x28 build/functions.o
                0x0020708c                set_both_motor_speed
 .text.set_motor_threshold
                0x002070b4       0x54 build/functions.o
                0x002070b4                set_motor_threshold
 .text.set_map_junction
                0x00207108       0x28 build/functions.o
                0x00207108                set_map_junction
 .text.inc_map_value
                0x00207130       0x24 build/functions.o
                0x00207130                inc_map_value
 .text.clear_checked_turns
                0x00207154       0x10 build/functions.o
                0x00207154                clear_checked_turns
 .text.robot_follow
                0x00207164       0xa4 build/functions.o
                0x00207164                robot_follow
 .text.check_color
                0x00207208      0x15c build/functions.o
                0x00207208                check_color
 .text.change_position
                0x00207364       0xfc build/functions.o
                0x00207364                change_position
 .text.ecrobot_set_light_sensor_active
                0x00207460       0x10 ../../ecrobot/../ecrobot/libecrobot.a(ecrobot_interface.o)
                0x00207460                ecrobot_set_light_sensor_active
 .text.ecrobot_set_light_sensor_inactive
                0x00207470       0x10 ../../ecrobot/../ecrobot/libecrobot.a(ecrobot_interface.o)
                0x00207470                ecrobot_set_light_sensor_inactive
 .text.ecrobot_get_light_sensor
                0x00207480       0x14 ../../ecrobot/../ecrobot/libecrobot.a(ecrobot_interface.o)
                0x00207480                ecrobot_get_light_sensor
 .text.ecrobot_process_bg_nxtcolorsensor
                0x00207494       0x98 ../../ecrobot/../ecrobot/libecrobot.a(ecrobot_interface.o)
                0x00207494                ecrobot_process_bg_nxtcolorsensor
 .text.ecrobot_set_nxtcolorsensor
                0x0020752c       0x44 ../../ecrobot/../ecrobot/libecrobot.a(ecrobot_interface.o)
                0x0020752c                ecrobot_set_nxtcolorsensor
 .text.ecrobot_init_nxtcolorsensor
                0x00207570       0x30 ../../ecrobot/../ecrobot/libecrobot.a(ecrobot_interface.o)
                0x00207570                ecrobot_init_nxtcolorsensor
 .text.ecrobot_get_nxtcolorsensor_rgb
                0x002075a0       0x1c ../../ecrobot/../ecrobot/libecrobot.a(ecrobot_interface.o)
                0x002075a0                ecrobot_get_nxtcolorsensor_rgb
 .text.ecrobot_term_nxtcolorsensor
                0x002075bc       0x10 ../../ecrobot/../ecrobot/libecrobot.a(ecrobot_interface.o)
                0x002075bc                ecrobot_term_nxtcolorsensor
 .text.ecrobot_get_battery_voltage
                0x002075cc        0xc ../../ecrobot/../ecrobot/libecrobot.a(ecrobot_interface.o)
                0x002075cc                ecrobot_get_battery_voltage
 .text.ecrobot_get_button_state
                0x002075d8        0xc ../../ecrobot/../ecrobot/libecrobot.a(ecrobot_interface.o)
                0x002075d8                ecrobot_get_button_state
 .text.ecrobot_init_nxtstate
                0x002075e4       0x28 ../../ecrobot/../ecrobot/libecrobot.a(ecrobot_interface.o)
                0x002075e4                ecrobot_init_nxtstate
 .text.ecrobot_poll_nxtstate
                0x0020760c       0x64 ../../ecrobot/../ecrobot/libecrobot.a(ecrobot_interface.o)
                0x0020760c                ecrobot_poll_nxtstate
 .text.ecrobot_setDeviceInitialized
                0x00207670       0x18 ../../ecrobot/../ecrobot/libecrobot.a(ecrobot_interface.o)
                0x00207670                ecrobot_setDeviceInitialized
 .text.ecrobot_initDeviceStatus
                0x00207688        0xc ../../ecrobot/../ecrobot/libecrobot.a(ecrobot_interface.o)
                0x00207688                ecrobot_initDeviceStatus
 .text.ecrobot_bmp2lcd
                0x00207694      0x1c8 ../../ecrobot/../ecrobot/libecrobot.a(ecrobot_interface.o)
                0x00207694                ecrobot_bmp2lcd
 .text.ecrobot_is_ENTER_button_pressed
                0x0020785c       0x10 ../../ecrobot/../ecrobot/libecrobot.a(ecrobot_interface.o)
                0x0020785c                ecrobot_is_ENTER_button_pressed
 .text.ecrobot_is_RUN_button_pressed
                0x0020786c       0x10 ../../ecrobot/../ecrobot/libecrobot.a(ecrobot_interface.o)
                0x0020786c                ecrobot_is_RUN_button_pressed
 .text.colorsensor_recv
                0x0020787c       0x68 ../../ecrobot/../ecrobot/libecrobot.a(colorsensor.o)
 .text.colorsensor_init
                0x002078e4      0x108 ../../ecrobot/../ecrobot/libecrobot.a(colorsensor.o)
                0x002078e4                colorsensor_init
 .text.colorsensor_term
                0x002079ec       0x6c ../../ecrobot/../ecrobot/libecrobot.a(colorsensor.o)
                0x002079ec                colorsensor_term
 .text.colorsensor_light_get
                0x00207a58       0x44 ../../ecrobot/../ecrobot/libecrobot.a(colorsensor.o)
                0x00207a58                colorsensor_light_get
 .text.colorsensor_light_full
                0x00207a9c       0xac ../../ecrobot/../ecrobot/libecrobot.a(colorsensor.o)
                0x00207a9c                colorsensor_light_full
 .text.colorsensor_rgb_get
                0x00207b48       0x14 ../../ecrobot/../ecrobot/libecrobot.a(colorsensor.o)
                0x00207b48                colorsensor_rgb_get
 .text.colorsensor_color_get
                0x00207b5c       0xfc ../../ecrobot/../ecrobot/libecrobot.a(colorsensor.o)
                0x00207b5c                colorsensor_color_get
 .text.StartupHook
                0x00207c58        0x4 ../../ecrobot/../ecrobot/libecrobot.a(osek_hook.o)
                0x00207c58                StartupHook
 .text.PreTaskHook
                0x00207c5c        0x4 ../../ecrobot/../ecrobot/libecrobot.a(osek_hook.o)
                0x00207c5c                PreTaskHook
 .text.PostTaskHook
                0x00207c60        0x4 ../../ecrobot/../ecrobot/libecrobot.a(osek_hook.o)
                0x00207c60                PostTaskHook
 .text.ErrorHook
                0x00207c64        0x4 ../../ecrobot/../ecrobot/libecrobot.a(osek_hook.o)
                0x00207c64                ErrorHook
 .text.ShutdownHook
                0x00207c68        0x4 ../../ecrobot/../ecrobot/libecrobot.a(osek_hook.o)
                0x00207c68                ShutdownHook
 .text          0x00207c6c       0x8c /cygdrive/C/cygwin/GNUARM/bin/../lib/gcc/arm-elf/4.0.2/thumb/interwork/libgcc.a(_udivsi3.o)
                0x00207c6c                __udivsi3
                0x00207ce8                __aeabi_uidivmod
 .text          0x00207cf8       0xc8 /cygdrive/C/cygwin/GNUARM/bin/../lib/gcc/arm-elf/4.0.2/thumb/interwork/libgcc.a(_umodsi3.o)
                0x00207cf8                __umodsi3
 .text          0x00207dc0       0xd8 /cygdrive/C/cygwin/GNUARM/bin/../lib/gcc/arm-elf/4.0.2/thumb/interwork/libgcc.a(_modsi3.o)
                0x00207dc0                __modsi3
 .text          0x00207e98        0x4 /cygdrive/C/cygwin/GNUARM/bin/../lib/gcc/arm-elf/4.0.2/thumb/interwork/libgcc.a(_dvmd_tls.o)
                0x00207e98                __aeabi_ldiv0
                0x00207e98                __div0
                0x00207e98                __aeabi_idiv0
 .text          0x00207e9c      0x430 /cygdrive/C/cygwin/GNUARM/bin/../lib/gcc/arm-elf/4.0.2/thumb/interwork/libgcc.a(_addsubdf3.o)
                0x00208260                __floatdidf
                0x002081e0                __floatsidf
                0x002081b8                __aeabi_ui2d
                0x00207e9c                __aeabi_drsub
                0x0020820c                __extendsfdf2
                0x00207ea8                __adddf3
                0x002081b8                __floatunsidf
                0x00207ea8                __aeabi_dadd
                0x0020824c                __aeabi_ul2d
                0x00207ea4                __aeabi_dsub
                0x0020824c                __floatundidf
                0x002081e0                __aeabi_i2d
                0x00208260                __aeabi_l2d
                0x0020820c                __aeabi_f2d
                0x00207ea4                __subdf3
 .text          0x002082cc      0x49c /cygdrive/C/cygwin/GNUARM/bin/../lib/gcc/arm-elf/4.0.2/thumb/interwork/libgcc.a(_muldivdf3.o)
                0x0020855c                __aeabi_ddiv
                0x002082cc                __aeabi_dmul
                0x0020855c                __divdf3
                0x002082cc                __muldf3
 .text          0x00208768      0x140 /cygdrive/C/cygwin/GNUARM/bin/../lib/gcc/arm-elf/4.0.2/thumb/interwork/libgcc.a(_cmpdf2.o)
                0x00208860                __aeabi_dcmple
                0x00208778                __cmpdf2
                0x00208778                __eqdf2
                0x00208768                __gtdf2
                0x00208818                __aeabi_cdcmple
                0x002087fc                __aeabi_cdrcmple
                0x00208770                __ltdf2
                0x00208848                __aeabi_dcmplt
                0x00208770                __ledf2
                0x00208890                __aeabi_dcmpgt
                0x00208878                __aeabi_dcmpge
                0x00208778                __nedf2
                0x00208830                __aeabi_dcmpeq
                0x00208818                __aeabi_cdcmpeq
                0x00208768                __gedf2
 .text          0x002088a8       0x7c /cygdrive/C/cygwin/GNUARM/bin/../lib/gcc/arm-elf/4.0.2/thumb/interwork/libgcc.a(_muldi3.o)
                0x002088a8                __muldi3
 .text          0x00208924       0x68 /cygdrive/C/cygwin/GNUARM/bin/../lib/gcc/arm-elf/4.0.2/../../../../arm-elf/lib/thumb/interwork/libc.a(memset.o)
                0x00208924                memset
 .text          0x0020898c       0x50 /cygdrive/C/cygwin/GNUARM/bin/../lib/gcc/arm-elf/4.0.2/../../../../arm-elf/lib/thumb/interwork/libc.a(rand.o)
                0x002089a0                rand
                0x0020898c                srand
 .text          0x002089dc       0x60 /cygdrive/C/cygwin/GNUARM/bin/../lib/gcc/arm-elf/4.0.2/../../../../arm-elf/lib/thumb/interwork/libc.a(strcpy.o)
                0x002089dc                strcpy
 .text          0x00208a3c       0x48 /cygdrive/C/cygwin/GNUARM/bin/../lib/gcc/arm-elf/4.0.2/../../../../arm-elf/lib/thumb/interwork/libc.a(strlen.o)
                0x00208a3c                strlen
 .glue_7        0x00208a84       0x30 /cygdrive/C/cygwin/GNUARM/bin/../lib/gcc/arm-elf/4.0.2/../../../../arm-elf/lib/thumb/interwork/libc.a(strncpy.o)
                0x00208a9c                __call_posttaskhook_from_arm
                0x00208a85                __ecrobot_debug1_from_arm
                0x00208a91                __ecrobot_debug2_from_arm
                0x00208aa8                __call_pretaskhook_from_arm
 .glue_7t       0x00208ab4       0x60 /cygdrive/C/cygwin/GNUARM/bin/../lib/gcc/arm-elf/4.0.2/../../../../arm-elf/lib/thumb/interwork/libc.a(strncpy.o)
                0x00208ae0                __start_change_to_arm
                0x00208afc                __interrupts_get_and_disable_from_thumb
                0x00208af4                ____gtdf2_from_thumb
                0x00208ad4                __exit_and_dispatch_from_thumb
                0x00208ad8                __exit_and_dispatch_change_to_arm
                0x00208ab4                __disable_int_from_thumb
                0x00208acc                __start_dispatch_from_thumb
                0x00208adc                __start_from_thumb
                0x00208af0                ____muldf3_change_to_arm
                0x00208abc                __enable_int_from_thumb
                0x00208ac4                __dispatch_from_thumb
                0x00208b08                __interrupts_enable_change_to_arm
                0x00208b00                __interrupts_get_and_disable_change_to_arm
                0x00208ac8                __dispatch_change_to_arm
                0x00208af8                ____gtdf2_change_to_arm
                0x00208ae4                ____floatsidf_from_thumb
                0x00208b0d                __display_bios_status_from_thumb
                0x00208ab8                __disable_int_change_to_arm
                0x00208aec                ____muldf3_from_thumb
                0x00208ac0                __enable_int_change_to_arm
                0x00208ae8                ____floatsidf_change_to_arm
                0x00208b04                __interrupts_enable_from_thumb
                0x00208b10                __display_bios_status_change_to_arm
                0x00208ad0                __start_dispatch_change_to_arm
                0x00208b20                . = ALIGN (0x10)
 *fill*         0x00208b14        0xc 00
 *(*.rodata *.rodata.*)
 .rodata.search_table.966
                0x00208b20        0xf build/kernel/task.o
 *fill*         0x00208b2f        0x1 00
 .rodata.alminib_cycle
                0x00208b30        0xc build/./kernel_cfg.o
                0x00208b30                alminib_cycle
 .rodata.alminib_almval
                0x00208b3c        0xc build/./kernel_cfg.o
                0x00208b3c                alminib_almval
 .rodata.alminib_autosta
                0x00208b48        0x3 build/./kernel_cfg.o
                0x00208b48                alminib_autosta
 *fill*         0x00208b4b        0x1 00
 .rodata.alminib_cback
                0x00208b4c        0xc build/./kernel_cfg.o
                0x00208b4c                alminib_cback
 .rodata.alminib_cntid
                0x00208b58        0x3 build/./kernel_cfg.o
                0x00208b58                alminib_cntid
 *fill*         0x00208b5b        0x1 00
 .rodata.cntinib_tickbase
                0x00208b5c        0x4 build/./kernel_cfg.o
                0x00208b5c                cntinib_tickbase
 .rodata.cntinib_maxval2
                0x00208b60        0x4 build/./kernel_cfg.o
                0x00208b60                cntinib_maxval2
 .rodata.cntinib_maxval
                0x00208b64        0x4 build/./kernel_cfg.o
                0x00208b64                cntinib_maxval
 .rodata.SysTimerCnt
                0x00208b68        0x1 build/./kernel_cfg.o
                0x00208b68                SysTimerCnt
 *fill*         0x00208b69        0x1 00
 .rodata.tinib_stksz
                0x00208b6a        0x6 build/./kernel_cfg.o
                0x00208b6a                tinib_stksz
 .rodata.tinib_stk
                0x00208b70        0xc build/./kernel_cfg.o
                0x00208b70                tinib_stk
 .rodata.tinib_task
                0x00208b7c        0xc build/./kernel_cfg.o
                0x00208b7c                tinib_task
 .rodata.tinib_autoact
                0x00208b88        0x3 build/./kernel_cfg.o
                0x00208b88                tinib_autoact
 .rodata.tinib_maxact
                0x00208b8b        0x3 build/./kernel_cfg.o
                0x00208b8b                tinib_maxact
 .rodata.tinib_exepri
                0x00208b8e        0x3 build/./kernel_cfg.o
                0x00208b8e                tinib_exepri
 .rodata.tinib_inipri
                0x00208b91        0x3 build/./kernel_cfg.o
                0x00208b91                tinib_inipri
 .rodata.tnum_exttask
                0x00208b94        0x1 build/./kernel_cfg.o
                0x00208b94                tnum_exttask
 .rodata.tnum_task
                0x00208b95        0x1 build/./kernel_cfg.o
                0x00208b95                tnum_task
 .rodata.tnum_counter
                0x00208b96        0x1 build/./kernel_cfg.o
                0x00208b96                tnum_counter
 .rodata.tnum_alarm
                0x00208b97        0x1 build/./kernel_cfg.o
                0x00208b97                tnum_alarm
 .rodata.exec_addr
                0x00208b98        0x4 build/ecrobot_base.o
                0x00208b98                exec_addr
 .rodata.str1.4
                0x00208b9c       0x80 build/ecrobot_base.o
 .rodata.str1.4
                0x00208c1c      0x111 build/lineFollower.o
                                0x124 (size before relaxing)
 *fill*         0x00208d2d        0x3 00
 .rodata.TaskMainManageState
                0x00208d30       0x40 build/lineFollower.o
 .rodata.str1.4
                0x00208d70       0x2d build/functions.o
                                 0x30 (size before relaxing)
 .rodata.NXT_COLORSENSOR_PROTOCOLS
                0x00208d9d        0x7 ../../ecrobot/../ecrobot/libecrobot.a(ecrobot_interface.o)
                0x00208d9d                NXT_COLORSENSOR_PROTOCOLS
 .rodata.str1.4
                0x00208da4        0x2 /cygdrive/C/cygwin/GNUARM/bin/../lib/gcc/arm-elf/4.0.2/../../../../arm-elf/lib/thumb/interwork/libc.a(impure.o)
                                  0x4 (size before relaxing)
                0x00208db0                . = ALIGN (0x10)
 *fill*         0x00208da6        0xa 00
 *(*.gnu.linkonce.* .gcc_except_table)
                0x00208db0                . = ALIGN (0x10)

.tors           0x00208db0        0x0
                0x00208db0                . = ALIGN (0x10)
                0x00208db0                __ctor_begin = .
 *(*.ctors*)
                0x00208db0                __ctor_end = .
                0x00208db0                . = ALIGN (0x10)
                0x00208db0                __dtor_begin = .
 *(*.dtors*)
                0x00208db0                __dtor_end = .
                0x00208db0                . = ALIGN (0x10)

.bss            0x00208db0     0x3c1c
 *(*.bss *.bss.*)
 .bss.ready_primap
                0x00208db0        0x2 build/kernel/task.o
 .bss.ready_queue_last
                0x00208db2       0x10 build/kernel/task.o
 .bss.ready_queue_first
                0x00208dc2       0x10 build/kernel/task.o
 *fill*         0x00208dd2        0x2 00
 .bss._stack_ManageState
                0x00208dd4      0x200 build/./kernel_cfg.o
 .bss._stack_ReadColour
                0x00208fd4      0x200 build/./kernel_cfg.o
 .bss._stack_ReadButtons
                0x002091d4      0x200 build/./kernel_cfg.o
 .bss.status_bar_position
                0x002093d4        0x4 build/ecrobot_base.o
 .bss.last_act_time.2686
                0x002093d8        0x4 build/ecrobot_base.o
 .bss.lcd.2615  0x002093dc      0x320 build/ecrobot_base.o
 .bss.OS_flag   0x002096fc        0x4 build/ecrobot_base.o
 .bss.status_bar
                0x00209700       0x10 build/ecrobot_base.o
 .bss.black_count
                0x00209710        0x2 build/lineFollower.o
                0x00209710                black_count
 .bss.search_time
                0x00209712        0x2 build/lineFollower.o
                0x00209712                search_time
 .bss.random    0x00209714        0x1 build/lineFollower.o
                0x00209714                random
 *fill*         0x00209715        0x3 00
 .bss.run_button
                0x00209718        0x4 build/lineFollower.o
                0x00209718                run_button
 .bss.enter_button
                0x0020971c        0x4 build/lineFollower.o
                0x0020971c                enter_button
 .bss.color_cal_state
                0x00209720        0x1 build/lineFollower.o
                0x00209720                color_cal_state
 .bss.state     0x00209721        0x1 build/lineFollower.o
                0x00209721                state
 .bss.orientation
                0x00209722        0x1 build/lineFollower.o
                0x00209722                orientation
 *fill*         0x00209723        0x1 00
 .bss.buttons_i
                0x00209724        0x4 ../../ecrobot/../ecrobot/libecrobot.a(ecrobot_interface.o)
 .bss.buttons_states
                0x00209728       0x14 ../../ecrobot/../ecrobot/libecrobot.a(ecrobot_interface.o)
 .bss.ecrobot_inputs
                0x0020973c        0x8 ../../ecrobot/../ecrobot/libecrobot.a(ecrobot_interface.o)
 .bss.sensor_data
                0x00209744       0x40 ../../ecrobot/../ecrobot/libecrobot.a(ecrobot_interface.o)
 .bss.rgb_buf   0x00209784        0xc ../../ecrobot/../ecrobot/libecrobot.a(colorsensor.o)
 .bss.systick_ms
                0x00209790        0x4 ../../ecrobot/../ecrobot/libecrobot.a(systick.oram)
 .bss.delayedEnable
                0x00209794        0x1 ../../ecrobot/../ecrobot/libecrobot.a(udp.oram)
 *fill*         0x00209795        0x3 00
 .bss.outCnt    0x00209798        0x4 ../../ecrobot/../ecrobot/libecrobot.a(udp.oram)
 .bss.outPtr    0x0020979c        0x4 ../../ecrobot/../ecrobot/libecrobot.a(udp.oram)
 .bss.newAddress
                0x002097a0        0x4 ../../ecrobot/../ecrobot/libecrobot.a(udp.oram)
 .bss.currentRxBank
                0x002097a4        0x4 ../../ecrobot/../ecrobot/libecrobot.a(udp.oram)
 .bss.currentFeatures
                0x002097a8        0x4 ../../ecrobot/../ecrobot/libecrobot.a(udp.oram)
 .bss.currentConfig
                0x002097ac        0x1 ../../ecrobot/../ecrobot/libecrobot.a(udp.oram)
 *fill*         0x002097ad        0x3 00
 .bss.twi_mask  0x002097b0        0x4 ../../ecrobot/../ecrobot/libecrobot.a(twi.oram)
 .bss.twi_ptr   0x002097b4        0x4 ../../ecrobot/../ecrobot/libecrobot.a(twi.oram)
 .bss.twi_pending
                0x002097b8        0x4 ../../ecrobot/../ecrobot/libecrobot.a(twi.oram)
 .bss.twi_state
                0x002097bc        0x4 ../../ecrobot/../ecrobot/libecrobot.a(twi.oram)
 .bss.page      0x002097c0        0x1 ../../ecrobot/../ecrobot/libecrobot.a(nxt_spi.oram)
                0x002097c0                page
 .bss.dirty     0x002097c1        0x1 ../../ecrobot/../ecrobot/libecrobot.a(nxt_spi.oram)
                0x002097c1                dirty
 *fill*         0x002097c2        0x2 00
 .bss.display   0x002097c4        0x4 ../../ecrobot/../ecrobot/libecrobot.a(nxt_spi.oram)
                0x002097c4                display
 .bss.interrupts_this_period
                0x002097c8        0x4 ../../ecrobot/../ecrobot/libecrobot.a(nxt_motors.oram)
 .bss.nxt_motor_initialised
                0x002097cc        0x4 ../../ecrobot/../ecrobot/libecrobot.a(nxt_motors.oram)
 .bss.motor     0x002097d0       0x30 ../../ecrobot/../ecrobot/libecrobot.a(nxt_motors.oram)
 .bss.display_tick
                0x00209800        0x4 ../../ecrobot/../ecrobot/libecrobot.a(display.oram)
                0x00209800                display_tick
 .bss.display_array
                0x00209804      0x388 ../../ecrobot/../ecrobot/libecrobot.a(display.oram)
 .bss.i2c_int_count
                0x00209b8c        0x4 ../../ecrobot/../ecrobot/libecrobot.a(i2c.oram)
 .bss.i2c_port  0x00209b90      0x170 ../../ecrobot/../ecrobot/libecrobot.a(i2c.oram)
 .bss.sound_mode
                0x00209d00        0x1 ../../ecrobot/../ecrobot/libecrobot.a(sound.oram)
                0x00209d00                sound_mode
 *fill*         0x00209d01        0x3 00
 .bss.in_buf_idx
                0x00209d04        0x4 ../../ecrobot/../ecrobot/libecrobot.a(bt.oram)
 .bss.buf_ptr   0x00209d08        0x4 ../../ecrobot/../ecrobot/libecrobot.a(bt.oram)
 .bss.out_buf_ptr
                0x00209d0c        0x1 ../../ecrobot/../ecrobot/libecrobot.a(bt.oram)
 .bss.in_buf_in_ptr
                0x00209d0d        0x1 ../../ecrobot/../ecrobot/libecrobot.a(bt.oram)
 .bss.in_buf    0x00209d0e      0x100 ../../ecrobot/../ecrobot/libecrobot.a(bt.oram)
 *fill*         0x00209e0e        0x2 00
 .bss.link_state
                0x00209e10        0x4 ../../ecrobot/../ecrobot/libecrobot.a(nxt_avr.oram)
 .bss.update_count
                0x00209e14        0x4 ../../ecrobot/../ecrobot/libecrobot.a(nxt_avr.oram)
 .bss.nxt_avr_stats
                0x00209e18       0x14 ../../ecrobot/../ecrobot/libecrobot.a(nxt_avr.oram)
 .bss.debounce_cnt
                0x00209e2c        0x2 ../../ecrobot/../ecrobot/libecrobot.a(nxt_avr.oram)
 .bss.debounce_state
                0x00209e2e        0x2 ../../ecrobot/../ecrobot/libecrobot.a(nxt_avr.oram)
 .bss.button_state
                0x00209e30        0x2 ../../ecrobot/../ecrobot/libecrobot.a(nxt_avr.oram)
 .bss.prev_buttons
                0x00209e32        0x2 ../../ecrobot/../ecrobot/libecrobot.a(nxt_avr.oram)
 .bss.from_buf  0x00209e34        0x4 ../../ecrobot/../ecrobot/libecrobot.a(nxt_avr.oram)
 .bss.io_from_avr
                0x00209e38        0x4 ../../ecrobot/../ecrobot/libecrobot.a(nxt_avr.oram)
 .bss.data_from_avr
                0x00209e3c       0x1a ../../ecrobot/../ecrobot/libecrobot.a(nxt_avr.oram)
 .bss.data_to_avr
                0x00209e56        0x9 ../../ecrobot/../ecrobot/libecrobot.a(nxt_avr.oram)
 .bss.io_to_avr
                0x00209e5f        0x8 ../../ecrobot/../ecrobot/libecrobot.a(nxt_avr.oram)
 *fill*         0x00209e67        0x1 00
 .bss.display   0x00209e68        0x4 ../../ecrobot/../ecrobot/libecrobot.a(nxt_lcd.oram)
                0x00209e70                . = ALIGN (0x10)
 *fill*         0x00209e6c        0x4 00
                0x00209e70                __bss_end__ = .
 COMMON         0x00209e70        0x2 build/kernel/interrupt.o
                0x00209e70                runisr
                0x00209e71                sus_all_cnt
 *fill*         0x00209e72        0x2 00
 COMMON         0x00209e74       0x10 build/kernel/osctl.o
                0x00209e74                callevel
                0x00209e75                _errorhook_svcid
                0x00209e76                appmode
                0x00209e78                _errorhook_par1
                0x00209e7c                _errorhook_par3
                0x00209e80                _errorhook_par2
 COMMON         0x00209e84        0x3 build/kernel/task.o
                0x00209e84                runtsk
                0x00209e85                schedtsk
                0x00209e86                nextpri
 *fill*         0x00209e87        0x1 00
 COMMON         0x00209e88       0x58 build/./kernel_cfg.o
                0x00209e88                tcb_waievt
                0x00209e8c                rescb_prevpri
                0x00209e8d                almcb_prev
                0x00209e90                tcb_lastres
                0x00209e94                almcb_almval
                0x00209ea0                tcxb_pc
                0x00209eac                tcb_next
                0x00209eaf                tcb_curpri
                0x00209eb2                tcb_tstat
                0x00209eb5                isrcb_lastres
                0x00209eb6                cntcb_almque
                0x00209eb7                rescb_prevres
                0x00209eb8                tcb_actcnt
                0x00209ebc                tcb_curevt
                0x00209ec0                almcb_cycle
                0x00209ecc                tcxb_sp
                0x00209ed8                almcb_next
                0x00209edc                cntcb_curval
 COMMON         0x00209ee0     0x277e build/lineFollower.o
                0x00209ee0                map
                0x0020c5f0                colorCal
                0x0020c650                checked
                0x0020c656                motor_right
                0x0020c657                old_color
                0x0020c658                make_turn
                0x0020c659                line_found
                0x0020c65a                light_value
                0x0020c65c                motor_left
                0x0020c65d                color
 *fill*         0x0020c65e        0x2 00
 COMMON         0x0020c660       0x44 ../../ecrobot/../ecrobot/libecrobot.a(uart.oram)
                0x0020c660                uart
 COMMON         0x0020c6a4        0x4 ../../ecrobot/../ecrobot/libecrobot.a(data_abort.oram)
                0x0020c6a4                data_abort_pc
 COMMON         0x0020c6a8        0x8 ../../ecrobot/../ecrobot/libecrobot.a(display.oram)
                0x0020c6a8                display_x
                0x0020c6ac                display_y
 COMMON         0x0020c6b0      0x31c ../../ecrobot/../ecrobot/libecrobot.a(sound.oram)
                0x0020c6b0                sample
                0x00208db0                __bss_start__ = ADDR (.bss)
                0x0020c9cc                __bss_end__ = (ADDR (.bss) + SIZEOF (.bss))
                0x0020c9cc                PROVIDE (end, .)

.heap_area      0x0020c9cc     0x31ac
                0x0020fb78                . = (. + (0x20fb78 - end))
 *fill*         0x0020c9cc     0x31ac 00

.stack          0x0020fb78      0x488
                0x0020fbf8                . = (. + 0x80)
 *fill*         0x0020fb78       0x80 00
                0x0020fc00                . = ALIGN (0x10)
 *fill*         0x0020fbf8        0x8 00
                0x0020fc00                __irq_stack__ = .
                0x0020fc00                __system_stack_bottom__ = .
                0x00210000                . = (. + 0x400)
 *fill*         0x0020fc00      0x400 00
                0x00210000                . = ALIGN (0x10)
                0x00210000                __system_stack__ = .
                0x00210000                __system_stack_top__ = .
                0x0020fb78                __stack_start__ = ADDR (.stack)
                0x00210000                __stack_end__ = (ADDR (.stack) + SIZEOF (.stack))
OUTPUT(CleverCLF_ram.elf elf32-littlearm)

.comment        0x00000000      0x396
 .comment       0x00000000       0x12 build/kernel/alarm.o
 .comment       0x00000012       0x12 build/kernel/event.o
 .comment       0x00000024       0x12 build/kernel/interrupt.o
 .comment       0x00000036       0x12 build/kernel/osctl.o
 .comment       0x00000048       0x12 build/kernel/resource.o
 .comment       0x0000005a       0x12 build/kernel/task.o
 .comment       0x0000006c       0x12 build/kernel/task_manage.o
 .comment       0x0000007e       0x12 build/config/at91sam7s-gnu/cpu_config.o
 .comment       0x00000090       0x12 build/config/at91sam7s-gnu/lego_nxt/sys_config.o
 .comment       0x000000a2       0x12 build/./kernel_cfg.o
 .comment       0x000000b4       0x12 build/syscalls.o
 .comment       0x000000c6       0x12 build/ecrobot_bluetooth.o
 .comment       0x000000d8       0x12 build/ecrobot_base.o
 .comment       0x000000ea       0x12 build/ecrobot.o
 .comment       0x000000fc       0x12 build/lineFollower.o
 .comment       0x0000010e       0x12 build/functions.o
 .comment       0x00000120       0x12 build/syslib/at91sam7s-gnu/lego_nxt/hw_sys_timer.oram
 .comment       0x00000132       0x12 ../../ecrobot/../ecrobot/libecrobot.a(ecrobot_interface.o)
 .comment       0x00000144       0x12 ../../ecrobot/../ecrobot/libecrobot.a(colorsensor.o)
 .comment       0x00000156       0x12 ../../ecrobot/../ecrobot/libecrobot.a(osek_hook.o)
 .comment       0x00000168       0x12 ../../ecrobot/../ecrobot/libecrobot.a(uart.oram)
 .comment       0x0000017a       0x12 ../../ecrobot/../ecrobot/libecrobot.a(systick.oram)
 .comment       0x0000018c       0x12 ../../ecrobot/../ecrobot/libecrobot.a(byte_fifo.oram)
 .comment       0x0000019e       0x12 ../../ecrobot/../ecrobot/libecrobot.a(aic.oram)
 .comment       0x000001b0       0x12 ../../ecrobot/../ecrobot/libecrobot.a(udp.oram)
 .comment       0x000001c2       0x12 ../../ecrobot/../ecrobot/libecrobot.a(twi.oram)
 .comment       0x000001d4       0x12 ../../ecrobot/../ecrobot/libecrobot.a(nxt_spi.oram)
 .comment       0x000001e6       0x12 ../../ecrobot/../ecrobot/libecrobot.a(nxt_motors.oram)
 .comment       0x000001f8       0x12 ../../ecrobot/../ecrobot/libecrobot.a(data_abort.oram)
 .comment       0x0000020a       0x12 ../../ecrobot/../ecrobot/libecrobot.a(display.oram)
 .comment       0x0000021c       0x12 ../../ecrobot/../ecrobot/libecrobot.a(i2c.oram)
 .comment       0x0000022e       0x12 ../../ecrobot/../ecrobot/libecrobot.a(sound.oram)
 .comment       0x00000240       0x12 ../../ecrobot/../ecrobot/libecrobot.a(bt.oram)
 .comment       0x00000252       0x12 ../../ecrobot/../ecrobot/libecrobot.a(nxt_avr.oram)
 .comment       0x00000264       0x12 ../../ecrobot/../ecrobot/libecrobot.a(sensors.oram)
 .comment       0x00000276       0x12 ../../ecrobot/../ecrobot/libecrobot.a(sensors1.oram)
 .comment       0x00000288       0x12 ../../ecrobot/../ecrobot/libecrobot.a(nxt_lcd.oram)
 .comment       0x0000029a       0x12 ../../ecrobot/../ecrobot/libecrobot.a(flash_loader.oram)
 .comment       0x000002ac       0x12 ../../ecrobot/../ecrobot/libecrobot.a(ecrobot_usb.o)
 .comment       0x000002be       0x12 ../../ecrobot/../ecrobot/libecrobot.a(flashprog.oram)
 .comment       0x000002d0       0x12 /cygdrive/C/cygwin/GNUARM/bin/../lib/gcc/arm-elf/4.0.2/thumb/interwork/libgcc.a(_muldi3.o)
 .comment       0x000002e2       0x12 /cygdrive/C/cygwin/GNUARM/bin/../lib/gcc/arm-elf/4.0.2/thumb/interwork/libgcc.a(_divdi3.o)
 .comment       0x000002f4       0x12 /cygdrive/C/cygwin/GNUARM/bin/../lib/gcc/arm-elf/4.0.2/thumb/interwork/libgcc.a(_clz.o)
 .comment       0x00000306       0x12 /cygdrive/C/cygwin/GNUARM/bin/../lib/gcc/arm-elf/4.0.2/../../../../arm-elf/lib/thumb/interwork/libc.a(memcpy.o)
 .comment       0x00000318       0x12 /cygdrive/C/cygwin/GNUARM/bin/../lib/gcc/arm-elf/4.0.2/../../../../arm-elf/lib/thumb/interwork/libc.a(memset.o)
 .comment       0x0000032a       0x12 /cygdrive/C/cygwin/GNUARM/bin/../lib/gcc/arm-elf/4.0.2/../../../../arm-elf/lib/thumb/interwork/libc.a(rand.o)
 .comment       0x0000033c       0x12 /cygdrive/C/cygwin/GNUARM/bin/../lib/gcc/arm-elf/4.0.2/../../../../arm-elf/lib/thumb/interwork/libc.a(strcmp.o)
 .comment       0x0000034e       0x12 /cygdrive/C/cygwin/GNUARM/bin/../lib/gcc/arm-elf/4.0.2/../../../../arm-elf/lib/thumb/interwork/libc.a(strcpy.o)
 .comment       0x00000360       0x12 /cygdrive/C/cygwin/GNUARM/bin/../lib/gcc/arm-elf/4.0.2/../../../../arm-elf/lib/thumb/interwork/libc.a(strlen.o)
 .comment       0x00000372       0x12 /cygdrive/C/cygwin/GNUARM/bin/../lib/gcc/arm-elf/4.0.2/../../../../arm-elf/lib/thumb/interwork/libc.a(strncpy.o)
 .comment       0x00000384       0x12 /cygdrive/C/cygwin/GNUARM/bin/../lib/gcc/arm-elf/4.0.2/../../../../arm-elf/lib/thumb/interwork/libc.a(impure.o)

.debug_line     0x00000000      0xd52
 .debug_line    0x00000000       0x70 /cygdrive/C/cygwin/GNUARM/bin/../lib/gcc/arm-elf/4.0.2/thumb/interwork/libgcc.a(_udivsi3.o)
 .debug_line    0x00000070       0x7c /cygdrive/C/cygwin/GNUARM/bin/../lib/gcc/arm-elf/4.0.2/thumb/interwork/libgcc.a(_divsi3.o)
 .debug_line    0x000000ec       0x68 /cygdrive/C/cygwin/GNUARM/bin/../lib/gcc/arm-elf/4.0.2/thumb/interwork/libgcc.a(_umodsi3.o)
 .debug_line    0x00000154       0x71 /cygdrive/C/cygwin/GNUARM/bin/../lib/gcc/arm-elf/4.0.2/thumb/interwork/libgcc.a(_modsi3.o)
 .debug_line    0x000001c5       0x5a /cygdrive/C/cygwin/GNUARM/bin/../lib/gcc/arm-elf/4.0.2/thumb/interwork/libgcc.a(_dvmd_tls.o)
 .debug_line    0x0000021f      0x162 /cygdrive/C/cygwin/GNUARM/bin/../lib/gcc/arm-elf/4.0.2/thumb/interwork/libgcc.a(_addsubdf3.o)
 .debug_line    0x00000381      0x177 /cygdrive/C/cygwin/GNUARM/bin/../lib/gcc/arm-elf/4.0.2/thumb/interwork/libgcc.a(_muldivdf3.o)
 .debug_line    0x000004f8       0xa4 /cygdrive/C/cygwin/GNUARM/bin/../lib/gcc/arm-elf/4.0.2/thumb/interwork/libgcc.a(_cmpdf2.o)
 .debug_line    0x0000059c       0x61 /cygdrive/C/cygwin/GNUARM/bin/../lib/gcc/arm-elf/4.0.2/thumb/interwork/libgcc.a(_muldi3.o)
 .debug_line    0x000005fd      0x122 /cygdrive/C/cygwin/GNUARM/bin/../lib/gcc/arm-elf/4.0.2/thumb/interwork/libgcc.a(_divdi3.o)
 .debug_line    0x0000071f       0x48 /cygdrive/C/cygwin/GNUARM/bin/../lib/gcc/arm-elf/4.0.2/thumb/interwork/libgcc.a(_clz.o)
 .debug_line    0x00000767       0xc3 /cygdrive/C/cygwin/GNUARM/bin/../lib/gcc/arm-elf/4.0.2/../../../../arm-elf/lib/thumb/interwork/libc.a(memcpy.o)
 .debug_line    0x0000082a       0xd4 /cygdrive/C/cygwin/GNUARM/bin/../lib/gcc/arm-elf/4.0.2/../../../../arm-elf/lib/thumb/interwork/libc.a(memset.o)
 .debug_line    0x000008fe       0xf8 /cygdrive/C/cygwin/GNUARM/bin/../lib/gcc/arm-elf/4.0.2/../../../../arm-elf/lib/thumb/interwork/libc.a(rand.o)
 .debug_line    0x000009f6       0x88 /cygdrive/C/cygwin/GNUARM/bin/../lib/gcc/arm-elf/4.0.2/../../../../arm-elf/lib/thumb/interwork/libc.a(strcmp.o)
 .debug_line    0x00000a7e       0x80 /cygdrive/C/cygwin/GNUARM/bin/../lib/gcc/arm-elf/4.0.2/../../../../arm-elf/lib/thumb/interwork/libc.a(strcpy.o)
 .debug_line    0x00000afe       0xaf /cygdrive/C/cygwin/GNUARM/bin/../lib/gcc/arm-elf/4.0.2/../../../../arm-elf/lib/thumb/interwork/libc.a(strlen.o)
 .debug_line    0x00000bad       0xc2 /cygdrive/C/cygwin/GNUARM/bin/../lib/gcc/arm-elf/4.0.2/../../../../arm-elf/lib/thumb/interwork/libc.a(strncpy.o)
 .debug_line    0x00000c6f       0xe3 /cygdrive/C/cygwin/GNUARM/bin/../lib/gcc/arm-elf/4.0.2/../../../../arm-elf/lib/thumb/interwork/libc.a(impure.o)

.debug_info     0x00000000     0x25d2
 .debug_info    0x00000000       0x6a /cygdrive/C/cygwin/GNUARM/bin/../lib/gcc/arm-elf/4.0.2/thumb/interwork/libgcc.a(_udivsi3.o)
 .debug_info    0x0000006a       0x6a /cygdrive/C/cygwin/GNUARM/bin/../lib/gcc/arm-elf/4.0.2/thumb/interwork/libgcc.a(_divsi3.o)
 .debug_info    0x000000d4       0x6a /cygdrive/C/cygwin/GNUARM/bin/../lib/gcc/arm-elf/4.0.2/thumb/interwork/libgcc.a(_umodsi3.o)
 .debug_info    0x0000013e       0x6a /cygdrive/C/cygwin/GNUARM/bin/../lib/gcc/arm-elf/4.0.2/thumb/interwork/libgcc.a(_modsi3.o)
 .debug_info    0x000001a8       0x6a /cygdrive/C/cygwin/GNUARM/bin/../lib/gcc/arm-elf/4.0.2/thumb/interwork/libgcc.a(_dvmd_tls.o)
 .debug_info    0x00000212       0x69 /cygdrive/C/cygwin/GNUARM/bin/../lib/gcc/arm-elf/4.0.2/thumb/interwork/libgcc.a(_addsubdf3.o)
 .debug_info    0x0000027b       0x69 /cygdrive/C/cygwin/GNUARM/bin/../lib/gcc/arm-elf/4.0.2/thumb/interwork/libgcc.a(_muldivdf3.o)
 .debug_info    0x000002e4       0x69 /cygdrive/C/cygwin/GNUARM/bin/../lib/gcc/arm-elf/4.0.2/thumb/interwork/libgcc.a(_cmpdf2.o)
 .debug_info    0x0000034d      0x20e /cygdrive/C/cygwin/GNUARM/bin/../lib/gcc/arm-elf/4.0.2/thumb/interwork/libgcc.a(_muldi3.o)
 .debug_info    0x0000055b      0x758 /cygdrive/C/cygwin/GNUARM/bin/../lib/gcc/arm-elf/4.0.2/thumb/interwork/libgcc.a(_divdi3.o)
 .debug_info    0x00000cb3       0xc9 /cygdrive/C/cygwin/GNUARM/bin/../lib/gcc/arm-elf/4.0.2/thumb/interwork/libgcc.a(_clz.o)
 .debug_info    0x00000d7c      0x10d /cygdrive/C/cygwin/GNUARM/bin/../lib/gcc/arm-elf/4.0.2/../../../../arm-elf/lib/thumb/interwork/libc.a(memcpy.o)
 .debug_info    0x00000e89      0x111 /cygdrive/C/cygwin/GNUARM/bin/../lib/gcc/arm-elf/4.0.2/../../../../arm-elf/lib/thumb/interwork/libc.a(memset.o)
 .debug_info    0x00000f9a      0x936 /cygdrive/C/cygwin/GNUARM/bin/../lib/gcc/arm-elf/4.0.2/../../../../arm-elf/lib/thumb/interwork/libc.a(rand.o)
 .debug_info    0x000018d0       0xd9 /cygdrive/C/cygwin/GNUARM/bin/../lib/gcc/arm-elf/4.0.2/../../../../arm-elf/lib/thumb/interwork/libc.a(strcmp.o)
 .debug_info    0x000019a9      0x10c /cygdrive/C/cygwin/GNUARM/bin/../lib/gcc/arm-elf/4.0.2/../../../../arm-elf/lib/thumb/interwork/libc.a(strcpy.o)
 .debug_info    0x00001ab5       0xd5 /cygdrive/C/cygwin/GNUARM/bin/../lib/gcc/arm-elf/4.0.2/../../../../arm-elf/lib/thumb/interwork/libc.a(strlen.o)
 .debug_info    0x00001b8a      0x126 /cygdrive/C/cygwin/GNUARM/bin/../lib/gcc/arm-elf/4.0.2/../../../../arm-elf/lib/thumb/interwork/libc.a(strncpy.o)
 .debug_info    0x00001cb0      0x922 /cygdrive/C/cygwin/GNUARM/bin/../lib/gcc/arm-elf/4.0.2/../../../../arm-elf/lib/thumb/interwork/libc.a(impure.o)

.debug_abbrev   0x00000000      0x979
 .debug_abbrev  0x00000000       0x14 /cygdrive/C/cygwin/GNUARM/bin/../lib/gcc/arm-elf/4.0.2/thumb/interwork/libgcc.a(_udivsi3.o)
 .debug_abbrev  0x00000014       0x14 /cygdrive/C/cygwin/GNUARM/bin/../lib/gcc/arm-elf/4.0.2/thumb/interwork/libgcc.a(_divsi3.o)
 .debug_abbrev  0x00000028       0x14 /cygdrive/C/cygwin/GNUARM/bin/../lib/gcc/arm-elf/4.0.2/thumb/interwork/libgcc.a(_umodsi3.o)
 .debug_abbrev  0x0000003c       0x14 /cygdrive/C/cygwin/GNUARM/bin/../lib/gcc/arm-elf/4.0.2/thumb/interwork/libgcc.a(_modsi3.o)
 .debug_abbrev  0x00000050       0x14 /cygdrive/C/cygwin/GNUARM/bin/../lib/gcc/arm-elf/4.0.2/thumb/interwork/libgcc.a(_dvmd_tls.o)
 .debug_abbrev  0x00000064       0x14 /cygdrive/C/cygwin/GNUARM/bin/../lib/gcc/arm-elf/4.0.2/thumb/interwork/libgcc.a(_addsubdf3.o)
 .debug_abbrev  0x00000078       0x14 /cygdrive/C/cygwin/GNUARM/bin/../lib/gcc/arm-elf/4.0.2/thumb/interwork/libgcc.a(_muldivdf3.o)
 .debug_abbrev  0x0000008c       0x14 /cygdrive/C/cygwin/GNUARM/bin/../lib/gcc/arm-elf/4.0.2/thumb/interwork/libgcc.a(_cmpdf2.o)
 .debug_abbrev  0x000000a0       0xec /cygdrive/C/cygwin/GNUARM/bin/../lib/gcc/arm-elf/4.0.2/thumb/interwork/libgcc.a(_muldi3.o)
 .debug_abbrev  0x0000018c      0x174 /cygdrive/C/cygwin/GNUARM/bin/../lib/gcc/arm-elf/4.0.2/thumb/interwork/libgcc.a(_divdi3.o)
 .debug_abbrev  0x00000300       0x61 /cygdrive/C/cygwin/GNUARM/bin/../lib/gcc/arm-elf/4.0.2/thumb/interwork/libgcc.a(_clz.o)
 .debug_abbrev  0x00000361       0x99 /cygdrive/C/cygwin/GNUARM/bin/../lib/gcc/arm-elf/4.0.2/../../../../arm-elf/lib/thumb/interwork/libc.a(memcpy.o)
 .debug_abbrev  0x000003fa       0x9a /cygdrive/C/cygwin/GNUARM/bin/../lib/gcc/arm-elf/4.0.2/../../../../arm-elf/lib/thumb/interwork/libc.a(memset.o)
 .debug_abbrev  0x00000494      0x185 /cygdrive/C/cygwin/GNUARM/bin/../lib/gcc/arm-elf/4.0.2/../../../../arm-elf/lib/thumb/interwork/libc.a(rand.o)
 .debug_abbrev  0x00000619       0x71 /cygdrive/C/cygwin/GNUARM/bin/../lib/gcc/arm-elf/4.0.2/../../../../arm-elf/lib/thumb/interwork/libc.a(strcmp.o)
 .debug_abbrev  0x0000068a       0x80 /cygdrive/C/cygwin/GNUARM/bin/../lib/gcc/arm-elf/4.0.2/../../../../arm-elf/lib/thumb/interwork/libc.a(strcpy.o)
 .debug_abbrev  0x0000070a       0x8b /cygdrive/C/cygwin/GNUARM/bin/../lib/gcc/arm-elf/4.0.2/../../../../arm-elf/lib/thumb/interwork/libc.a(strlen.o)
 .debug_abbrev  0x00000795       0x8d /cygdrive/C/cygwin/GNUARM/bin/../lib/gcc/arm-elf/4.0.2/../../../../arm-elf/lib/thumb/interwork/libc.a(strncpy.o)
 .debug_abbrev  0x00000822      0x157 /cygdrive/C/cygwin/GNUARM/bin/../lib/gcc/arm-elf/4.0.2/../../../../arm-elf/lib/thumb/interwork/libc.a(impure.o)

.debug_aranges  0x00000000      0x220
 .debug_aranges
                0x00000000       0x20 /cygdrive/C/cygwin/GNUARM/bin/../lib/gcc/arm-elf/4.0.2/thumb/interwork/libgcc.a(_udivsi3.o)
 .debug_aranges
                0x00000020       0x20 /cygdrive/C/cygwin/GNUARM/bin/../lib/gcc/arm-elf/4.0.2/thumb/interwork/libgcc.a(_divsi3.o)
 .debug_aranges
                0x00000040       0x20 /cygdrive/C/cygwin/GNUARM/bin/../lib/gcc/arm-elf/4.0.2/thumb/interwork/libgcc.a(_umodsi3.o)
 .debug_aranges
                0x00000060       0x20 /cygdrive/C/cygwin/GNUARM/bin/../lib/gcc/arm-elf/4.0.2/thumb/interwork/libgcc.a(_modsi3.o)
 .debug_aranges
                0x00000080       0x20 /cygdrive/C/cygwin/GNUARM/bin/../lib/gcc/arm-elf/4.0.2/thumb/interwork/libgcc.a(_dvmd_tls.o)
 .debug_aranges
                0x000000a0       0x20 /cygdrive/C/cygwin/GNUARM/bin/../lib/gcc/arm-elf/4.0.2/thumb/interwork/libgcc.a(_addsubdf3.o)
 .debug_aranges
                0x000000c0       0x20 /cygdrive/C/cygwin/GNUARM/bin/../lib/gcc/arm-elf/4.0.2/thumb/interwork/libgcc.a(_muldivdf3.o)
 .debug_aranges
                0x000000e0       0x20 /cygdrive/C/cygwin/GNUARM/bin/../lib/gcc/arm-elf/4.0.2/thumb/interwork/libgcc.a(_cmpdf2.o)
 .debug_aranges
                0x00000100       0x20 /cygdrive/C/cygwin/GNUARM/bin/../lib/gcc/arm-elf/4.0.2/thumb/interwork/libgcc.a(_muldi3.o)
 .debug_aranges
                0x00000120       0x20 /cygdrive/C/cygwin/GNUARM/bin/../lib/gcc/arm-elf/4.0.2/thumb/interwork/libgcc.a(_divdi3.o)
 .debug_aranges
                0x00000140       0x20 /cygdrive/C/cygwin/GNUARM/bin/../lib/gcc/arm-elf/4.0.2/../../../../arm-elf/lib/thumb/interwork/libc.a(memcpy.o)
 .debug_aranges
                0x00000160       0x20 /cygdrive/C/cygwin/GNUARM/bin/../lib/gcc/arm-elf/4.0.2/../../../../arm-elf/lib/thumb/interwork/libc.a(memset.o)
 .debug_aranges
                0x00000180       0x20 /cygdrive/C/cygwin/GNUARM/bin/../lib/gcc/arm-elf/4.0.2/../../../../arm-elf/lib/thumb/interwork/libc.a(rand.o)
 .debug_aranges
                0x000001a0       0x20 /cygdrive/C/cygwin/GNUARM/bin/../lib/gcc/arm-elf/4.0.2/../../../../arm-elf/lib/thumb/interwork/libc.a(strcmp.o)
 .debug_aranges
                0x000001c0       0x20 /cygdrive/C/cygwin/GNUARM/bin/../lib/gcc/arm-elf/4.0.2/../../../../arm-elf/lib/thumb/interwork/libc.a(strcpy.o)
 .debug_aranges
                0x000001e0       0x20 /cygdrive/C/cygwin/GNUARM/bin/../lib/gcc/arm-elf/4.0.2/../../../../arm-elf/lib/thumb/interwork/libc.a(strlen.o)
 .debug_aranges
                0x00000200       0x20 /cygdrive/C/cygwin/GNUARM/bin/../lib/gcc/arm-elf/4.0.2/../../../../arm-elf/lib/thumb/interwork/libc.a(strncpy.o)

.debug_frame    0x00000000      0x1bc
 .debug_frame   0x00000000       0x38 /cygdrive/C/cygwin/GNUARM/bin/../lib/gcc/arm-elf/4.0.2/thumb/interwork/libgcc.a(_muldi3.o)
 .debug_frame   0x00000038       0x3c /cygdrive/C/cygwin/GNUARM/bin/../lib/gcc/arm-elf/4.0.2/thumb/interwork/libgcc.a(_divdi3.o)
 .debug_frame   0x00000074       0x2c /cygdrive/C/cygwin/GNUARM/bin/../lib/gcc/arm-elf/4.0.2/../../../../arm-elf/lib/thumb/interwork/libc.a(memcpy.o)
 .debug_frame   0x000000a0       0x2c /cygdrive/C/cygwin/GNUARM/bin/../lib/gcc/arm-elf/4.0.2/../../../../arm-elf/lib/thumb/interwork/libc.a(memset.o)
 .debug_frame   0x000000cc       0x3c /cygdrive/C/cygwin/GNUARM/bin/../lib/gcc/arm-elf/4.0.2/../../../../arm-elf/lib/thumb/interwork/libc.a(rand.o)
 .debug_frame   0x00000108       0x2c /cygdrive/C/cygwin/GNUARM/bin/../lib/gcc/arm-elf/4.0.2/../../../../arm-elf/lib/thumb/interwork/libc.a(strcmp.o)
 .debug_frame   0x00000134       0x2c /cygdrive/C/cygwin/GNUARM/bin/../lib/gcc/arm-elf/4.0.2/../../../../arm-elf/lib/thumb/interwork/libc.a(strcpy.o)
 .debug_frame   0x00000160       0x2c /cygdrive/C/cygwin/GNUARM/bin/../lib/gcc/arm-elf/4.0.2/../../../../arm-elf/lib/thumb/interwork/libc.a(strlen.o)
 .debug_frame   0x0000018c       0x30 /cygdrive/C/cygwin/GNUARM/bin/../lib/gcc/arm-elf/4.0.2/../../../../arm-elf/lib/thumb/interwork/libc.a(strncpy.o)

.debug_loc      0x00000000     0x13e3
 .debug_loc     0x00000000      0x156 /cygdrive/C/cygwin/GNUARM/bin/../lib/gcc/arm-elf/4.0.2/thumb/interwork/libgcc.a(_muldi3.o)
 .debug_loc     0x00000156      0xd45 /cygdrive/C/cygwin/GNUARM/bin/../lib/gcc/arm-elf/4.0.2/thumb/interwork/libgcc.a(_divdi3.o)
 .debug_loc     0x00000e9b      0x127 /cygdrive/C/cygwin/GNUARM/bin/../lib/gcc/arm-elf/4.0.2/../../../../arm-elf/lib/thumb/interwork/libc.a(memcpy.o)
 .debug_loc     0x00000fc2      0x12a /cygdrive/C/cygwin/GNUARM/bin/../lib/gcc/arm-elf/4.0.2/../../../../arm-elf/lib/thumb/interwork/libc.a(memset.o)
 .debug_loc     0x000010ec       0x23 /cygdrive/C/cygwin/GNUARM/bin/../lib/gcc/arm-elf/4.0.2/../../../../arm-elf/lib/thumb/interwork/libc.a(rand.o)
 .debug_loc     0x0000110f       0x8e /cygdrive/C/cygwin/GNUARM/bin/../lib/gcc/arm-elf/4.0.2/../../../../arm-elf/lib/thumb/interwork/libc.a(strcmp.o)
 .debug_loc     0x0000119d       0xb4 /cygdrive/C/cygwin/GNUARM/bin/../lib/gcc/arm-elf/4.0.2/../../../../arm-elf/lib/thumb/interwork/libc.a(strcpy.o)
 .debug_loc     0x00001251       0x3c /cygdrive/C/cygwin/GNUARM/bin/../lib/gcc/arm-elf/4.0.2/../../../../arm-elf/lib/thumb/interwork/libc.a(strlen.o)
 .debug_loc     0x0000128d      0x156 /cygdrive/C/cygwin/GNUARM/bin/../lib/gcc/arm-elf/4.0.2/../../../../arm-elf/lib/thumb/interwork/libc.a(strncpy.o)

.debug_pubnames
                0x00000000      0x16b
 .debug_pubnames
                0x00000000       0x1f /cygdrive/C/cygwin/GNUARM/bin/../lib/gcc/arm-elf/4.0.2/thumb/interwork/libgcc.a(_muldi3.o)
 .debug_pubnames
                0x0000001f       0x1f /cygdrive/C/cygwin/GNUARM/bin/../lib/gcc/arm-elf/4.0.2/thumb/interwork/libgcc.a(_divdi3.o)
 .debug_pubnames
                0x0000003e       0x20 /cygdrive/C/cygwin/GNUARM/bin/../lib/gcc/arm-elf/4.0.2/thumb/interwork/libgcc.a(_clz.o)
 .debug_pubnames
                0x0000005e       0x1d /cygdrive/C/cygwin/GNUARM/bin/../lib/gcc/arm-elf/4.0.2/../../../../arm-elf/lib/thumb/interwork/libc.a(memcpy.o)
 .debug_pubnames
                0x0000007b       0x1d /cygdrive/C/cygwin/GNUARM/bin/../lib/gcc/arm-elf/4.0.2/../../../../arm-elf/lib/thumb/interwork/libc.a(memset.o)
 .debug_pubnames
                0x00000098       0x25 /cygdrive/C/cygwin/GNUARM/bin/../lib/gcc/arm-elf/4.0.2/../../../../arm-elf/lib/thumb/interwork/libc.a(rand.o)
 .debug_pubnames
                0x000000bd       0x1d /cygdrive/C/cygwin/GNUARM/bin/../lib/gcc/arm-elf/4.0.2/../../../../arm-elf/lib/thumb/interwork/libc.a(strcmp.o)
 .debug_pubnames
                0x000000da       0x1d /cygdrive/C/cygwin/GNUARM/bin/../lib/gcc/arm-elf/4.0.2/../../../../arm-elf/lib/thumb/interwork/libc.a(strcpy.o)
 .debug_pubnames
                0x000000f7       0x1d /cygdrive/C/cygwin/GNUARM/bin/../lib/gcc/arm-elf/4.0.2/../../../../arm-elf/lib/thumb/interwork/libc.a(strlen.o)
 .debug_pubnames
                0x00000114       0x1e /cygdrive/C/cygwin/GNUARM/bin/../lib/gcc/arm-elf/4.0.2/../../../../arm-elf/lib/thumb/interwork/libc.a(strncpy.o)
 .debug_pubnames
                0x00000132       0x39 /cygdrive/C/cygwin/GNUARM/bin/../lib/gcc/arm-elf/4.0.2/../../../../arm-elf/lib/thumb/interwork/libc.a(impure.o)

.debug_ranges   0x00000000      0x1d8
 .debug_ranges  0x00000000       0x30 /cygdrive/C/cygwin/GNUARM/bin/../lib/gcc/arm-elf/4.0.2/thumb/interwork/libgcc.a(_muldi3.o)
 .debug_ranges  0x00000030      0x1a8 /cygdrive/C/cygwin/GNUARM/bin/../lib/gcc/arm-elf/4.0.2/thumb/interwork/libgcc.a(_divdi3.o)

.debug_str      0x00000000      0x82b
 .debug_str     0x00000000       0xfb /cygdrive/C/cygwin/GNUARM/bin/../lib/gcc/arm-elf/4.0.2/thumb/interwork/libgcc.a(_muldi3.o)
                                0x14f (size before relaxing)
 .debug_str     0x000000fb       0x5d /cygdrive/C/cygwin/GNUARM/bin/../lib/gcc/arm-elf/4.0.2/thumb/interwork/libgcc.a(_divdi3.o)
                                0x1a3 (size before relaxing)
 .debug_str     0x00000158        0x0 /cygdrive/C/cygwin/GNUARM/bin/../lib/gcc/arm-elf/4.0.2/thumb/interwork/libgcc.a(_clz.o)
                                0x104 (size before relaxing)
 .debug_str     0x00000158       0xb3 /cygdrive/C/cygwin/GNUARM/bin/../lib/gcc/arm-elf/4.0.2/../../../../arm-elf/lib/thumb/interwork/libc.a(memcpy.o)
                                 0xdf (size before relaxing)
 .debug_str     0x0000020b       0x5a /cygdrive/C/cygwin/GNUARM/bin/../lib/gcc/arm-elf/4.0.2/../../../../arm-elf/lib/thumb/interwork/libc.a(memset.o)
                                0x129 (size before relaxing)
 .debug_str     0x00000265      0x40b /cygdrive/C/cygwin/GNUARM/bin/../lib/gcc/arm-elf/4.0.2/../../../../arm-elf/lib/thumb/interwork/libc.a(rand.o)
                                0x4b6 (size before relaxing)
 .debug_str     0x00000670       0x46 /cygdrive/C/cygwin/GNUARM/bin/../lib/gcc/arm-elf/4.0.2/../../../../arm-elf/lib/thumb/interwork/libc.a(strcmp.o)
                                0x10e (size before relaxing)
 .debug_str     0x000006b6       0x46 /cygdrive/C/cygwin/GNUARM/bin/../lib/gcc/arm-elf/4.0.2/../../../../arm-elf/lib/thumb/interwork/libc.a(strcpy.o)
                                0x130 (size before relaxing)
 .debug_str     0x000006fc       0x4c /cygdrive/C/cygwin/GNUARM/bin/../lib/gcc/arm-elf/4.0.2/../../../../arm-elf/lib/thumb/interwork/libc.a(strlen.o)
                                0x128 (size before relaxing)
 .debug_str     0x00000748       0x48 /cygdrive/C/cygwin/GNUARM/bin/../lib/gcc/arm-elf/4.0.2/../../../../arm-elf/lib/thumb/interwork/libc.a(strncpy.o)
                                0x13f (size before relaxing)
 .debug_str     0x00000790       0x9b /cygdrive/C/cygwin/GNUARM/bin/../lib/gcc/arm-elf/4.0.2/../../../../arm-elf/lib/thumb/interwork/libc.a(impure.o)
                                0x4c5 (size before relaxing)

Cross Reference Table

Symbol                                            File
ActivateTask                                      build/kernel/task_manage.o
                                                  build/./kernel_cfg.o
CancelAlarm                                       build/kernel/alarm.o
ChainTask                                         build/kernel/task_manage.o
ClearEvent                                        build/kernel/event.o
DisableAllInterrupts                              build/kernel/interrupt.o
EnableAllInterrupts                               build/kernel/interrupt.o
ErrorHook                                         ../../ecrobot/../ecrobot/libecrobot.a(osek_hook.o)
                                                  build/kernel/osctl.o
GetActiveApplicationMode                          build/kernel/osctl.o
GetAlarm                                          build/kernel/alarm.o
GetAlarmBase                                      build/kernel/alarm.o
GetEvent                                          build/kernel/event.o
GetResource                                       build/kernel/resource.o
GetTaskID                                         build/kernel/task_manage.o
GetTaskState                                      build/kernel/task_manage.o
ManageState                                       build/./kernel_cfg.o
NXT_COLORSENSOR_PROTOCOLS                         ../../ecrobot/../ecrobot/libecrobot.a(ecrobot_interface.o)
NXT_Entry_Point                                   build/nxt_entry_point.o
                                                  build/nxt_binary_header.o
PostTaskHook                                      ../../ecrobot/../ecrobot/libecrobot.a(osek_hook.o)
                                                  build/config/at91sam7s-gnu/cpu_support.oram
                                                  build/kernel/osctl.o
PreTaskHook                                       ../../ecrobot/../ecrobot/libecrobot.a(osek_hook.o)
                                                  build/config/at91sam7s-gnu/cpu_support.oram
                                                  build/kernel/osctl.o
ReadButtons                                       build/./kernel_cfg.o
ReadColour                                        build/./kernel_cfg.o
ReleaseResource                                   build/kernel/resource.o
ResumeAllInterrupts                               build/kernel/interrupt.o
ResumeOSInterrupts                                build/kernel/interrupt.o
Schedule                                          build/kernel/task_manage.o
SetAbsAlarm                                       build/kernel/alarm.o
SetEvent                                          build/kernel/event.o
SetRelAlarm                                       build/kernel/alarm.o
ShutdownHook                                      ../../ecrobot/../ecrobot/libecrobot.a(osek_hook.o)
                                                  build/kernel/osctl.o
ShutdownOS                                        build/kernel/osctl.o
SignalCounter                                     build/kernel/alarm.o
                                                  build/lineFollower.o
StartOS                                           build/kernel/osctl.o
                                                  build/ecrobot.o
StartupHook                                       ../../ecrobot/../ecrobot/libecrobot.a(osek_hook.o)
                                                  build/kernel/osctl.o
SuspendAllInterrupts                              build/kernel/interrupt.o
SuspendOSInterrupts                               build/kernel/interrupt.o
SysTimerCnt                                       build/./kernel_cfg.o
                                                  build/lineFollower.o
TaskMainManageState                               build/lineFollower.o
                                                  build/./kernel_cfg.o
TaskMainReadButtons                               build/lineFollower.o
                                                  build/./kernel_cfg.o
TaskMainReadColour                                build/lineFollower.o
                                                  build/./kernel_cfg.o
TerminateTask                                     build/kernel/task_manage.o
                                                  build/lineFollower.o
WaitEvent                                         build/kernel/event.o
____floatsidf_change_to_arm                       /cygdrive/C/cygwin/GNUARM/bin/../lib/gcc/arm-elf/4.0.2/../../../../arm-elf/lib/thumb/interwork/libc.a(strncpy.o)
____floatsidf_from_thumb                          /cygdrive/C/cygwin/GNUARM/bin/../lib/gcc/arm-elf/4.0.2/../../../../arm-elf/lib/thumb/interwork/libc.a(strncpy.o)
____gtdf2_change_to_arm                           /cygdrive/C/cygwin/GNUARM/bin/../lib/gcc/arm-elf/4.0.2/../../../../arm-elf/lib/thumb/interwork/libc.a(strncpy.o)
____gtdf2_from_thumb                              /cygdrive/C/cygwin/GNUARM/bin/../lib/gcc/arm-elf/4.0.2/../../../../arm-elf/lib/thumb/interwork/libc.a(strncpy.o)
____muldf3_change_to_arm                          /cygdrive/C/cygwin/GNUARM/bin/../lib/gcc/arm-elf/4.0.2/../../../../arm-elf/lib/thumb/interwork/libc.a(strncpy.o)
____muldf3_from_thumb                             /cygdrive/C/cygwin/GNUARM/bin/../lib/gcc/arm-elf/4.0.2/../../../../arm-elf/lib/thumb/interwork/libc.a(strncpy.o)
__adddf3                                          /cygdrive/C/cygwin/GNUARM/bin/../lib/gcc/arm-elf/4.0.2/thumb/interwork/libgcc.a(_addsubdf3.o)
__aeabi_cdcmpeq                                   /cygdrive/C/cygwin/GNUARM/bin/../lib/gcc/arm-elf/4.0.2/thumb/interwork/libgcc.a(_cmpdf2.o)
__aeabi_cdcmple                                   /cygdrive/C/cygwin/GNUARM/bin/../lib/gcc/arm-elf/4.0.2/thumb/interwork/libgcc.a(_cmpdf2.o)
__aeabi_cdrcmple                                  /cygdrive/C/cygwin/GNUARM/bin/../lib/gcc/arm-elf/4.0.2/thumb/interwork/libgcc.a(_cmpdf2.o)
__aeabi_dadd                                      /cygdrive/C/cygwin/GNUARM/bin/../lib/gcc/arm-elf/4.0.2/thumb/interwork/libgcc.a(_addsubdf3.o)
__aeabi_dcmpeq                                    /cygdrive/C/cygwin/GNUARM/bin/../lib/gcc/arm-elf/4.0.2/thumb/interwork/libgcc.a(_cmpdf2.o)
__aeabi_dcmpge                                    /cygdrive/C/cygwin/GNUARM/bin/../lib/gcc/arm-elf/4.0.2/thumb/interwork/libgcc.a(_cmpdf2.o)
__aeabi_dcmpgt                                    /cygdrive/C/cygwin/GNUARM/bin/../lib/gcc/arm-elf/4.0.2/thumb/interwork/libgcc.a(_cmpdf2.o)
__aeabi_dcmple                                    /cygdrive/C/cygwin/GNUARM/bin/../lib/gcc/arm-elf/4.0.2/thumb/interwork/libgcc.a(_cmpdf2.o)
__aeabi_dcmplt                                    /cygdrive/C/cygwin/GNUARM/bin/../lib/gcc/arm-elf/4.0.2/thumb/interwork/libgcc.a(_cmpdf2.o)
__aeabi_ddiv                                      /cygdrive/C/cygwin/GNUARM/bin/../lib/gcc/arm-elf/4.0.2/thumb/interwork/libgcc.a(_muldivdf3.o)
__aeabi_dmul                                      /cygdrive/C/cygwin/GNUARM/bin/../lib/gcc/arm-elf/4.0.2/thumb/interwork/libgcc.a(_muldivdf3.o)
__aeabi_drsub                                     /cygdrive/C/cygwin/GNUARM/bin/../lib/gcc/arm-elf/4.0.2/thumb/interwork/libgcc.a(_addsubdf3.o)
__aeabi_dsub                                      /cygdrive/C/cygwin/GNUARM/bin/../lib/gcc/arm-elf/4.0.2/thumb/interwork/libgcc.a(_addsubdf3.o)
__aeabi_f2d                                       /cygdrive/C/cygwin/GNUARM/bin/../lib/gcc/arm-elf/4.0.2/thumb/interwork/libgcc.a(_addsubdf3.o)
__aeabi_i2d                                       /cygdrive/C/cygwin/GNUARM/bin/../lib/gcc/arm-elf/4.0.2/thumb/interwork/libgcc.a(_addsubdf3.o)
__aeabi_idiv0                                     /cygdrive/C/cygwin/GNUARM/bin/../lib/gcc/arm-elf/4.0.2/thumb/interwork/libgcc.a(_dvmd_tls.o)
__aeabi_idivmod                                   /cygdrive/C/cygwin/GNUARM/bin/../lib/gcc/arm-elf/4.0.2/thumb/interwork/libgcc.a(_divsi3.o)
__aeabi_l2d                                       /cygdrive/C/cygwin/GNUARM/bin/../lib/gcc/arm-elf/4.0.2/thumb/interwork/libgcc.a(_addsubdf3.o)
__aeabi_ldiv0                                     /cygdrive/C/cygwin/GNUARM/bin/../lib/gcc/arm-elf/4.0.2/thumb/interwork/libgcc.a(_dvmd_tls.o)
__aeabi_ui2d                                      /cygdrive/C/cygwin/GNUARM/bin/../lib/gcc/arm-elf/4.0.2/thumb/interwork/libgcc.a(_addsubdf3.o)
__aeabi_uidivmod                                  /cygdrive/C/cygwin/GNUARM/bin/../lib/gcc/arm-elf/4.0.2/thumb/interwork/libgcc.a(_udivsi3.o)
__aeabi_ul2d                                      /cygdrive/C/cygwin/GNUARM/bin/../lib/gcc/arm-elf/4.0.2/thumb/interwork/libgcc.a(_addsubdf3.o)
__bss_end__                                       build/ecrobot_init.o
__bss_start__                                     build/ecrobot_init.o
__call_posttaskhook_from_arm                      /cygdrive/C/cygwin/GNUARM/bin/../lib/gcc/arm-elf/4.0.2/../../../../arm-elf/lib/thumb/interwork/libc.a(strncpy.o)
__call_pretaskhook_from_arm                       /cygdrive/C/cygwin/GNUARM/bin/../lib/gcc/arm-elf/4.0.2/../../../../arm-elf/lib/thumb/interwork/libc.a(strncpy.o)
__clz_tab                                         /cygdrive/C/cygwin/GNUARM/bin/../lib/gcc/arm-elf/4.0.2/thumb/interwork/libgcc.a(_clz.o)
                                                  /cygdrive/C/cygwin/GNUARM/bin/../lib/gcc/arm-elf/4.0.2/thumb/interwork/libgcc.a(_divdi3.o)
__cmpdf2                                          /cygdrive/C/cygwin/GNUARM/bin/../lib/gcc/arm-elf/4.0.2/thumb/interwork/libgcc.a(_cmpdf2.o)
__ctor_begin                                      build/ecrobot_base.o
__ctor_end                                        build/ecrobot_base.o
__data_load_end__                                 build/ecrobot_init.o
__data_load_start__                               build/ecrobot_init.o
__data_ram_start__                                build/ecrobot_init.o